Archive member included to satisfy reference by file (symbol)

C:/nxp/MCUXpressoIDE_25.6.136/ide/plugins/com.nxp.mcuxpresso.tools.win32_25.6.0.202501151204/tools/bin/../lib/gcc/arm-none-eabi/14.2.1/../../../../arm-none-eabi/lib/thumb/v6-m/nofp\libcr_nohost_nf.a(_cr__main.o)
                              ./startup/startup_mkl25z4.o (__main)
C:/nxp/MCUXpressoIDE_25.6.136/ide/plugins/com.nxp.mcuxpresso.tools.win32_25.6.0.202501151204/tools/bin/../lib/gcc/arm-none-eabi/14.2.1/../../../../arm-none-eabi/lib/thumb/v6-m/nofp\libcr_c.a(memcpy.o)
                              ./drivers/fsl_flash.o (memcpy)
C:/nxp/MCUXpressoIDE_25.6.136/ide/plugins/com.nxp.mcuxpresso.tools.win32_25.6.0.202501151204/tools/bin/../lib/gcc/arm-none-eabi/14.2.1/../../../../arm-none-eabi/lib/thumb/v6-m/nofp\libcr_c.a(memset.o)
                              ./source/MKL25Z4_Proiect_MP.o (memset)
C:/nxp/MCUXpressoIDE_25.6.136/ide/plugins/com.nxp.mcuxpresso.tools.win32_25.6.0.202501151204/tools/bin/../lib/gcc/arm-none-eabi/14.2.1/../../../../arm-none-eabi/lib/thumb/v6-m/nofp\libcr_c.a(initio.o)
                              C:/nxp/MCUXpressoIDE_25.6.136/ide/plugins/com.nxp.mcuxpresso.tools.win32_25.6.0.202501151204/tools/bin/../lib/gcc/arm-none-eabi/14.2.1/../../../../arm-none-eabi/lib/thumb/v6-m/nofp\libcr_nohost_nf.a(_cr__main.o) (_initio)
C:/nxp/MCUXpressoIDE_25.6.136/ide/plugins/com.nxp.mcuxpresso.tools.win32_25.6.0.202501151204/tools/bin/../lib/gcc/arm-none-eabi/14.2.1/../../../../arm-none-eabi/lib/thumb/v6-m/nofp\libcr_c.a(printf.o)
                              ./source/MKL25Z4_Proiect_MP.o (_snprintf)
C:/nxp/MCUXpressoIDE_25.6.136/ide/plugins/com.nxp.mcuxpresso.tools.win32_25.6.0.202501151204/tools/bin/../lib/gcc/arm-none-eabi/14.2.1/../../../../arm-none-eabi/lib/thumb/v6-m/nofp\libcr_c.a(scanf.o)
                              ./source/MKL25Z4_Proiect_MP.o (atoi)
C:/nxp/MCUXpressoIDE_25.6.136/ide/plugins/com.nxp.mcuxpresso.tools.win32_25.6.0.202501151204/tools/bin/../lib/gcc/arm-none-eabi/14.2.1/../../../../arm-none-eabi/lib/thumb/v6-m/nofp\libcr_c.a(setvbuf.o)
                              C:/nxp/MCUXpressoIDE_25.6.136/ide/plugins/com.nxp.mcuxpresso.tools.win32_25.6.0.202501151204/tools/bin/../lib/gcc/arm-none-eabi/14.2.1/../../../../arm-none-eabi/lib/thumb/v6-m/nofp\libcr_c.a(initio.o) (setvbuf)
C:/nxp/MCUXpressoIDE_25.6.136/ide/plugins/com.nxp.mcuxpresso.tools.win32_25.6.0.202501151204/tools/bin/../lib/gcc/arm-none-eabi/14.2.1/../../../../arm-none-eabi/lib/thumb/v6-m/nofp\libcr_c.a(stdlib.o)
                              ./source/MKL25Z4_Proiect_MP.o (rand)
C:/nxp/MCUXpressoIDE_25.6.136/ide/plugins/com.nxp.mcuxpresso.tools.win32_25.6.0.202501151204/tools/bin/../lib/gcc/arm-none-eabi/14.2.1/../../../../arm-none-eabi/lib/thumb/v6-m/nofp\libcr_c.a(strchr.o)
                              ./source/MKL25Z4_Proiect_MP.o (strchr)
C:/nxp/MCUXpressoIDE_25.6.136/ide/plugins/com.nxp.mcuxpresso.tools.win32_25.6.0.202501151204/tools/bin/../lib/gcc/arm-none-eabi/14.2.1/../../../../arm-none-eabi/lib/thumb/v6-m/nofp\libcr_c.a(strcpy.o)
                              ./source/MKL25Z4_Proiect_MP.o (strcpy)
C:/nxp/MCUXpressoIDE_25.6.136/ide/plugins/com.nxp.mcuxpresso.tools.win32_25.6.0.202501151204/tools/bin/../lib/gcc/arm-none-eabi/14.2.1/../../../../arm-none-eabi/lib/thumb/v6-m/nofp\libcr_c.a(strlen.o)
                              ./utilities/fsl_debug_console.o (strlen)
C:/nxp/MCUXpressoIDE_25.6.136/ide/plugins/com.nxp.mcuxpresso.tools.win32_25.6.0.202501151204/tools/bin/../lib/gcc/arm-none-eabi/14.2.1/../../../../arm-none-eabi/lib/thumb/v6-m/nofp\libcr_c.a(ungetc.o)
                              C:/nxp/MCUXpressoIDE_25.6.136/ide/plugins/com.nxp.mcuxpresso.tools.win32_25.6.0.202501151204/tools/bin/../lib/gcc/arm-none-eabi/14.2.1/../../../../arm-none-eabi/lib/thumb/v6-m/nofp\libcr_c.a(scanf.o) (ungetc)
C:/nxp/MCUXpressoIDE_25.6.136/ide/plugins/com.nxp.mcuxpresso.tools.win32_25.6.0.202501151204/tools/bin/../lib/gcc/arm-none-eabi/14.2.1/../../../../arm-none-eabi/lib/thumb/v6-m/nofp\libcr_c.a(__fillbuf.o)
                              C:/nxp/MCUXpressoIDE_25.6.136/ide/plugins/com.nxp.mcuxpresso.tools.win32_25.6.0.202501151204/tools/bin/../lib/gcc/arm-none-eabi/14.2.1/../../../../arm-none-eabi/lib/thumb/v6-m/nofp\libcr_c.a(scanf.o) (__filbuf)
C:/nxp/MCUXpressoIDE_25.6.136/ide/plugins/com.nxp.mcuxpresso.tools.win32_25.6.0.202501151204/tools/bin/../lib/gcc/arm-none-eabi/14.2.1/../../../../arm-none-eabi/lib/thumb/v6-m/nofp\libcr_c.a(_deferredlazyseek.o)
                              C:/nxp/MCUXpressoIDE_25.6.136/ide/plugins/com.nxp.mcuxpresso.tools.win32_25.6.0.202501151204/tools/bin/../lib/gcc/arm-none-eabi/14.2.1/../../../../arm-none-eabi/lib/thumb/v6-m/nofp\libcr_c.a(__fillbuf.o) (_deferredlazyseek)
C:/nxp/MCUXpressoIDE_25.6.136/ide/plugins/com.nxp.mcuxpresso.tools.win32_25.6.0.202501151204/tools/bin/../lib/gcc/arm-none-eabi/14.2.1/../../../../arm-none-eabi/lib/thumb/v6-m/nofp\libcr_c.a(_fdopen.o)
[...]
Memory Configuration

Name             Origin             Length             Attributes
PROGRAM_FLASH    0x00000000         0x00020000         xr
SRAM             0x1ffff000         0x00004000         xrw
*default*        0x00000000         0xffffffff

Linker script and memory map

LOAD ./utilities/fsl_debug_console.o
LOAD ./startup/startup_mkl25z4.o
LOAD ./source/MKL25Z4_Proiect_MP.o
LOAD ./source/mtb.o
LOAD ./source/semihost_hardfault.o
LOAD ./source/st7735_simple.o
LOAD ./drivers/fsl_adc16.o
LOAD ./drivers/fsl_clock.o
LOAD ./drivers/fsl_common.o
LOAD ./drivers/fsl_flash.o
LOAD ./drivers/fsl_gpio.o
LOAD ./drivers/fsl_lpsci.o
LOAD ./drivers/fsl_smc.o
LOAD ./drivers/fsl_spi.o
LOAD ./drivers/fsl_tpm.o
LOAD ./drivers/fsl_uart.o
LOAD ./board/board.o
LOAD ./board/clock_config.o
LOAD ./board/peripherals.o
LOAD ./board/pin_mux.o
LOAD ./CMSIS/system_MKL25Z4.o
START GROUP
LOAD C:/nxp/MCUXpressoIDE_25.6.136/ide/plugins/com.nxp.mcuxpresso.tools.win32_25.6.0.202501151204/tools/bin/../lib/gcc/arm-none-eabi/14.2.1/../../../../arm-none-eabi/lib/thumb/v6-m/nofp\libcr_nohost_nf.a
LOAD C:/nxp/MCUXpressoIDE_25.6.136/ide/plugins/com.nxp.mcuxpresso.tools.win32_25.6.0.202501151204/tools/bin/../lib/gcc/arm-none-eabi/14.2.1/../../../../arm-none-eabi/lib/thumb/v6-m/nofp\libcr_c.a
LOAD C:/nxp/MCUXpressoIDE_25.6.136/ide/plugins/com.nxp.mcuxpresso.tools.win32_25.6.0.202501151204/tools/bin/../lib/gcc/arm-none-eabi/14.2.1/thumb/v6-m/nofp\libcr_eabihelpers.a
LOAD C:/nxp/MCUXpressoIDE_25.6.136/ide/plugins/com.nxp.mcuxpresso.tools.win32_25.6.0.202501151204/tools/bin/../lib/gcc/arm-none-eabi/14.2.1/thumb/v6-m/nofp\libgcc.a
END GROUP
                0x00000000                        __base_PROGRAM_FLASH = 0x0
                0x00000000                        __base_Flash = 0x0
                0x00020000                        __top_PROGRAM_FLASH = 0x20000
                0x00020000                        __top_Flash = 0x20000
                0x1ffff000                        __base_SRAM = 0x1ffff000
                0x1ffff000                        __base_RAM = 0x1ffff000
                0x20003000                        __top_SRAM = 0x20003000
                0x20003000                        __top_RAM = 0x20003000

.text           0x00000000     0xbeac
 FILL mask 0xff
                0x00000000                        __vectors_start__ = ABSOLUTE (.)
 *(SORT_BY_ALIGNMENT(.isr_vector))
 .isr_vector    0x00000000       0xc0 ./startup/startup_mkl25z4.o
                0x00000000                g_pfnVectors
                0x00000000                __Vectors
                0x000000c0                        . = ALIGN (0x4)
                0x000000c0                        __section_table_start = .
                0x000000c0                        __data_section_table = .
                0x000000c0        0x4 LONG 0xbeac LOADADDR (.data)
                0x000000c4        0x4 LONG 0x1ffff080 ADDR (.data)
                0x000000c8        0x4 LONG 0xfc SIZEOF (.data)
                0x000000cc                        __data_section_table_end = .
                0x000000cc                        __bss_section_table = .
                0x000000cc        0x4 LONG 0x1ffff17c ADDR (.bss)
                0x000000d0        0x4 LONG 0x360 SIZEOF (.bss)
                0x000000d4                        __bss_section_table_end = .
                0x000000d4                        __section_table_end = .
 *(SORT_BY_ALIGNMENT(.after_vectors*))
 .after_vectors.reset
                0x000000d4       0x4c ./startup/startup_mkl25z4.o
                0x000000d4                ResetISR
 .after_vectors.init_data
                0x00000120       0x12 ./startup/startup_mkl25z4.o
                0x00000120                data_init
 .after_vectors.init_bss
                0x00000132       0x10 ./startup/startup_mkl25z4.o
                0x00000132                bss_init
 .after_vectors
                0x00000142      0x10c ./startup/startup_mkl25z4.o
                0x00000142                NMI_Handler
                0x00000146                SVC_Handler
                0x00000148                PendSV_Handler
                0x0000014c                LPTMR0_DriverIRQHandler
                0x0000014c                DMA0_DriverIRQHandler
                0x0000014c                I2C0_DriverIRQHandler
                0x0000014c                Reserved39_DriverIRQHandler
                0x0000014c                PORTD_DriverIRQHandler
                0x0000014c                DMA2_DriverIRQHandler
                0x0000014c                CMP0_DriverIRQHandler
                0x0000014c                TPM2_DriverIRQHandler
                0x0000014c                ADC0_DriverIRQHandler
                0x0000014c                TSI0_DriverIRQHandler
                0x0000014c                RTC_Seconds_DriverIRQHandler
                0x0000014c                I2C1_DriverIRQHandler
                0x0000014c                DMA1_DriverIRQHandler
                0x0000014c                LLWU_DriverIRQHandler
                0x0000014c                MCG_DriverIRQHandler
                0x0000014c                PIT_DriverIRQHandler
                0x0000014c                RTC_DriverIRQHandler
                0x0000014c                TPM1_DriverIRQHandler
                0x0000014c                FTFA_DriverIRQHandler
                0x0000014c                IntDefaultHandler
                0x0000014c                USB0_DriverIRQHandler
                0x0000014c                DAC0_DriverIRQHandler
                0x0000014c                LVD_LVW_DriverIRQHandler
                0x0000014c                TPM0_DriverIRQHandler
                0x0000014c                PORTA_DriverIRQHandler
                0x0000014c                Reserved45_DriverIRQHandler
                0x0000014c                Reserved20_DriverIRQHandler
                0x0000014c                DMA3_DriverIRQHandler
                0x0000014e                DMA0_IRQHandler
                0x00000156                DMA1_IRQHandler
                0x0000015e                DMA2_IRQHandler
                0x00000166                DMA3_IRQHandler
                0x0000016e                Reserved20_IRQHandler
                0x00000176                FTFA_IRQHandler
                0x0000017e                LVD_LVW_IRQHandler
                0x00000186                LLWU_IRQHandler
                0x0000018e                I2C0_IRQHandler
                0x00000196                I2C1_IRQHandler
                0x0000019e                SPI0_IRQHandler
                0x000001a6                SPI1_IRQHandler
                0x000001ae                UART0_IRQHandler
                0x000001b6                UART1_IRQHandler
                0x000001be                UART2_IRQHandler
                0x000001c6                ADC0_IRQHandler
                0x000001ce                CMP0_IRQHandler
                0x000001de                TPM1_IRQHandler
                0x000001e6                TPM2_IRQHandler
                0x000001ee                RTC_IRQHandler
                0x000001f6                RTC_Seconds_IRQHandler
                0x00000206                Reserved39_IRQHandler
                0x0000020e                USB0_IRQHandler
                0x00000216                DAC0_IRQHandler
                0x0000021e                TSI0_IRQHandler
                0x00000226                MCG_IRQHandler
                0x0000022e                LPTMR0_IRQHandler
                0x00000236                Reserved45_IRQHandler
                0x00000400                        . = 0x400
 *fill*         0x0000024e      0x1b2 ff
                0x00000400                        PROVIDE (__FLASH_CONFIG_START__ = .)
 *(SORT_BY_ALIGNMENT(.FlashConfig))
 .FlashConfig   0x00000400       0x10 ./startup/startup_mkl25z4.o
                0x00000400                Flash_Config
                0x00000410                        PROVIDE (__FLASH_CONFIG_END__ = .)
                0x00000001                        ASSERT (! ((__FLASH_CONFIG_START__ == __FLASH_CONFIG_END__)), Linker Flash Config Support Enabled, but no .FlashConfig section provided within application)
 *(SORT_BY_ALIGNMENT(.text*))
 .text.DbgConsole_Init
                0x00000410       0xf4 ./utilities/fsl_debug_console.o
                0x00000410                DbgConsole_Init
 .text.DbgConsole_Printf
                0x00000504       0x44 ./utilities/fsl_debug_console.o
                0x00000504                DbgConsole_Printf
 .text.DbgConsole_Putchar
                0x00000548       0x34 ./utilities/fsl_debug_console.o
                0x00000548                DbgConsole_Putchar
 .text.NVIC_EnableIRQ
                0x0000057c       0x2c ./source/MKL25Z4_Proiect_MP.o
 .text.NVIC_ClearPendingIRQ
                0x000005a8       0x30 ./source/MKL25Z4_Proiect_MP.o
 .text.NVIC_SetPriority
                0x000005d8       0xdc ./source/MKL25Z4_Proiect_MP.o
 .text.SysTick_Config
                0x000006b4       0x48 ./source/MKL25Z4_Proiect_MP.o
 .text.CLOCK_EnableClock
                0x000006fc       0x34 ./source/MKL25Z4_Proiect_MP.o
 .text.CLOCK_SetTpmClock
                0x00000730       0x38 ./source/MKL25Z4_Proiect_MP.o
 .text.ADC16_GetChannelConversionValue
                0x00000768       0x30 ./source/MKL25Z4_Proiect_MP.o
 .text.PORT_SetPinMux
                0x00000798       0x40 ./source/MKL25Z4_Proiect_MP.o
 .text.PORT_SetPinInterruptConfig
                0x000007d8       0x40 ./source/MKL25Z4_Proiect_MP.o
 .text.SysTick_Handler
                0x00000818       0x18 ./source/MKL25Z4_Proiect_MP.o
                0x00000818                SysTick_Handler
 .text.Timer_Init
                0x00000830       0x30 ./source/MKL25Z4_Proiect_MP.o
                0x00000830                Timer_Init
 .text.Timer_GetMs
                0x00000860       0x14 ./source/MKL25Z4_Proiect_MP.o
                0x00000860                Timer_GetMs
 .text.delay_ms
                0x00000874       0x30 ./source/MKL25Z4_Proiect_MP.o
                0x00000874                delay_ms
 .text.PIT_Init
                0x000008a4       0xf8 ./source/MKL25Z4_Proiect_MP.o
                0x000008a4                PIT_Init
 .text.PIT_IRQHandler
                0x0000099c       0x54 ./source/MKL25Z4_Proiect_MP.o
                0x0000099c                PIT_IRQHandler
 .text.LED_Arcade_Init
                0x000009f0       0xec ./source/MKL25Z4_Proiect_MP.o
                0x000009f0                LED_Arcade_Init
 .text.LED_GoalFlash
                0x00000adc       0x9c ./source/MKL25Z4_Proiect_MP.o
                0x00000adc                LED_GoalFlash
 .text.LED_BothFlash
                0x00000b78       0x9c ./source/MKL25Z4_Proiect_MP.o
                0x00000b78                LED_BothFlash
 .text.LED_AlternatingFlash
                0x00000c14       0x9c ./source/MKL25Z4_Proiect_MP.o
                0x00000c14                LED_AlternatingFlash
 .text.LED_VictoryPulse
                0x00000cb0       0x94 ./source/MKL25Z4_Proiect_MP.o
                0x00000cb0                LED_VictoryPulse
 .text.Buzzer_Init
                0x00000d44       0x70 ./source/MKL25Z4_Proiect_MP.o
                0x00000d44                Buzzer_Init
 .text.Buzzer_Tone
                0x00000db4       0xa4 ./source/MKL25Z4_Proiect_MP.o
                0x00000db4                Buzzer_Tone
 .text.Buzzer_Off
                0x00000e58       0x14 ./source/MKL25Z4_Proiect_MP.o
                0x00000e58                Buzzer_Off
 .text.Buzzer_GoalSound
                0x00000e6c       0x54 ./source/MKL25Z4_Proiect_MP.o
                0x00000e6c                Buzzer_GoalSound
 .text.Buzzer_StartSound
                0x00000ec0       0x3c ./source/MKL25Z4_Proiect_MP.o
                0x00000ec0                Buzzer_StartSound
 .text.Buzzer_GameOverSound
                0x00000efc       0x48 ./source/MKL25Z4_Proiect_MP.o
                0x00000efc                Buzzer_GameOverSound
 .text.GetInputName
                0x00000f44       0x60 ./source/MKL25Z4_Proiect_MP.o
                0x00000f44                GetInputName
 .text.IsInputAvailable
                0x00000fa4       0x6c ./source/MKL25Z4_Proiect_MP.o
                0x00000fa4                IsInputAvailable
 .text.UI_PrintStats
                0x00001010       0xa4 ./source/MKL25Z4_Proiect_MP.o
                0x00001010                UI_PrintStats
 .text.PORTD_IRQHandler
                0x000010b4       0x6c ./source/MKL25Z4_Proiect_MP.o
                0x000010b4                PORTD_IRQHandler
 .text.Joystick_ReadADC
                0x00001120       0x58 ./source/MKL25Z4_Proiect_MP.o
 .text.Joystick_Init
                0x00001178       0xb8 ./source/MKL25Z4_Proiect_MP.o
                0x00001178                Joystick_Init
 .text.Joystick_Process
                0x00001230       0x64 ./source/MKL25Z4_Proiect_MP.o
                0x00001230                Joystick_Process
 .text.Joystick_GetMenuAction
                0x00001294       0x64 ./source/MKL25Z4_Proiect_MP.o
                0x00001294                Joystick_GetMenuAction
 .text.Joystick_GetY_Percent
                0x000012f8       0x14 ./source/MKL25Z4_Proiect_MP.o
                0x000012f8                Joystick_GetY_Percent
 .text.TPM0_IRQHandler
                0x0000130c       0x70 ./source/MKL25Z4_Proiect_MP.o
                0x0000130c                TPM0_IRQHandler
 .text.PORTA_IRQHandler
                0x0000137c       0x7c ./source/MKL25Z4_Proiect_MP.o
                0x0000137c                PORTA_IRQHandler
 .text.IR_DecodeNEC
                0x000013f8      0x148 ./source/MKL25Z4_Proiect_MP.o
                0x000013f8                IR_DecodeNEC
 .text.IR_Init  0x00001540       0x78 ./source/MKL25Z4_Proiect_MP.o
                0x00001540                IR_Init
 .text.TPM0_Init
                0x000015b8       0x4c ./source/MKL25Z4_Proiect_MP.o
                0x000015b8                TPM0_Init
 .text.IR_GetMenuAction
                0x00001604       0xe0 ./source/MKL25Z4_Proiect_MP.o
                0x00001604                IR_GetMenuAction
 .text.IR_ProcessGameInput
                0x000016e4      0x108 ./source/MKL25Z4_Proiect_MP.o
                0x000016e4                IR_ProcessGameInput
 .text.IR_GetCurrentDirection
                0x000017ec       0x14 ./source/MKL25Z4_Proiect_MP.o
                0x000017ec                IR_GetCurrentDirection
 .text.IR_ResetGameState
                0x00001800       0x3c ./source/MKL25Z4_Proiect_MP.o
                0x00001800                IR_ResetGameState
 .text.IR_CheckPauseOnly
                0x0000183c       0x94 ./source/MKL25Z4_Proiect_MP.o
                0x0000183c                IR_CheckPauseOnly
 .text.IR_IsPausePressed
                0x000018d0       0xa4 ./source/MKL25Z4_Proiect_MP.o
                0x000018d0                IR_IsPausePressed
 .text.Gyro_Init
                0x00001974       0x90 ./source/MKL25Z4_Proiect_MP.o
                0x00001974                Gyro_Init
 .text.Gyro_Check_UART_Data
                0x00001a04       0xa8 ./source/MKL25Z4_Proiect_MP.o
                0x00001a04                Gyro_Check_UART_Data
 .text.Map_Angle_To_Paddle
                0x00001aac       0xa4 ./source/MKL25Z4_Proiect_MP.o
                0x00001aac                Map_Angle_To_Paddle
 .text.Gyro_GetCompassDir
                0x00001b50      0x138 ./source/MKL25Z4_Proiect_MP.o
                0x00001b50                Gyro_GetCompassDir
 .text.Gyro_Process_Data
                0x00001c88      0x140 ./source/MKL25Z4_Proiect_MP.o
                0x00001c88                Gyro_Process_Data
 .text.Gyro_GetPaddleY
                0x00001dc8       0x14 ./source/MKL25Z4_Proiect_MP.o
                0x00001dc8                Gyro_GetPaddleY
 .text.Gyro_IsActive
                0x00001ddc       0x28 ./source/MKL25Z4_Proiect_MP.o
                0x00001ddc                Gyro_IsActive
 .text.AI_PredictBallY
                0x00001e04      0x108 ./source/MKL25Z4_Proiect_MP.o
                0x00001e04                AI_PredictBallY
 .text.AI_UpdatePaddle
                0x00001f0c      0x314 ./source/MKL25Z4_Proiect_MP.o
                0x00001f0c                AI_UpdatePaddle
 .text.Game_Init
                0x00002220      0x174 ./source/MKL25Z4_Proiect_MP.o
                0x00002220                Game_Init
 .text.Game_DrawField
                0x00002394       0x80 ./source/MKL25Z4_Proiect_MP.o
                0x00002394                Game_DrawField
 .text.Game_DrawScore
                0x00002414       0xb4 ./source/MKL25Z4_Proiect_MP.o
                0x00002414                Game_DrawScore
 .text.Game_DrawPaddle
                0x000024c8      0x170 ./source/MKL25Z4_Proiect_MP.o
                0x000024c8                Game_DrawPaddle
 .text.Game_RedrawCenterLine
                0x00002638       0x48 ./source/MKL25Z4_Proiect_MP.o
                0x00002638                Game_RedrawCenterLine
 .text.Game_DrawBall
                0x00002680       0xf4 ./source/MKL25Z4_Proiect_MP.o
                0x00002680                Game_DrawBall
 .text.Game_ResetBall
                0x00002774       0xa8 ./source/MKL25Z4_Proiect_MP.o
                0x00002774                Game_ResetBall
 .text.Game_Update
                0x0000281c      0x740 ./source/MKL25Z4_Proiect_MP.o
                0x0000281c                Game_Update
 .text.Game_Start
                0x00002f5c      0x2c4 ./source/MKL25Z4_Proiect_MP.o
                0x00002f5c                Game_Start
 .text.DrawTitle
                0x00003220       0x40 ./source/MKL25Z4_Proiect_MP.o
                0x00003220                DrawTitle
 .text.DrawMenuItem
                0x00003260      0x100 ./source/MKL25Z4_Proiect_MP.o
                0x00003260                DrawMenuItem
 .text.DrawInputMenuItem
                0x00003360      0x214 ./source/MKL25Z4_Proiect_MP.o
                0x00003360                DrawInputMenuItem
 .text.DrawBackOption
                0x00003574       0xb8 ./source/MKL25Z4_Proiect_MP.o
                0x00003574                DrawBackOption
 .text.DrawMainScreen
                0x0000362c      0x108 ./source/MKL25Z4_Proiect_MP.o
                0x0000362c                DrawMainScreen
 .text.DrawStartScreen
                0x00003734       0x68 ./source/MKL25Z4_Proiect_MP.o
                0x00003734                DrawStartScreen
 .text.DrawSelectInputScreen
                0x0000379c      0x118 ./source/MKL25Z4_Proiect_MP.o
                0x0000379c                DrawSelectInputScreen
 .text.DrawSelectP1Screen
                0x000038b4       0x94 ./source/MKL25Z4_Proiect_MP.o
                0x000038b4                DrawSelectP1Screen
 .text.DrawSelectP2Screen
                0x00003948       0x94 ./source/MKL25Z4_Proiect_MP.o
                0x00003948                DrawSelectP2Screen
 .text.DrawDifficultyScreen
                0x000039dc      0x124 ./source/MKL25Z4_Proiect_MP.o
                0x000039dc                DrawDifficultyScreen
 .text.DrawGameOverScreen
                0x00003b00      0x1e0 ./source/MKL25Z4_Proiect_MP.o
                0x00003b00                DrawGameOverScreen
 .text.DrawPausedScreen
                0x00003ce0      0x118 ./source/MKL25Z4_Proiect_MP.o
                0x00003ce0                DrawPausedScreen
 .text.DrawBMOFace
                0x00003df8      0x1ac ./source/MKL25Z4_Proiect_MP.o
                0x00003df8                DrawBMOFace
 .text.PlayIntroAnimation
                0x00003fa4     0x1018 ./source/MKL25Z4_Proiect_MP.o
                0x00003fa4                PlayIntroAnimation
 .text.DrawCurrentScreen
                0x00004fbc       0xac ./source/MKL25Z4_Proiect_MP.o
                0x00004fbc                DrawCurrentScreen
 .text.Menu_MoveUp
                0x00005068       0x3c ./source/MKL25Z4_Proiect_MP.o
                0x00005068                Menu_MoveUp
 .text.Menu_MoveDown
                0x000050a4       0x38 ./source/MKL25Z4_Proiect_MP.o
                0x000050a4                Menu_MoveDown
 .text.ChangeScreen
                0x000050dc       0x34 ./source/MKL25Z4_Proiect_MP.o
                0x000050dc                ChangeScreen
 .text.Menu_Select
                0x00005110      0x2e0 ./source/MKL25Z4_Proiect_MP.o
                0x00005110                Menu_Select
 .text.ProcessGameInput
                0x000053f0      0x1cc ./source/MKL25Z4_Proiect_MP.o
                0x000053f0                ProcessGameInput
 .text.main     0x000055bc      0x2fc ./source/MKL25Z4_Proiect_MP.o
                0x000055bc                main
 .text.HardFault_Handler
                0x000058b8       0x38 ./source/semihost_hardfault.o
                0x000058b8                HardFault_Handler
 .text.CLOCK_EnableClock
                0x000058f0       0x34 ./source/st7735_simple.o
 .text.PORT_SetPinMux
                0x00005924       0x40 ./source/st7735_simple.o
 .text.delay_ms
                0x00005964       0x30 ./source/st7735_simple.o
 .text.SPI_WriteByteFast
                0x00005994       0x44 ./source/st7735_simple.o
 .text.WriteCommand
                0x000059d8       0x34 ./source/st7735_simple.o
 .text.WriteData
                0x00005a0c       0x34 ./source/st7735_simple.o
 .text.SetWindow
                0x00005a40       0xb0 ./source/st7735_simple.o
 .text.ST7735_Init
                0x00005af0      0x38c ./source/st7735_simple.o
                0x00005af0                ST7735_Init
 .text.ST7735_DrawPixel
                0x00005e7c       0xa0 ./source/st7735_simple.o
                0x00005e7c                ST7735_DrawPixel
 .text.ST7735_FillRect
                0x00005f1c      0x1c4 ./source/st7735_simple.o
                0x00005f1c                ST7735_FillRect
 .text.ST7735_DrawHLine
                0x000060e0      0x14c ./source/st7735_simple.o
                0x000060e0                ST7735_DrawHLine
 .text.ST7735_DrawVLine
                0x0000622c      0x150 ./source/st7735_simple.o
                0x0000622c                ST7735_DrawVLine
 .text.ST7735_DrawChar
                0x0000637c      0x218 ./source/st7735_simple.o
                0x0000637c                ST7735_DrawChar
 .text.CLOCK_EnableClock
                0x00006594       0x34 ./drivers/fsl_adc16.o
 .text.ADC16_GetInstance
                0x000065c8       0x48 ./drivers/fsl_adc16.o
 .text.ADC16_Init
                0x00006610      0x114 ./drivers/fsl_adc16.o
                0x00006610                ADC16_Init
 .text.ADC16_GetDefaultConfig
                0x00006724       0x58 ./drivers/fsl_adc16.o
                0x00006724                ADC16_GetDefaultConfig
 .text.ADC16_SetChannelConfig
                0x0000677c       0x6c ./drivers/fsl_adc16.o
                0x0000677c                ADC16_SetChannelConfig
 .text.ADC16_GetChannelStatusFlags
                0x000067e8       0x40 ./drivers/fsl_adc16.o
                0x000067e8                ADC16_GetChannelStatusFlags
 .text.CLOCK_SetEr32kClock
                0x00006828       0x34 ./drivers/fsl_clock.o
 .text.CLOCK_SetPllFllSelClock
                0x0000685c       0x38 ./drivers/fsl_clock.o
 .text.CLOCK_GetMcgExtClkFreq
                0x00006894       0x28 ./drivers/fsl_clock.o
 .text.CLOCK_GetFllExtRefClkFreq
                0x000068bc       0xa8 ./drivers/fsl_clock.o
 .text.CLOCK_GetInternalRefClkSelectFreq
                0x00006964       0x40 ./drivers/fsl_clock.o
 .text.CLOCK_GetFllRefClkFreq
                0x000069a4       0x2c ./drivers/fsl_clock.o
 .text.CLOCK_GetOscRangeFromFreq
                0x000069d0       0x4c ./drivers/fsl_clock.o
 .text.CLOCK_GetOsc0ErClkFreq
                0x00006a1c       0x3c ./drivers/fsl_clock.o
                0x00006a1c                CLOCK_GetOsc0ErClkFreq
 .text.CLOCK_GetEr32kClkFreq
                0x00006a58       0x78 ./drivers/fsl_clock.o
                0x00006a58                CLOCK_GetEr32kClkFreq
 .text.CLOCK_GetPllFllSelClkFreq
                0x00006ad0       0x4c ./drivers/fsl_clock.o
                0x00006ad0                CLOCK_GetPllFllSelClkFreq
 .text.CLOCK_GetFreq
                0x00006b1c       0xe0 ./drivers/fsl_clock.o
                0x00006b1c                CLOCK_GetFreq
 .text.CLOCK_SetSimConfig
                0x00006bfc       0x38 ./drivers/fsl_clock.o
                0x00006bfc                CLOCK_SetSimConfig
 .text.CLOCK_GetOutClkFreq
                0x00006c34       0x78 ./drivers/fsl_clock.o
                0x00006c34                CLOCK_GetOutClkFreq
 .text.CLOCK_GetFllFreq
                0x00006cac       0x84 ./drivers/fsl_clock.o
                0x00006cac                CLOCK_GetFllFreq
 .text.CLOCK_GetInternalRefClkFreq
                0x00006d30       0x28 ./drivers/fsl_clock.o
                0x00006d30                CLOCK_GetInternalRefClkFreq
 .text.CLOCK_GetPll0Freq
                0x00006d58       0x70 ./drivers/fsl_clock.o
                0x00006d58                CLOCK_GetPll0Freq
 .text.CLOCK_SetInternalRefClkConfig
                0x00006dc8      0x124 ./drivers/fsl_clock.o
                0x00006dc8                CLOCK_SetInternalRefClkConfig
 .text.CLOCK_EnablePll0
                0x00006eec       0x94 ./drivers/fsl_clock.o
                0x00006eec                CLOCK_EnablePll0
 .text.CLOCK_InitOsc0
                0x00006f80       0x94 ./drivers/fsl_clock.o
                0x00006f80                CLOCK_InitOsc0
 .text.CLOCK_SetPbeMode
                0x00007014       0xb0 ./drivers/fsl_clock.o
                0x00007014                CLOCK_SetPbeMode
 .text.CLOCK_BootToPeeMode
                0x000070c4       0x70 ./drivers/fsl_clock.o
                0x000070c4                CLOCK_BootToPeeMode
 .text.__assertion_failed
                0x00007134       0x1c ./drivers/fsl_common.o
                0x00007134                __assertion_failed
 .text.GPIO_PinInit
                0x00007150       0x64 ./drivers/fsl_gpio.o
                0x00007150                GPIO_PinInit
 .text.CLOCK_EnableClock
                0x000071b4       0x34 ./drivers/fsl_lpsci.o
 .text.LPSCI_GetInstance
                0x000071e8       0x48 ./drivers/fsl_lpsci.o
                0x000071e8                LPSCI_GetInstance
 .text.LPSCI_Init
                0x00007230      0x258 ./drivers/fsl_lpsci.o
                0x00007230                LPSCI_Init
 .text.LPSCI_GetDefaultConfig
                0x00007488       0x44 ./drivers/fsl_lpsci.o
                0x00007488                LPSCI_GetDefaultConfig
 .text.LPSCI_ClearStatusFlags
                0x000074cc       0x94 ./drivers/fsl_lpsci.o
                0x000074cc                LPSCI_ClearStatusFlags
 .text.LPSCI_WriteBlocking
                0x00007560       0x4c ./drivers/fsl_lpsci.o
                0x00007560                LPSCI_WriteBlocking
 .text.LPSCI_ReadBlocking
                0x000075ac       0xc0 ./drivers/fsl_lpsci.o
                0x000075ac                LPSCI_ReadBlocking
 .text.UART0_DriverIRQHandler
                0x0000766c       0x24 ./drivers/fsl_lpsci.o
                0x0000766c                UART0_DriverIRQHandler
 .text.CLOCK_EnableClock
                0x00007690       0x34 ./drivers/fsl_spi.o
 .text.SPI_GetInstance
                0x000076c4       0x4c ./drivers/fsl_spi.o
                0x000076c4                SPI_GetInstance
 .text.SPI_MasterGetDefaultConfig
                0x00007710       0x44 ./drivers/fsl_spi.o
                0x00007710                SPI_MasterGetDefaultConfig
 .text.SPI_MasterInit
                0x00007754      0x114 ./drivers/fsl_spi.o
                0x00007754                SPI_MasterInit
 .text.SPI_CommonIRQHandler
                0x00007868       0x54 ./drivers/fsl_spi.o
 .text.SPI0_DriverIRQHandler
                0x000078bc       0x30 ./drivers/fsl_spi.o
                0x000078bc                SPI0_DriverIRQHandler
 .text.SPI1_DriverIRQHandler
                0x000078ec       0x30 ./drivers/fsl_spi.o
                0x000078ec                SPI1_DriverIRQHandler
 .text.CLOCK_EnableClock
                0x0000791c       0x34 ./drivers/fsl_uart.o
 .text.UART_GetInstance
                0x00007950       0x54 ./drivers/fsl_uart.o
                0x00007950                UART_GetInstance
 .text.UART_Init
                0x000079a4      0x1e0 ./drivers/fsl_uart.o
                0x000079a4                UART_Init
 .text.UART_GetDefaultConfig
                0x00007b84       0x44 ./drivers/fsl_uart.o
                0x00007b84                UART_GetDefaultConfig
 .text.UART_DisableInterrupts
                0x00007bc8       0x64 ./drivers/fsl_uart.o
                0x00007bc8                UART_DisableInterrupts
 .text.UART_ClearStatusFlags
                0x00007c2c       0x7c ./drivers/fsl_uart.o
                0x00007c2c                UART_ClearStatusFlags
 .text.UART_ReadBlocking
                0x00007ca8       0x98 ./drivers/fsl_uart.o
                0x00007ca8                UART_ReadBlocking
 .text.UART1_DriverIRQHandler
                0x00007d40       0x24 ./drivers/fsl_uart.o
                0x00007d40                UART1_DriverIRQHandler
 .text.UART2_DriverIRQHandler
                0x00007d64       0x24 ./drivers/fsl_uart.o
                0x00007d64                UART2_DriverIRQHandler
 .text.CLOCK_SetLpsci0Clock
                0x00007d88       0x38 ./board/board.o
 .text.BOARD_InitDebugConsole
                0x00007dc0       0x30 ./board/board.o
                0x00007dc0                BOARD_InitDebugConsole
 .text.CLOCK_SetSimSafeDivs
                0x00007df0       0x20 ./board/clock_config.o
 .text.CLOCK_SetXtal0Freq
                0x00007e10       0x1c ./board/clock_config.o
 .text.CLOCK_CONFIG_SetFllExtRefDiv
                0x00007e2c       0x3c ./board/clock_config.o
 .text.BOARD_BootClockRUN
                0x00007e68       0x64 ./board/clock_config.o
                0x00007e68                BOARD_BootClockRUN
 .text.CLOCK_EnableClock
                0x00007ecc       0x34 ./board/pin_mux.o
 .text.PORT_SetPinMux
                0x00007f00       0x40 ./board/pin_mux.o
 .text.BOARD_InitPins
                0x00007f40       0x4c ./board/pin_mux.o
                0x00007f40                BOARD_InitPins
 .text.SystemInit
                0x00007f8c       0x18 ./CMSIS/system_MKL25Z4.o
                0x00007f8c                SystemInit
 .text._initio  0x00007fa4       0x7c C:/nxp/MCUXpressoIDE_25.6.136/ide/plugins/com.nxp.mcuxpresso.tools.win32_25.6.0.202501151204/tools/bin/../lib/gcc/arm-none-eabi/14.2.1/../../../../arm-none-eabi/lib/thumb/v6-m/nofp\libcr_c.a(initio.o)
                0x00007fa4                _initio
 .text.__vfprintf
                0x00008020      0xd50 C:/nxp/MCUXpressoIDE_25.6.136/ide/plugins/com.nxp.mcuxpresso.tools.win32_25.6.0.202501151204/tools/bin/../lib/gcc/arm-none-eabi/14.2.1/../../../../arm-none-eabi/lib/thumb/v6-m/nofp\libcr_c.a(printf.o)
                0x00008020                __vfprintf
 .text._snprintf
                0x00008d70       0x7c C:/nxp/MCUXpressoIDE_25.6.136/ide/plugins/com.nxp.mcuxpresso.tools.win32_25.6.0.202501151204/tools/bin/../lib/gcc/arm-none-eabi/14.2.1/../../../../arm-none-eabi/lib/thumb/v6-m/nofp\libcr_c.a(printf.o)
                0x00008d70                _snprintf
 .text.ch_val   0x00008dec       0x2c C:/nxp/MCUXpressoIDE_25.6.136/ide/plugins/com.nxp.mcuxpresso.tools.win32_25.6.0.202501151204/tools/bin/../lib/gcc/arm-none-eabi/14.2.1/../../../../arm-none-eabi/lib/thumb/v6-m/nofp\libcr_c.a(scanf.o)
 .text._strtoul
                0x00008e18       0xd8 C:/nxp/MCUXpressoIDE_25.6.136/ide/plugins/com.nxp.mcuxpresso.tools.win32_25.6.0.202501151204/tools/bin/../lib/gcc/arm-none-eabi/14.2.1/../../../../arm-none-eabi/lib/thumb/v6-m/nofp\libcr_c.a(scanf.o)
 .text.strtol   0x00008ef0       0x90 C:/nxp/MCUXpressoIDE_25.6.136/ide/plugins/com.nxp.mcuxpresso.tools.win32_25.6.0.202501151204/tools/bin/../lib/gcc/arm-none-eabi/14.2.1/../../../../arm-none-eabi/lib/thumb/v6-m/nofp\libcr_c.a(scanf.o)
                0x00008ef0                strtol
 .text.atoi     0x00008f80       0x18 C:/nxp/MCUXpressoIDE_25.6.136/ide/plugins/com.nxp.mcuxpresso.tools.win32_25.6.0.202501151204/tools/bin/../lib/gcc/arm-none-eabi/14.2.1/../../../../arm-none-eabi/lib/thumb/v6-m/nofp\libcr_c.a(scanf.o)
                0x00008f80                atoi
 .text.setvbuf  0x00008f98       0x4c C:/nxp/MCUXpressoIDE_25.6.136/ide/plugins/com.nxp.mcuxpresso.tools.win32_25.6.0.202501151204/tools/bin/../lib/gcc/arm-none-eabi/14.2.1/../../../../arm-none-eabi/lib/thumb/v6-m/nofp\libcr_c.a(setvbuf.o)
                0x00008f98                setvbuf
 .text.rand     0x00008fe4       0x44 C:/nxp/MCUXpressoIDE_25.6.136/ide/plugins/com.nxp.mcuxpresso.tools.win32_25.6.0.202501151204/tools/bin/../lib/gcc/arm-none-eabi/14.2.1/../../../../arm-none-eabi/lib/thumb/v6-m/nofp\libcr_c.a(stdlib.o)
                0x00008fe4                rand
 .text.srand    0x00009028       0x40 C:/nxp/MCUXpressoIDE_25.6.136/ide/plugins/com.nxp.mcuxpresso.tools.win32_25.6.0.202501151204/tools/bin/../lib/gcc/arm-none-eabi/14.2.1/../../../../arm-none-eabi/lib/thumb/v6-m/nofp\libcr_c.a(stdlib.o)
                0x00009028                srand
 .text.strcpy   0x00009068       0x44 C:/nxp/MCUXpressoIDE_25.6.136/ide/plugins/com.nxp.mcuxpresso.tools.win32_25.6.0.202501151204/tools/bin/../lib/gcc/arm-none-eabi/14.2.1/../../../../arm-none-eabi/lib/thumb/v6-m/nofp\libcr_c.a(strcpy.o)
                0x00009068                strcpy
 .text.strlen   0x000090ac       0x5c C:/nxp/MCUXpressoIDE_25.6.136/ide/plugins/com.nxp.mcuxpresso.tools.win32_25.6.0.202501151204/tools/bin/../lib/gcc/arm-none-eabi/14.2.1/../../../../arm-none-eabi/lib/thumb/v6-m/nofp\libcr_c.a(strlen.o)
                0x000090ac                strlen
 .text._deferredlazyseek
                0x00009108       0x44 C:/nxp/MCUXpressoIDE_25.6.136/ide/plugins/com.nxp.mcuxpresso.tools.win32_25.6.0.202501151204/tools/bin/../lib/gcc/arm-none-eabi/14.2.1/../../../../arm-none-eabi/lib/thumb/v6-m/nofp\libcr_c.a(_deferredlazyseek.o)
                0x00009108                _deferredlazyseek
 .text.__flsbuf
                0x0000914c      0x130 C:/nxp/MCUXpressoIDE_25.6.136/ide/plugins/com.nxp.mcuxpresso.tools.win32_25.6.0.202501151204/tools/bin/../lib/gcc/arm-none-eabi/14.2.1/../../../../arm-none-eabi/lib/thumb/v6-m/nofp\libcr_c.a(_deferredlazyseek.o)
                0x0000914c                __flsbuf
 .text._fdopen  0x0000927c       0x74 C:/nxp/MCUXpressoIDE_25.6.136/ide/plugins/com.nxp.mcuxpresso.tools.win32_25.6.0.202501151204/tools/bin/../lib/gcc/arm-none-eabi/14.2.1/../../../../arm-none-eabi/lib/thumb/v6-m/nofp\libcr_c.a(_fdopen.o)
                0x0000927c                _fdopen
 .text._fflush  0x000092f0       0x5c C:/nxp/MCUXpressoIDE_25.6.136/ide/plugins/com.nxp.mcuxpresso.tools.win32_25.6.0.202501151204/tools/bin/../lib/gcc/arm-none-eabi/14.2.1/../../../../arm-none-eabi/lib/thumb/v6-m/nofp\libcr_c.a(_fflush.o)
                0x000092f0                _fflush
 .text._Cwritebuf
                0x0000934c       0x68 C:/nxp/MCUXpressoIDE_25.6.136/ide/plugins/com.nxp.mcuxpresso.tools.win32_25.6.0.202501151204/tools/bin/../lib/gcc/arm-none-eabi/14.2.1/../../../../arm-none-eabi/lib/thumb/v6-m/nofp\libcr_c.a(_writebuf.o)
                0x0000934c                _Cwritebuf
 .text.malloc   0x000093b4       0xd4 C:/nxp/MCUXpressoIDE_25.6.136/ide/plugins/com.nxp.mcuxpresso.tools.win32_25.6.0.202501151204/tools/bin/../lib/gcc/arm-none-eabi/14.2.1/../../../../arm-none-eabi/lib/thumb/v6-m/nofp\libcr_c.a(alloc.o)
                0x000093b4                malloc
 .text._Csys_alloc
                0x00009488       0x20 C:/nxp/MCUXpressoIDE_25.6.136/ide/plugins/com.nxp.mcuxpresso.tools.win32_25.6.0.202501151204/tools/bin/../lib/gcc/arm-none-eabi/14.2.1/../../../../arm-none-eabi/lib/thumb/v6-m/nofp\libcr_c.a(alloc.o)
                0x00009488                _Csys_alloc
 .text.fclose   0x000094a8       0x5c C:/nxp/MCUXpressoIDE_25.6.136/ide/plugins/com.nxp.mcuxpresso.tools.win32_25.6.0.202501151204/tools/bin/../lib/gcc/arm-none-eabi/14.2.1/../../../../arm-none-eabi/lib/thumb/v6-m/nofp\libcr_c.a(fclose.o)
                0x000094a8                fclose
 .text.fflush   0x00009504       0x40 C:/nxp/MCUXpressoIDE_25.6.136/ide/plugins/com.nxp.mcuxpresso.tools.win32_25.6.0.202501151204/tools/bin/../lib/gcc/arm-none-eabi/14.2.1/../../../../arm-none-eabi/lib/thumb/v6-m/nofp\libcr_c.a(fflush.o)
                0x00009504                fflush
 .text.fseek    0x00009544       0xec C:/nxp/MCUXpressoIDE_25.6.136/ide/plugins/com.nxp.mcuxpresso.tools.win32_25.6.0.202501151204/tools/bin/../lib/gcc/arm-none-eabi/14.2.1/../../../../arm-none-eabi/lib/thumb/v6-m/nofp\libcr_c.a(fseek.o)
                0x00009544                fseek
 .text.ftell    0x00009630       0x4c C:/nxp/MCUXpressoIDE_25.6.136/ide/plugins/com.nxp.mcuxpresso.tools.win32_25.6.0.202501151204/tools/bin/../lib/gcc/arm-none-eabi/14.2.1/../../../../arm-none-eabi/lib/thumb/v6-m/nofp\libcr_c.a(ftell.o)
                0x00009630                ftell
 .text._sbrk    0x0000967c       0x40 C:/nxp/MCUXpressoIDE_25.6.136/ide/plugins/com.nxp.mcuxpresso.tools.win32_25.6.0.202501151204/tools/bin/../lib/gcc/arm-none-eabi/14.2.1/../../../../arm-none-eabi/lib/thumb/v6-m/nofp\libcr_c.a(_cr_sbrk.o)
                0x0000967c                _sbrk
 .text._do_fflush
                0x000096bc       0x48 C:/nxp/MCUXpressoIDE_25.6.136/ide/plugins/com.nxp.mcuxpresso.tools.win32_25.6.0.202501151204/tools/bin/../lib/gcc/arm-none-eabi/14.2.1/../../../../arm-none-eabi/lib/thumb/v6-m/nofp\libcr_c.a(_do_fflush.o)
                0x000096bc                _do_fflush
 .text.__check_heap_overflow
                0x00009704       0x18 C:/nxp/MCUXpressoIDE_25.6.136/ide/plugins/com.nxp.mcuxpresso.tools.win32_25.6.0.202501151204/tools/bin/../lib/gcc/arm-none-eabi/14.2.1/../../../../arm-none-eabi/lib/thumb/v6-m/nofp\libcr_c.a(_cr_check_heap.o)
                0x00009704                __check_heap_overflow
 .text.__aeabi_fmul
                0x0000971c       0xcc C:/nxp/MCUXpressoIDE_25.6.136/ide/plugins/com.nxp.mcuxpresso.tools.win32_25.6.0.202501151204/tools/bin/../lib/gcc/arm-none-eabi/14.2.1/thumb/v6-m/nofp\libcr_eabihelpers.a(float.o)
                0x0000971c                __aeabi_fmul
 .text.__aeabi_fdiv
                0x000097e8       0xf0 C:/nxp/MCUXpressoIDE_25.6.136/ide/plugins/com.nxp.mcuxpresso.tools.win32_25.6.0.202501151204/tools/bin/../lib/gcc/arm-none-eabi/14.2.1/thumb/v6-m/nofp\libcr_eabihelpers.a(float.o)
                0x000097e8                __aeabi_fdiv
 .text.__aeabi_fsub
                0x000098d8      0x124 C:/nxp/MCUXpressoIDE_25.6.136/ide/plugins/com.nxp.mcuxpresso.tools.win32_25.6.0.202501151204/tools/bin/../lib/gcc/arm-none-eabi/14.2.1/thumb/v6-m/nofp\libcr_eabihelpers.a(float.o)
                0x000098d8                __aeabi_fsub
 .text.__aeabi_fadd
                0x000099fc       0xb0 C:/nxp/MCUXpressoIDE_25.6.136/ide/plugins/com.nxp.mcuxpresso.tools.win32_25.6.0.202501151204/tools/bin/../lib/gcc/arm-none-eabi/14.2.1/thumb/v6-m/nofp\libcr_eabihelpers.a(float.o)
                0x000099fc                __aeabi_fadd
 .text.__aeabi_f2iz
                0x00009aac       0x34 C:/nxp/MCUXpressoIDE_25.6.136/ide/plugins/com.nxp.mcuxpresso.tools.win32_25.6.0.202501151204/tools/bin/../lib/gcc/arm-none-eabi/14.2.1/thumb/v6-m/nofp\libcr_eabihelpers.a(float.o)
                0x00009aac                __aeabi_f2iz
 .text.__aeabi_f2d
                0x00009ae0       0x40 C:/nxp/MCUXpressoIDE_25.6.136/ide/plugins/com.nxp.mcuxpresso.tools.win32_25.6.0.202501151204/tools/bin/../lib/gcc/arm-none-eabi/14.2.1/thumb/v6-m/nofp\libcr_eabihelpers.a(float.o)
                0x00009ae0                __aeabi_f2d
 .text.UART_EnableTx
                0x00009b20       0x40 ./utilities/fsl_debug_console.o
 .text.UART_EnableRx
                0x00009b60       0x40 ./utilities/fsl_debug_console.o
 .text.LPSCI_EnableTx
                0x00009ba0       0x40 ./utilities/fsl_debug_console.o
 .text.LPSCI_EnableRx
                0x00009be0       0x40 ./utilities/fsl_debug_console.o
 .text.DbgConsole_PrintfPaddingCharacter
                0x00009c20       0x48 ./utilities/fsl_debug_console.o
 .text.DbgConsole_ConvertRadixNumToString
                0x00009c68      0x114 ./utilities/fsl_debug_console.o
 .text.DbgConsole_PrintfFormattedData
                0x00009d7c      0x33a ./utilities/fsl_debug_console.o
 .text.EnableIRQ
                0x0000a0b6       0x2c ./source/MKL25Z4_Proiect_MP.o
 .text.GPIO_SetPinsOutput
                0x0000a0e2       0x18 ./source/MKL25Z4_Proiect_MP.o
 .text.GPIO_ClearPinsOutput
                0x0000a0fa       0x18 ./source/MKL25Z4_Proiect_MP.o
 .text.GPIO_TogglePinsOutput
                0x0000a112       0x18 ./source/MKL25Z4_Proiect_MP.o
 .text.UART_ReadByte
                0x0000a12a       0x16 ./source/MKL25Z4_Proiect_MP.o
 .text.PORT_GetPinsInterruptFlags
                0x0000a140       0x16 ./source/MKL25Z4_Proiect_MP.o
 .text.PORT_ClearPinsInterruptFlags
                0x0000a156       0x1a ./source/MKL25Z4_Proiect_MP.o
 .text.IsCPUInput
                0x0000a170       0x3a ./source/MKL25Z4_Proiect_MP.o
                0x0000a170                IsCPUInput
 .text.ProcessMenuInput
                0x0000a1aa       0x60 ./source/MKL25Z4_Proiect_MP.o
                0x0000a1aa                ProcessMenuInput
 .text.SPI_Enable
                0x0000a20a       0x40 ./source/st7735_simple.o
 .text.ST7735_FillScreen
                0x0000a24a       0x26 ./source/st7735_simple.o
                0x0000a24a                ST7735_FillScreen
 .text.ST7735_DrawRect
                0x0000a270       0xb8 ./source/st7735_simple.o
                0x0000a270                ST7735_DrawRect
 .text.ST7735_DrawString
                0x0000a328       0x74 ./source/st7735_simple.o
                0x0000a328                ST7735_DrawString
 .text.ST7735_DrawStringScaled
                0x0000a39c       0x98 ./source/st7735_simple.o
                0x0000a39c                ST7735_DrawStringScaled
 .text.ST7735_DrawStringCentered
                0x0000a434       0x8e ./source/st7735_simple.o
                0x0000a434                ST7735_DrawStringCentered
 .text.ADC16_DoAutoCalibration
                0x0000a4c2      0x118 ./drivers/fsl_adc16.o
                0x0000a4c2                ADC16_DoAutoCalibration
 .text.ADC16_GetStatusFlags
                0x0000a5da       0x3a ./drivers/fsl_adc16.o
                0x0000a5da                ADC16_GetStatusFlags
 .text.OSC_SetExtRefClkConfig
                0x0000a614       0x3e ./drivers/fsl_clock.o
 .text.OSC_SetCapLoad
                0x0000a652       0x42 ./drivers/fsl_clock.o
 .text.CLOCK_GetPll0RefFreq
                0x0000a694       0x10 ./drivers/fsl_clock.o
 .text.CLOCK_GetFixedFreqClkFreq
                0x0000a6a4       0x30 ./drivers/fsl_clock.o
                0x0000a6a4                CLOCK_GetFixedFreqClkFreq
 .text.CLOCK_SetExternalRefClkConfig
                0x0000a6d4       0x16 ./drivers/fsl_clock.o
                0x0000a6d4                CLOCK_SetExternalRefClkConfig
 .text.GPIO_WritePinOutput
                0x0000a6ea       0x34 ./drivers/fsl_gpio.o
 .text.LPSCI_GetStatusFlags
                0x0000a71e       0x26 ./drivers/fsl_lpsci.o
                0x0000a71e                LPSCI_GetStatusFlags
 .text.SPI_MasterSetBaudRate
                0x0000a744       0xb8 ./drivers/fsl_spi.o
                0x0000a744                SPI_MasterSetBaudRate
 .text.UART_GetStatusFlags
                0x0000a7fc       0x26 ./drivers/fsl_uart.o
                0x0000a7fc                UART_GetStatusFlags
 .text.UART_WriteBlocking
                0x0000a822       0x3c ./drivers/fsl_uart.o
                0x0000a822                UART_WriteBlocking
 .text.BOARD_InitBootClocks
                0x0000a85e        0xe ./board/clock_config.o
                0x0000a85e                BOARD_InitBootClocks
 .text.BOARD_InitBootPeripherals
                0x0000a86c        0xa ./board/peripherals.o
                0x0000a86c                BOARD_InitBootPeripherals
 .text.BOARD_InitBootPins
                0x0000a876        0xe ./board/pin_mux.o
                0x0000a876                BOARD_InitBootPins
 .text.__main   0x0000a884        0xc C:/nxp/MCUXpressoIDE_25.6.136/ide/plugins/com.nxp.mcuxpresso.tools.win32_25.6.0.202501151204/tools/bin/../lib/gcc/arm-none-eabi/14.2.1/../../../../arm-none-eabi/lib/thumb/v6-m/nofp\libcr_nohost_nf.a(_cr__main.o)
                0x0000a884                __main
 .text.memset   0x0000a890        0x8 C:/nxp/MCUXpressoIDE_25.6.136/ide/plugins/com.nxp.mcuxpresso.tools.win32_25.6.0.202501151204/tools/bin/../lib/gcc/arm-none-eabi/14.2.1/../../../../arm-none-eabi/lib/thumb/v6-m/nofp\libcr_c.a(memset.o)
                0x0000a890                memset
 .text.no_fp_display
                0x0000a898        0x4 C:/nxp/MCUXpressoIDE_25.6.136/ide/plugins/com.nxp.mcuxpresso.tools.win32_25.6.0.202501151204/tools/bin/../lib/gcc/arm-none-eabi/14.2.1/../../../../arm-none-eabi/lib/thumb/v6-m/nofp\libcr_c.a(printf.o)
 .text.abs      0x0000a89c        0x8 C:/nxp/MCUXpressoIDE_25.6.136/ide/plugins/com.nxp.mcuxpresso.tools.win32_25.6.0.202501151204/tools/bin/../lib/gcc/arm-none-eabi/14.2.1/../../../../arm-none-eabi/lib/thumb/v6-m/nofp\libcr_c.a(stdlib.o)
                0x0000a89c                abs
 .text.strchr   0x0000a8a4       0x14 C:/nxp/MCUXpressoIDE_25.6.136/ide/plugins/com.nxp.mcuxpresso.tools.win32_25.6.0.202501151204/tools/bin/../lib/gcc/arm-none-eabi/14.2.1/../../../../arm-none-eabi/lib/thumb/v6-m/nofp\libcr_c.a(strchr.o)
                0x0000a8a4                strchr
 .text.free     0x0000a8b8       0x2c C:/nxp/MCUXpressoIDE_25.6.136/ide/plugins/com.nxp.mcuxpresso.tools.win32_25.6.0.202501151204/tools/bin/../lib/gcc/arm-none-eabi/14.2.1/../../../../arm-none-eabi/lib/thumb/v6-m/nofp\libcr_c.a(alloc.o)
                0x0000a8b8                free
 .text.remove   0x0000a8e4       0x12 C:/nxp/MCUXpressoIDE_25.6.136/ide/plugins/com.nxp.mcuxpresso.tools.win32_25.6.0.202501151204/tools/bin/../lib/gcc/arm-none-eabi/14.2.1/../../../../arm-none-eabi/lib/thumb/v6-m/nofp\libcr_c.a(remove.o)
                0x0000a8e4                remove
 .text.__aeabi_division_idivmod
                0x0000a8f6       0x78 C:/nxp/MCUXpressoIDE_25.6.136/ide/plugins/com.nxp.mcuxpresso.tools.win32_25.6.0.202501151204/tools/bin/../lib/gcc/arm-none-eabi/14.2.1/thumb/v6-m/nofp\libcr_eabihelpers.a(division_32.o)
                0x0000a8f6                __aeabi_idivmod
                0x0000a8f6                __aeabi_idiv
                0x0000a8fc                __aeabi_uidivmod
                0x0000a8fc                __aeabi_uidiv
 .text.__aeabi_division_idiv0
                0x0000a96e        0x2 C:/nxp/MCUXpressoIDE_25.6.136/ide/plugins/com.nxp.mcuxpresso.tools.win32_25.6.0.202501151204/tools/bin/../lib/gcc/arm-none-eabi/14.2.1/thumb/v6-m/nofp\libcr_eabihelpers.a(division_idiv0.o)
                0x0000a96e                __aeabi_idiv0
 .text.__bhs_ui2f
                0x0000a970       0x60 C:/nxp/MCUXpressoIDE_25.6.136/ide/plugins/com.nxp.mcuxpresso.tools.win32_25.6.0.202501151204/tools/bin/../lib/gcc/arm-none-eabi/14.2.1/thumb/v6-m/nofp\libcr_eabihelpers.a(float.o)
                0x0000a970                __bhs_ui2f
 .text.__aeabi_i2f
                0x0000a9d0       0x18 C:/nxp/MCUXpressoIDE_25.6.136/ide/plugins/com.nxp.mcuxpresso.tools.win32_25.6.0.202501151204/tools/bin/../lib/gcc/arm-none-eabi/14.2.1/thumb/v6-m/nofp\libcr_eabihelpers.a(float.o)
                0x0000a9d0                __aeabi_i2f
 .text.__aeabi_ui2f
                0x0000a9e8        0xc C:/nxp/MCUXpressoIDE_25.6.136/ide/plugins/com.nxp.mcuxpresso.tools.win32_25.6.0.202501151204/tools/bin/../lib/gcc/arm-none-eabi/14.2.1/thumb/v6-m/nofp\libcr_eabihelpers.a(float.o)
                0x0000a9e8                __aeabi_ui2f
 .text.__aeabi_fcmplt
                0x0000a9f4       0x42 C:/nxp/MCUXpressoIDE_25.6.136/ide/plugins/com.nxp.mcuxpresso.tools.win32_25.6.0.202501151204/tools/bin/../lib/gcc/arm-none-eabi/14.2.1/thumb/v6-m/nofp\libcr_eabihelpers.a(float.o)
                0x0000a9f4                __aeabi_fcmplt
 .text.__aeabi_fcmpgt
                0x0000aa36       0x3c C:/nxp/MCUXpressoIDE_25.6.136/ide/plugins/com.nxp.mcuxpresso.tools.win32_25.6.0.202501151204/tools/bin/../lib/gcc/arm-none-eabi/14.2.1/thumb/v6-m/nofp\libcr_eabihelpers.a(float.o)
                0x0000aa36                __aeabi_fcmpgt
 .text.__aeabi_fcmpge
                0x0000aa72       0x42 C:/nxp/MCUXpressoIDE_25.6.136/ide/plugins/com.nxp.mcuxpresso.tools.win32_25.6.0.202501151204/tools/bin/../lib/gcc/arm-none-eabi/14.2.1/thumb/v6-m/nofp\libcr_eabihelpers.a(float.o)
                0x0000aa72                __aeabi_fcmpge
 .text.__aeabi_llong_lmul
                0x0000aab4       0x2e C:/nxp/MCUXpressoIDE_25.6.136/ide/plugins/com.nxp.mcuxpresso.tools.win32_25.6.0.202501151204/tools/bin/../lib/gcc/arm-none-eabi/14.2.1/thumb/v6-m/nofp\libcr_eabihelpers.a(llong.o)
                0x0000aab4                __aeabi_lmul
 .text.__aeabi_memset_lowlevel
                0x0000aae2       0x2a C:/nxp/MCUXpressoIDE_25.6.136/ide/plugins/com.nxp.mcuxpresso.tools.win32_25.6.0.202501151204/tools/bin/../lib/gcc/arm-none-eabi/14.2.1/thumb/v6-m/nofp\libcr_eabihelpers.a(memcpy.o)
                0x0000aae2                __aeabi_lowlevel_memset
 .text.__gnu_thumb1_case_uqi
                0x0000ab0c       0x10 C:/nxp/MCUXpressoIDE_25.6.136/ide/plugins/com.nxp.mcuxpresso.tools.win32_25.6.0.202501151204/tools/bin/../lib/gcc/arm-none-eabi/14.2.1/thumb/v6-m/nofp\libcr_eabihelpers.a(thumb1_switch_helpers.o)
                0x0000ab0c                __gnu_thumb1_case_uqi
 .text.__gnu_thumb1_case_uhi
                0x0000ab1c       0x10 C:/nxp/MCUXpressoIDE_25.6.136/ide/plugins/com.nxp.mcuxpresso.tools.win32_25.6.0.202501151204/tools/bin/../lib/gcc/arm-none-eabi/14.2.1/thumb/v6-m/nofp\libcr_eabihelpers.a(thumb1_switch_helpers.o)
                0x0000ab1c                __gnu_thumb1_case_uhi
 .text.__sys_appexit
                0x0000ab2c        0x2 C:/nxp/MCUXpressoIDE_25.6.136/ide/plugins/com.nxp.mcuxpresso.tools.win32_25.6.0.202501151204/tools/bin/../lib/gcc/arm-none-eabi/14.2.1/../../../../arm-none-eabi/lib/thumb/v6-m/nofp\libcr_nohost_nf.a(__sys_appexit.o)
                0x0000ab2c                __sys_appexit
                0x0000ab2c                __exit
 .text.__sys_close
                0x0000ab2e        0x6 C:/nxp/MCUXpressoIDE_25.6.136/ide/plugins/com.nxp.mcuxpresso.tools.win32_25.6.0.202501151204/tools/bin/../lib/gcc/arm-none-eabi/14.2.1/../../../../arm-none-eabi/lib/thumb/v6-m/nofp\libcr_nohost_nf.a(__sys_close.o)
                0x0000ab2e                __sys_close
 .text.__sys_flen
                0x0000ab34        0x6 C:/nxp/MCUXpressoIDE_25.6.136/ide/plugins/com.nxp.mcuxpresso.tools.win32_25.6.0.202501151204/tools/bin/../lib/gcc/arm-none-eabi/14.2.1/../../../../arm-none-eabi/lib/thumb/v6-m/nofp\libcr_nohost_nf.a(__sys_flen.o)
                0x0000ab34                __sys_flen
 .text.__sys_istty
                0x0000ab3a        0x6 C:/nxp/MCUXpressoIDE_25.6.136/ide/plugins/com.nxp.mcuxpresso.tools.win32_25.6.0.202501151204/tools/bin/../lib/gcc/arm-none-eabi/14.2.1/../../../../arm-none-eabi/lib/thumb/v6-m/nofp\libcr_nohost_nf.a(__sys_istty.o)
                0x0000ab3a                __sys_istty
 .text.__sys_remove
                0x0000ab40        0x6 C:/nxp/MCUXpressoIDE_25.6.136/ide/plugins/com.nxp.mcuxpresso.tools.win32_25.6.0.202501151204/tools/bin/../lib/gcc/arm-none-eabi/14.2.1/../../../../arm-none-eabi/lib/thumb/v6-m/nofp\libcr_nohost_nf.a(__sys_remove.o)
                0x0000ab40                __sys_remove
 .text.__sys_seek
                0x0000ab46        0x6 C:/nxp/MCUXpressoIDE_25.6.136/ide/plugins/com.nxp.mcuxpresso.tools.win32_25.6.0.202501151204/tools/bin/../lib/gcc/arm-none-eabi/14.2.1/../../../../arm-none-eabi/lib/thumb/v6-m/nofp\libcr_nohost_nf.a(__sys_seek.o)
                0x0000ab46                __sys_seek
 .text.__sys_tmpnam
                0x0000ab4c        0x6 C:/nxp/MCUXpressoIDE_25.6.136/ide/plugins/com.nxp.mcuxpresso.tools.win32_25.6.0.202501151204/tools/bin/../lib/gcc/arm-none-eabi/14.2.1/../../../../arm-none-eabi/lib/thumb/v6-m/nofp\libcr_nohost_nf.a(__sys_tmpnam.o)
                0x0000ab4c                __sys_tmpnam
 .text.__sys_write
                0x0000ab52        0x4 C:/nxp/MCUXpressoIDE_25.6.136/ide/plugins/com.nxp.mcuxpresso.tools.win32_25.6.0.202501151204/tools/bin/../lib/gcc/arm-none-eabi/14.2.1/../../../../arm-none-eabi/lib/thumb/v6-m/nofp\libcr_nohost_nf.a(__sys_write.o)
                0x0000ab52                __sys_write
 *(SORT_BY_ALIGNMENT(.rodata) SORT_BY_ALIGNMENT(.rodata.*) SORT_BY_ALIGNMENT(.constdata) SORT_BY_ALIGNMENT(.constdata.*))
 *fill*         0x0000ab56        0x2 ff
 .rodata.ADC16_GetChannelConversionValue.str1.4
                0x0000ab58      0xe8a ./source/MKL25Z4_Proiect_MP.o
                                 0x77 (size before relaxing)
 .rodata.Timer_Init.str1.4
                0x0000b9e2       0x22 ./source/MKL25Z4_Proiect_MP.o
 .rodata.PIT_Init.str1.4
                0x0000b9e2       0x29 ./source/MKL25Z4_Proiect_MP.o
 .rodata.LED_Arcade_Init.str1.4
                0x0000b9e2       0x2e ./source/MKL25Z4_Proiect_MP.o
 *fill*         0x0000b9e2        0x2 ff
 .rodata        0x0000b9e4       0x1f ./source/MKL25Z4_Proiect_MP.o
 .rodata.Buzzer_Init.str1.4
                0x0000ba03       0x26 ./source/MKL25Z4_Proiect_MP.o
 .rodata.GetInputName.str1.4
                0x0000ba03       0x41 ./source/MKL25Z4_Proiect_MP.o
 *fill*         0x0000ba03        0x1 ff
 .rodata.GetInputName
                0x0000ba04       0x1c ./source/MKL25Z4_Proiect_MP.o
 .rodata.UI_PrintStats.str1.4
                0x0000ba20       0x76 ./source/MKL25Z4_Proiect_MP.o
 .rodata.Joystick_Init.str1.4
                0x0000ba20       0x2b ./source/MKL25Z4_Proiect_MP.o
 .rodata.IR_Init.str1.4
                0x0000ba20       0x24 ./source/MKL25Z4_Proiect_MP.o
 .rodata.IR_GetMenuAction.str1.4
                0x0000ba20       0x27 ./source/MKL25Z4_Proiect_MP.o
 .rodata.IR_ProcessGameInput.str1.4
                0x0000ba20       0x21 ./source/MKL25Z4_Proiect_MP.o
 .rodata.IR_CheckPauseOnly.str1.4
                0x0000ba20       0x16 ./source/MKL25Z4_Proiect_MP.o
 .rodata.Gyro_Init.str1.4
                0x0000ba20       0x2f ./source/MKL25Z4_Proiect_MP.o
 .rodata.Gyro_GetCompassDir.str1.4
                0x0000ba20       0x3c ./source/MKL25Z4_Proiect_MP.o
 .rodata.Gyro_Process_Data.str1.4
                0x0000ba20       0x5a ./source/MKL25Z4_Proiect_MP.o
 .rodata.Game_DrawScore.str1.4
                0x0000ba20        0x6 ./source/MKL25Z4_Proiect_MP.o
 .rodata.Game_Update.str1.4
                0x0000ba20       0x25 ./source/MKL25Z4_Proiect_MP.o
 .rodata.Game_Start.str1.4
                0x0000ba20       0x48 ./source/MKL25Z4_Proiect_MP.o
 .rodata.DrawMenuItem.str1.4
                0x0000ba20        0x2 ./source/MKL25Z4_Proiect_MP.o
 .rodata.DrawInputMenuItem.str1.4
                0x0000ba20       0x11 ./source/MKL25Z4_Proiect_MP.o
 .rodata.DrawBackOption.str1.4
                0x0000ba20        0x8 ./source/MKL25Z4_Proiect_MP.o
 .rodata.DrawMainScreen.str1.4
                0x0000ba20       0x32 ./source/MKL25Z4_Proiect_MP.o
 .rodata.DrawStartScreen.str1.4
                0x0000ba20       0x2a ./source/MKL25Z4_Proiect_MP.o
 .rodata.DrawSelectInputScreen.str1.4
                0x0000ba20       0x47 ./source/MKL25Z4_Proiect_MP.o
 .rodata.DrawSelectP1Screen.str1.4
                0x0000ba20        0x9 ./source/MKL25Z4_Proiect_MP.o
 .rodata.DrawSelectP2Screen.str1.4
                0x0000ba20        0x9 ./source/MKL25Z4_Proiect_MP.o
 .rodata.DrawDifficultyScreen.str1.4
                0x0000ba20       0x58 ./source/MKL25Z4_Proiect_MP.o
 .rodata.DrawGameOverScreen.str1.4
                0x0000ba20       0x3a ./source/MKL25Z4_Proiect_MP.o
 .rodata.DrawPausedScreen.str1.4
                0x0000ba20       0x29 ./source/MKL25Z4_Proiect_MP.o
 .rodata.rainbow_colors
                0x0000ba20        0xe ./source/MKL25Z4_Proiect_MP.o
 .rodata.PlayIntroAnimation.str1.4
                0x0000ba2e       0xb5 ./source/MKL25Z4_Proiect_MP.o
 *fill*         0x0000ba2e        0x2 ff
 .rodata.DrawCurrentScreen
                0x0000ba30       0x28 ./source/MKL25Z4_Proiect_MP.o
 .rodata.Menu_Select.str1.4
                0x0000ba58       0x48 ./source/MKL25Z4_Proiect_MP.o
 .rodata.Menu_Select
                0x0000ba58       0x24 ./source/MKL25Z4_Proiect_MP.o
 .rodata.ProcessGameInput.str1.4
                0x0000ba7c       0x3c ./source/MKL25Z4_Proiect_MP.o
 .rodata.main.str1.4
                0x0000ba7c      0x423 ./source/MKL25Z4_Proiect_MP.o
 .rodata.font5x7
                0x0000ba7c      0x1c7 ./source/st7735_simple.o
 *fill*         0x0000bc43        0x1 ff
 .rodata        0x0000bc44        0x2 ./source/st7735_simple.o
 .rodata.ADC16_GetInstance.str1.4
                0x0000bc46       0x35 ./drivers/fsl_adc16.o
 .rodata.ADC16_Init.str1.4
                0x0000bc46       0x20 ./drivers/fsl_adc16.o
 .rodata.ADC16_GetDefaultConfig.str1.4
                0x0000bc46       0x21 ./drivers/fsl_adc16.o
 .rodata.ADC16_SetChannelConfig.str1.4
                0x0000bc46       0x51 ./drivers/fsl_adc16.o
 .rodata.ADC16_GetChannelStatusFlags.str1.4
                0x0000bc46       0x2f ./drivers/fsl_adc16.o
 .rodata.CLOCK_GetMcgExtClkFreq.str1.4
                0x0000bc46       0x1e ./drivers/fsl_clock.o
 .rodata.CLOCK_GetOsc0ErClkFreq.str1.4
                0x0000bc46       0x1e ./drivers/fsl_clock.o
 .rodata.CLOCK_GetEr32kClkFreq.str1.4
                0x0000bc46       0x1f ./drivers/fsl_clock.o
 *fill*         0x0000bc46        0x2 ff
 .rodata.CLOCK_GetFreq
                0x0000bc48       0x38 ./drivers/fsl_clock.o
 .rodata.CLOCK_GetPll0Freq.str1.4
                0x0000bc80       0x1d ./drivers/fsl_clock.o
 .rodata.CLOCK_EnablePll0.str1.4
                0x0000bc80       0x19 ./drivers/fsl_clock.o
 .rodata.CLOCK_SetPbeMode.str1.4
                0x0000bc80       0x1a ./drivers/fsl_clock.o
 .rodata.CLOCK_BootToPeeMode.str1.4
                0x0000bc80       0x1a ./drivers/fsl_clock.o
 .rodata.fllFactorTable.1
                0x0000bc80       0x10 ./drivers/fsl_clock.o
 .rodata.__assertion_failed.str1.4
                0x0000bc90        0x4 ./drivers/fsl_common.o
 .rodata.GPIO_PinInit.str1.4
                0x0000bc90       0x17 ./drivers/fsl_gpio.o
 .rodata.LPSCI_GetInstance.str1.4
                0x0000bc90       0x36 ./drivers/fsl_lpsci.o
 .rodata.LPSCI_Init.str1.4
                0x0000bc90       0x43 ./drivers/fsl_lpsci.o
 .rodata.LPSCI_GetDefaultConfig.str1.4
                0x0000bc90       0x19 ./drivers/fsl_lpsci.o
 .rodata.LPSCI_WriteBlocking.str1.4
                0x0000bc90       0x17 ./drivers/fsl_lpsci.o
 .rodata.LPSCI_ReadBlocking.str1.4
                0x0000bc90       0x17 ./drivers/fsl_lpsci.o
 .rodata.s_spiBases
                0x0000bc90        0x8 ./drivers/fsl_spi.o
 .rodata.s_spiClock
                0x0000bc98        0x8 ./drivers/fsl_spi.o
 .rodata.SPI_GetInstance.str1.4
                0x0000bca0       0x32 ./drivers/fsl_spi.o
 .rodata.SPI_MasterInit.str1.4
                0x0000bca0       0x26 ./drivers/fsl_spi.o
 .rodata.SPI0_DriverIRQHandler.str1.4
                0x0000bca0       0x20 ./drivers/fsl_spi.o
 .rodata.SPI1_DriverIRQHandler.str1.4
                0x0000bca0       0x20 ./drivers/fsl_spi.o
 .rodata.s_uartBases
                0x0000bca0        0xc ./drivers/fsl_uart.o
 .rodata.s_uartClock
                0x0000bcac        0xc ./drivers/fsl_uart.o
 .rodata.UART_GetInstance.str1.4
                0x0000bcb8       0x2b ./drivers/fsl_uart.o
 .rodata.UART_Init.str1.4
                0x0000bcb8       0x3e ./drivers/fsl_uart.o
 .rodata.UART_GetDefaultConfig.str1.4
                0x0000bcb8       0x18 ./drivers/fsl_uart.o
 .rodata.UART_ReadBlocking.str1.4
                0x0000bcb8       0x16 ./drivers/fsl_uart.o
 .rodata.mcgConfig_BOARD_BootClockRUN
                0x0000bcb8        0xa ./board/clock_config.o
                0x0000bcb8                mcgConfig_BOARD_BootClockRUN
 *fill*         0x0000bcc2        0x2 ff
 .rodata.simConfig_BOARD_BootClockRUN
                0x0000bcc4        0x8 ./board/clock_config.o
                0x0000bcc4                simConfig_BOARD_BootClockRUN
 .rodata.oscConfig_BOARD_BootClockRUN
                0x0000bccc        0x8 ./board/clock_config.o
                0x0000bccc                oscConfig_BOARD_BootClockRUN
 .rodata.__num_Ciob_streams
                0x0000bcd4        0x4 C:/nxp/MCUXpressoIDE_25.6.136/ide/plugins/com.nxp.mcuxpresso.tools.win32_25.6.0.202501151204/tools/bin/../lib/gcc/arm-none-eabi/14.2.1/../../../../arm-none-eabi/lib/thumb/v6-m/nofp\libcr_nohost_nf.a(__ciob.o)
                0x0000bcd4                __num_Ciob_streams
 .rodata._initio.str1.1
                0x0000bcd8       0x53 C:/nxp/MCUXpressoIDE_25.6.136/ide/plugins/com.nxp.mcuxpresso.tools.win32_25.6.0.202501151204/tools/bin/../lib/gcc/arm-none-eabi/14.2.1/../../../../arm-none-eabi/lib/thumb/v6-m/nofp\libcr_c.a(initio.o)
                                  0x4 (size before relaxing)
 .rodata.__vfprintf.str1.1
                0x0000bd2b       0x38 C:/nxp/MCUXpressoIDE_25.6.136/ide/plugins/com.nxp.mcuxpresso.tools.win32_25.6.0.202501151204/tools/bin/../lib/gcc/arm-none-eabi/14.2.1/../../../../arm-none-eabi/lib/thumb/v6-m/nofp\libcr_c.a(printf.o)
 .rodata._Csys_alloc.str1.1
                0x0000bd2b       0x18 C:/nxp/MCUXpressoIDE_25.6.136/ide/plugins/com.nxp.mcuxpresso.tools.win32_25.6.0.202501151204/tools/bin/../lib/gcc/arm-none-eabi/14.2.1/../../../../arm-none-eabi/lib/thumb/v6-m/nofp\libcr_c.a(alloc.o)
 .rodata.__ctype
                0x0000bd2b      0x180 C:/nxp/MCUXpressoIDE_25.6.136/ide/plugins/com.nxp.mcuxpresso.tools.win32_25.6.0.202501151204/tools/bin/../lib/gcc/arm-none-eabi/14.2.1/../../../../arm-none-eabi/lib/thumb/v6-m/nofp\libcr_c.a(ctype.o)
                0x0000bd2b                __ctype
                0x0000beac                        . = ALIGN (0x4)
 *fill*         0x0000beab        0x1 ff

.glue_7         0x0000beac        0x0
 .glue_7        0x0000beac        0x0 linker stubs

.glue_7t        0x0000beac        0x0
 .glue_7t       0x0000beac        0x0 linker stubs

.vfp11_veneer   0x0000beac        0x0
 .vfp11_veneer  0x0000beac        0x0 linker stubs

.v4_bx          0x0000beac        0x0
 .v4_bx         0x0000beac        0x0 linker stubs

.iplt           0x0000beac        0x0
 .iplt          0x0000beac        0x0 ./utilities/fsl_debug_console.o

.rel.dyn        0x0000beac        0x0
 .rel.iplt      0x0000beac        0x0 ./utilities/fsl_debug_console.o

.ARM.extab
 *(SORT_BY_ALIGNMENT(.ARM.extab*) SORT_BY_ALIGNMENT(.gnu.linkonce.armextab.*))

.ARM.exidx      0x0000beac        0x0
                0x0000beac                        __exidx_start = .
 *(SORT_BY_ALIGNMENT(.ARM.exidx*) SORT_BY_ALIGNMENT(.gnu.linkonce.armexidx.*))
                0x0000beac                        __exidx_end = .
                0x0000beac                        _etext = .

.m_usb_data
 *(SORT_BY_ALIGNMENT(m_usb_bdt))

.mtb_buffer_default
                0x1ffff000       0x80
 *(SORT_BY_ALIGNMENT(.mtb*))
 .mtb.$RAM1     0x1ffff000       0x80 ./source/mtb.o
                0x1ffff000                __mtb_buffer__

.uninit_RESERVED
                0x1ffff080        0x0
                0x1ffff080                        _start_uninit_RESERVED = .
 *(SORT_BY_ALIGNMENT(.bss.$RESERVED*))
                0x1ffff080                        . = ALIGN (0x4)
                0x1ffff080                        _end_uninit_RESERVED = .

.data           0x1ffff080       0xfc load address 0x0000beac
 FILL mask 0xff
                0x1ffff080                        _data = .
                [!provide]                        PROVIDE (__start_data_RAM = .)
                [!provide]                        PROVIDE (__start_data_SRAM = .)
 *(SORT_BY_ALIGNMENT(vtable))
 *(SORT_BY_ALIGNMENT(.ramfunc*))
 *(SORT_BY_ALIGNMENT(CodeQuickAccess))
 *(SORT_BY_ALIGNMENT(DataQuickAccess))
 *(SORT_BY_ALIGNMENT(RamFunction))
 *(SORT_BY_ALIGNMENT(.data*))
 .data.g_menuState
                0x1ffff080        0x2 ./source/MKL25Z4_Proiect_MP.o
                0x1ffff080                g_menuState
 *fill*         0x1ffff082        0x2 ff
 .data.s_slowIrcFreq
                0x1ffff084        0x4 ./drivers/fsl_clock.o
 .data.s_fastIrcFreq
                0x1ffff088        0x4 ./drivers/fsl_clock.o
 .data.SystemCoreClock
                0x1ffff08c        0x4 ./CMSIS/system_MKL25Z4.o
                0x1ffff08c                SystemCoreClock
 .data._random_k
                0x1ffff090        0x4 C:/nxp/MCUXpressoIDE_25.6.136/ide/plugins/com.nxp.mcuxpresso.tools.win32_25.6.0.202501151204/tools/bin/../lib/gcc/arm-none-eabi/14.2.1/../../../../arm-none-eabi/lib/thumb/v6-m/nofp\libcr_c.a(stdlib.o)
 .data._random_j
                0x1ffff094        0x4 C:/nxp/MCUXpressoIDE_25.6.136/ide/plugins/com.nxp.mcuxpresso.tools.win32_25.6.0.202501151204/tools/bin/../lib/gcc/arm-none-eabi/14.2.1/../../../../arm-none-eabi/lib/thumb/v6-m/nofp\libcr_c.a(stdlib.o)
 .data._random_number_seed
                0x1ffff098       0xdc C:/nxp/MCUXpressoIDE_25.6.136/ide/plugins/com.nxp.mcuxpresso.tools.win32_25.6.0.202501151204/tools/bin/../lib/gcc/arm-none-eabi/14.2.1/../../../../arm-none-eabi/lib/thumb/v6-m/nofp\libcr_c.a(stdlib.o)
 .data.g_gyro_paddle_y
                0x1ffff174        0x2 ./source/MKL25Z4_Proiect_MP.o
 .data.g_player1_input
                0x1ffff176        0x1 ./source/MKL25Z4_Proiect_MP.o
                0x1ffff176                g_player1_input
 .data.g_player2_input
                0x1ffff177        0x1 ./source/MKL25Z4_Proiect_MP.o
                0x1ffff177                g_player2_input
 .data.g_needsRedraw
                0x1ffff178        0x1 ./source/MKL25Z4_Proiect_MP.o
                0x1ffff178                g_needsRedraw
 .data.g_sound_enabled
                0x1ffff179        0x1 ./source/MKL25Z4_Proiect_MP.o
                0x1ffff17c                        . = ALIGN (0x4)
 *fill*         0x1ffff17a        0x2 ff
                0x1ffff17c                        _edata = .
                [!provide]                        PROVIDE (__end_data_RAM = .)
                [!provide]                        PROVIDE (__end_data_SRAM = .)

.igot.plt       0x1ffff17c        0x0 load address 0x0000bfa8
 .igot.plt      0x1ffff17c        0x0 ./utilities/fsl_debug_console.o

.bss            0x1ffff17c      0x360
                0x1ffff17c                        _bss = .
                [!provide]                        PROVIDE (__start_bss_RAM = .)
                [!provide]                        PROVIDE (__start_bss_SRAM = .)
 *(SORT_BY_ALIGNMENT(.bss*))
 .bss.s_debugConsole
                0x1ffff17c       0x10 ./utilities/fsl_debug_console.o
 .bss.g_ui_timers
                0x1ffff18c       0x28 ./source/MKL25Z4_Proiect_MP.o
 .bss.ball      0x1ffff1b4        0xe ./source/MKL25Z4_Proiect_MP.o
 *fill*         0x1ffff1c2        0x2 
 .bss.paddle1   0x1ffff1c4        0xa ./source/MKL25Z4_Proiect_MP.o
 *fill*         0x1ffff1ce        0x2 
 .bss.paddle2   0x1ffff1d0        0xa ./source/MKL25Z4_Proiect_MP.o
 *fill*         0x1ffff1da        0x2 
 .bss.game      0x1ffff1dc        0xa ./source/MKL25Z4_Proiect_MP.o
 *fill*         0x1ffff1e6        0x2 
 .bss.g_joy_last_press_time
                0x1ffff1e8        0x4 ./source/MKL25Z4_Proiect_MP.o
 .bss.ir_code   0x1ffff1ec        0x4 ./source/MKL25Z4_Proiect_MP.o
                0x1ffff1ec                ir_code
 .bss.pulse_count
                0x1ffff1f0        0x4 ./source/MKL25Z4_Proiect_MP.o
                0x1ffff1f0                pulse_count
 .bss.pulse_buffer
                0x1ffff1f4      0x190 ./source/MKL25Z4_Proiect_MP.o
                0x1ffff1f4                pulse_buffer
 .bss.last_ir_code
                0x1ffff384        0x4 ./source/MKL25Z4_Proiect_MP.o
                0x1ffff384                last_ir_code
 .bss.last_ir_time
                0x1ffff388        0x4 ./source/MKL25Z4_Proiect_MP.o
                0x1ffff388                last_ir_time
 .bss.g_ir_last_input_time
                0x1ffff38c        0x4 ./source/MKL25Z4_Proiect_MP.o
 .bss.g_systick_ms
                0x1ffff390        0x4 ./source/MKL25Z4_Proiect_MP.o
 .bss.g_gyro_rx_buffer
                0x1ffff394       0x40 ./source/MKL25Z4_Proiect_MP.o
 .bss.g_gyro_angle
                0x1ffff3d4        0x4 ./source/MKL25Z4_Proiect_MP.o
 .bss.g_last_gyro_update
                0x1ffff3d8        0x4 ./source/MKL25Z4_Proiect_MP.o
 .bss.g_xtal0Freq
                0x1ffff3dc        0x4 ./drivers/fsl_clock.o
                0x1ffff3dc                g_xtal0Freq
 .bss.g_xtal32Freq
                0x1ffff3e0        0x4 ./drivers/fsl_clock.o
                0x1ffff3e0                g_xtal32Freq
 .bss.s_lpsciHandle
                0x1ffff3e4        0x4 ./drivers/fsl_lpsci.o
 .bss.s_lpsciIsr
                0x1ffff3e8        0x4 ./drivers/fsl_lpsci.o
 .bss.s_spiHandle
                0x1ffff3ec        0x8 ./drivers/fsl_spi.o
 .bss.s_spiMasterIsr
                0x1ffff3f4        0x4 ./drivers/fsl_spi.o
 .bss.s_spiSlaveIsr
                0x1ffff3f8        0x4 ./drivers/fsl_spi.o
 .bss.s_uartHandle
                0x1ffff3fc        0xc ./drivers/fsl_uart.o
 .bss.s_uartIsr
                0x1ffff408        0x4 ./drivers/fsl_uart.o
 .bss.errno     0x1ffff40c        0x4 C:/nxp/MCUXpressoIDE_25.6.136/ide/plugins/com.nxp.mcuxpresso.tools.win32_25.6.0.202501151204/tools/bin/../lib/gcc/arm-none-eabi/14.2.1/../../../../arm-none-eabi/lib/thumb/v6-m/nofp\libcr_c.a(errno.o)
                0x1ffff40c                errno
 .bss.__end_of_heap
                0x1ffff410        0x4 C:/nxp/MCUXpressoIDE_25.6.136/ide/plugins/com.nxp.mcuxpresso.tools.win32_25.6.0.202501151204/tools/bin/../lib/gcc/arm-none-eabi/14.2.1/../../../../arm-none-eabi/lib/thumb/v6-m/nofp\libcr_c.a(__init_alloc.o)
                0x1ffff410                __end_of_heap
 .bss.__heaps   0x1ffff414        0x4 C:/nxp/MCUXpressoIDE_25.6.136/ide/plugins/com.nxp.mcuxpresso.tools.win32_25.6.0.202501151204/tools/bin/../lib/gcc/arm-none-eabi/14.2.1/../../../../arm-none-eabi/lib/thumb/v6-m/nofp\libcr_c.a(__init_alloc.o)
                0x1ffff414                __heaps
 .bss.__Ciob    0x1ffff418       0xb4 C:/nxp/MCUXpressoIDE_25.6.136/ide/plugins/com.nxp.mcuxpresso.tools.win32_25.6.0.202501151204/tools/bin/../lib/gcc/arm-none-eabi/14.2.1/../../../../arm-none-eabi/lib/thumb/v6-m/nofp\libcr_nohost_nf.a(__ciob.o)
                0x1ffff418                __Ciob
 .bss.g_joy_y_percent
                0x1ffff4cc        0x2 ./source/MKL25Z4_Proiect_MP.o
 .bss.g_currentScreen
                0x1ffff4ce        0x1 ./source/MKL25Z4_Proiect_MP.o
                0x1ffff4ce                g_currentScreen
 .bss.g_p1_move
                0x1ffff4cf        0x1 ./source/MKL25Z4_Proiect_MP.o
 .bss.g_p2_move
                0x1ffff4d0        0x1 ./source/MKL25Z4_Proiect_MP.o
 .bss.g_game_over_effects_played
                0x1ffff4d1        0x1 ./source/MKL25Z4_Proiect_MP.o
 .bss.g_joy_btn_pressed
                0x1ffff4d2        0x1 ./source/MKL25Z4_Proiect_MP.o
 .bss.g_joy_action_consumed
                0x1ffff4d3        0x1 ./source/MKL25Z4_Proiect_MP.o
 .bss.ir_ready  0x1ffff4d4        0x1 ./source/MKL25Z4_Proiect_MP.o
                0x1ffff4d4                ir_ready
 .bss.capture_complete
                0x1ffff4d5        0x1 ./source/MKL25Z4_Proiect_MP.o
                0x1ffff4d5                capture_complete
 .bss.g_ir_current_direction
                0x1ffff4d6        0x1 ./source/MKL25Z4_Proiect_MP.o
 .bss.g_game_tick
                0x1ffff4d7        0x1 ./source/MKL25Z4_Proiect_MP.o
                0x1ffff4d7                g_game_tick
 .bss.g_menu_tick
                0x1ffff4d8        0x1 ./source/MKL25Z4_Proiect_MP.o
                0x1ffff4d8                g_menu_tick
 .bss.g_gyro_rx_index
                0x1ffff4d9        0x1 ./source/MKL25Z4_Proiect_MP.o
 .bss.g_pause_selection
                0x1ffff4da        0x1 ./source/MKL25Z4_Proiect_MP.o
 .bss.pause_nav_consumed.0
                0x1ffff4db        0x1 ./source/MKL25Z4_Proiect_MP.o
 *(SORT_BY_ALIGNMENT(COMMON))
                0x1ffff4dc                        . = ALIGN (0x4)
                0x1ffff4dc                        _ebss = .
                [!provide]                        PROVIDE (__end_bss_RAM = .)
                [!provide]                        PROVIDE (__end_bss_SRAM = .)
                [!provide]                        PROVIDE (end = .)

.noinit         0x1ffff4dc        0x0
                0x1ffff4dc                        _noinit = .
                [!provide]                        PROVIDE (__start_noinit_RAM = .)
                [!provide]                        PROVIDE (__start_noinit_SRAM = .)
 *(SORT_BY_ALIGNMENT(.noinit*))
                0x1ffff4dc                        . = ALIGN (0x4)
                0x1ffff4dc                        _end_noinit = .
                [!provide]                        PROVIDE (__end_noinit_RAM = .)
                [!provide]                        PROVIDE (__end_noinit_SRAM = .)
                0x00000400                        _HeapSize = 0x400

.heap           0x1ffff4dc      0x400
                0x1ffff4dc                        _pvHeapStart = .
                0x1ffff8dc                        . = (. + _HeapSize)
 *fill*         0x1ffff4dc      0x400 
                0x1ffff8dc                        . = ALIGN (0x4)
                0x1ffff8dc                        _pvHeapLimit = .
                0x00000400                        _StackSize = 0x400

.heap2stackfill
                0x1ffff8dc      0x400
                0x1ffffcdc                        . = (. + _StackSize)
 *fill*         0x1ffff8dc      0x400 

.stack          0x20002c00        0x0
                0x20002c00                        _vStackBase = .
                0x20002c00                        . = ALIGN (0x4)
                0x20003000                        _vStackTop = (. + _StackSize)
                0x00000000                        _image_start = LOADADDR (.text)
                0x0000bfa8                        _image_end = (LOADADDR (.data) + SIZEOF (.data))
                0x0000bfa8                        _image_size = (_image_end - _image_start)
OUTPUT(MKL25Z4_Proiect_MP.axf elf32-littlearm)
LOAD linker stubs

.debug_info     0x00000000    0x15ee9
 .debug_info    0x00000000      0xf55 ./utilities/fsl_debug_console.o
 .debug_info    0x00000f55      0x692 ./startup/startup_mkl25z4.o
 .debug_info    0x000015e7     0x35f8 ./source/MKL25Z4_Proiect_MP.o
 .debug_info    0x00004bdf       0x53 ./source/mtb.o
 .debug_info    0x00004c32       0x3c ./source/semihost_hardfault.o
 .debug_info    0x00004c6e      0xf3c ./source/st7735_simple.o
 .debug_info    0x00005baa      0xc61 ./drivers/fsl_adc16.o
 .debug_info    0x0000680b     0x1a79 ./drivers/fsl_clock.o
 .debug_info    0x00008284      0x40a ./drivers/fsl_common.o
 .debug_info    0x0000868e      0x529 ./drivers/fsl_gpio.o
 .debug_info    0x00008bb7     0x144c ./drivers/fsl_lpsci.o
 .debug_info    0x0000a003     0x13f4 ./drivers/fsl_spi.o
 .debug_info    0x0000b3f7     0x13ed ./drivers/fsl_uart.o
 .debug_info    0x0000c7e4      0x3de ./board/board.o
 .debug_info    0x0000cbc2      0xba5 ./board/clock_config.o
 .debug_info    0x0000d767       0x3c ./board/peripherals.o
 .debug_info    0x0000d7a3      0x547 ./board/pin_mux.o
 .debug_info    0x0000dcea      0x401 ./CMSIS/system_MKL25Z4.o
 .debug_info    0x0000e0eb       0x85 C:/nxp/MCUXpressoIDE_25.6.136/ide/plugins/com.nxp.mcuxpresso.tools.win32_25.6.0.202501151204/tools/bin/../lib/gcc/arm-none-eabi/14.2.1/../../../../arm-none-eabi/lib/thumb/v6-m/nofp\libcr_nohost_nf.a(_cr__main.o)
 .debug_info    0x0000e170       0xfc C:/nxp/MCUXpressoIDE_25.6.136/ide/plugins/com.nxp.mcuxpresso.tools.win32_25.6.0.202501151204/tools/bin/../lib/gcc/arm-none-eabi/14.2.1/../../../../arm-none-eabi/lib/thumb/v6-m/nofp\libcr_c.a(memset.o)
 .debug_info    0x0000e26c      0x353 C:/nxp/MCUXpressoIDE_25.6.136/ide/plugins/com.nxp.mcuxpresso.tools.win32_25.6.0.202501151204/tools/bin/../lib/gcc/arm-none-eabi/14.2.1/../../../../arm-none-eabi/lib/thumb/v6-m/nofp\libcr_c.a(initio.o)
 .debug_info    0x0000e5bf     0x12d8 C:/nxp/MCUXpressoIDE_25.6.136/ide/plugins/com.nxp.mcuxpresso.tools.win32_25.6.0.202501151204/tools/bin/../lib/gcc/arm-none-eabi/14.2.1/../../../../arm-none-eabi/lib/thumb/v6-m/nofp\libcr_c.a(printf.o)
 .debug_info    0x0000f897     0x1a16 C:/nxp/MCUXpressoIDE_25.6.136/ide/plugins/com.nxp.mcuxpresso.tools.win32_25.6.0.202501151204/tools/bin/../lib/gcc/arm-none-eabi/14.2.1/../../../../arm-none-eabi/lib/thumb/v6-m/nofp\libcr_c.a(scanf.o)
 .debug_info    0x000112ad      0x1fd C:/nxp/MCUXpressoIDE_25.6.136/ide/plugins/com.nxp.mcuxpresso.tools.win32_25.6.0.202501151204/tools/bin/../lib/gcc/arm-none-eabi/14.2.1/../../../../arm-none-eabi/lib/thumb/v6-m/nofp\libcr_c.a(setvbuf.o)
 .debug_info    0x000114aa      0x4e2 C:/nxp/MCUXpressoIDE_25.6.136/ide/plugins/com.nxp.mcuxpresso.tools.win32_25.6.0.202501151204/tools/bin/../lib/gcc/arm-none-eabi/14.2.1/../../../../arm-none-eabi/lib/thumb/v6-m/nofp\libcr_c.a(stdlib.o)
 .debug_info    0x0001198c       0xa8 C:/nxp/MCUXpressoIDE_25.6.136/ide/plugins/com.nxp.mcuxpresso.tools.win32_25.6.0.202501151204/tools/bin/../lib/gcc/arm-none-eabi/14.2.1/../../../../arm-none-eabi/lib/thumb/v6-m/nofp\libcr_c.a(strchr.o)
 .debug_info    0x00011a34       0xdc C:/nxp/MCUXpressoIDE_25.6.136/ide/plugins/com.nxp.mcuxpresso.tools.win32_25.6.0.202501151204/tools/bin/../lib/gcc/arm-none-eabi/14.2.1/../../../../arm-none-eabi/lib/thumb/v6-m/nofp\libcr_c.a(strcpy.o)
 .debug_info    0x00011b10       0xdd C:/nxp/MCUXpressoIDE_25.6.136/ide/plugins/com.nxp.mcuxpresso.tools.win32_25.6.0.202501151204/tools/bin/../lib/gcc/arm-none-eabi/14.2.1/../../../../arm-none-eabi/lib/thumb/v6-m/nofp\libcr_c.a(strlen.o)
 .debug_info    0x00011bed      0x391 C:/nxp/MCUXpressoIDE_25.6.136/ide/plugins/com.nxp.mcuxpresso.tools.win32_25.6.0.202501151204/tools/bin/../lib/gcc/arm-none-eabi/14.2.1/../../../../arm-none-eabi/lib/thumb/v6-m/nofp\libcr_c.a(_deferredlazyseek.o)
 .debug_info    0x00011f7e      0x24b C:/nxp/MCUXpressoIDE_25.6.136/ide/plugins/com.nxp.mcuxpresso.tools.win32_25.6.0.202501151204/tools/bin/../lib/gcc/arm-none-eabi/14.2.1/../../../../arm-none-eabi/lib/thumb/v6-m/nofp\libcr_c.a(_fdopen.o)
 .debug_info    0x000121c9      0x1ea C:/nxp/MCUXpressoIDE_25.6.136/ide/plugins/com.nxp.mcuxpresso.tools.win32_25.6.0.202501151204/tools/bin/../lib/gcc/arm-none-eabi/14.2.1/../../../../arm-none-eabi/lib/thumb/v6-m/nofp\libcr_c.a(_fflush.o)
 .debug_info    0x000123b3      0x28a C:/nxp/MCUXpressoIDE_25.6.136/ide/plugins/com.nxp.mcuxpresso.tools.win32_25.6.0.202501151204/tools/bin/../lib/gcc/arm-none-eabi/14.2.1/../../../../arm-none-eabi/lib/thumb/v6-m/nofp\libcr_c.a(_writebuf.o)
 .debug_info    0x0001263d      0x526 C:/nxp/MCUXpressoIDE_25.6.136/ide/plugins/com.nxp.mcuxpresso.tools.win32_25.6.0.202501151204/tools/bin/../lib/gcc/arm-none-eabi/14.2.1/../../../../arm-none-eabi/lib/thumb/v6-m/nofp\libcr_c.a(alloc.o)
 .debug_info    0x00012b63      0x2f8 C:/nxp/MCUXpressoIDE_25.6.136/ide/plugins/com.nxp.mcuxpresso.tools.win32_25.6.0.202501151204/tools/bin/../lib/gcc/arm-none-eabi/14.2.1/../../../../arm-none-eabi/lib/thumb/v6-m/nofp\libcr_c.a(ctype.o)
 .debug_info    0x00012e5b       0x44 C:/nxp/MCUXpressoIDE_25.6.136/ide/plugins/com.nxp.mcuxpresso.tools.win32_25.6.0.202501151204/tools/bin/../lib/gcc/arm-none-eabi/14.2.1/../../../../arm-none-eabi/lib/thumb/v6-m/nofp\libcr_c.a(errno.o)
 .debug_info    0x00012e9f      0x325 C:/nxp/MCUXpressoIDE_25.6.136/ide/plugins/com.nxp.mcuxpresso.tools.win32_25.6.0.202501151204/tools/bin/../lib/gcc/arm-none-eabi/14.2.1/../../../../arm-none-eabi/lib/thumb/v6-m/nofp\libcr_c.a(fclose.o)
 .debug_info    0x000131c4      0x210 C:/nxp/MCUXpressoIDE_25.6.136/ide/plugins/com.nxp.mcuxpresso.tools.win32_25.6.0.202501151204/tools/bin/../lib/gcc/arm-none-eabi/14.2.1/../../../../arm-none-eabi/lib/thumb/v6-m/nofp\libcr_c.a(fflush.o)
 .debug_info    0x000133d4      0x27f C:/nxp/MCUXpressoIDE_25.6.136/ide/plugins/com.nxp.mcuxpresso.tools.win32_25.6.0.202501151204/tools/bin/../lib/gcc/arm-none-eabi/14.2.1/../../../../arm-none-eabi/lib/thumb/v6-m/nofp\libcr_c.a(fseek.o)
 .debug_info    0x00013653      0x197 C:/nxp/MCUXpressoIDE_25.6.136/ide/plugins/com.nxp.mcuxpresso.tools.win32_25.6.0.202501151204/tools/bin/../lib/gcc/arm-none-eabi/14.2.1/../../../../arm-none-eabi/lib/thumb/v6-m/nofp\libcr_c.a(ftell.o)
 .debug_info    0x000137ea      0x1d0 C:/nxp/MCUXpressoIDE_25.6.136/ide/plugins/com.nxp.mcuxpresso.tools.win32_25.6.0.202501151204/tools/bin/../lib/gcc/arm-none-eabi/14.2.1/../../../../arm-none-eabi/lib/thumb/v6-m/nofp\libcr_c.a(remove.o)
 .debug_info    0x000139ba       0xd4 C:/nxp/MCUXpressoIDE_25.6.136/ide/plugins/com.nxp.mcuxpresso.tools.win32_25.6.0.202501151204/tools/bin/../lib/gcc/arm-none-eabi/14.2.1/../../../../arm-none-eabi/lib/thumb/v6-m/nofp\libcr_c.a(__init_alloc.o)
 .debug_info    0x00013a8e      0x107 C:/nxp/MCUXpressoIDE_25.6.136/ide/plugins/com.nxp.mcuxpresso.tools.win32_25.6.0.202501151204/tools/bin/../lib/gcc/arm-none-eabi/14.2.1/../../../../arm-none-eabi/lib/thumb/v6-m/nofp\libcr_c.a(_cr_sbrk.o)
 .debug_info    0x00013b95      0x241 C:/nxp/MCUXpressoIDE_25.6.136/ide/plugins/com.nxp.mcuxpresso.tools.win32_25.6.0.202501151204/tools/bin/../lib/gcc/arm-none-eabi/14.2.1/../../../../arm-none-eabi/lib/thumb/v6-m/nofp\libcr_c.a(_do_fflush.o)
 .debug_info    0x00013dd6       0x71 C:/nxp/MCUXpressoIDE_25.6.136/ide/plugins/com.nxp.mcuxpresso.tools.win32_25.6.0.202501151204/tools/bin/../lib/gcc/arm-none-eabi/14.2.1/../../../../arm-none-eabi/lib/thumb/v6-m/nofp\libcr_c.a(_cr_check_heap.o)
 .debug_info    0x00013e47     0x1b79 C:/nxp/MCUXpressoIDE_25.6.136/ide/plugins/com.nxp.mcuxpresso.tools.win32_25.6.0.202501151204/tools/bin/../lib/gcc/arm-none-eabi/14.2.1/thumb/v6-m/nofp\libcr_eabihelpers.a(float.o)
 .debug_info    0x000159c0      0x18b C:/nxp/MCUXpressoIDE_25.6.136/ide/plugins/com.nxp.mcuxpresso.tools.win32_25.6.0.202501151204/tools/bin/../lib/gcc/arm-none-eabi/14.2.1/../../../../arm-none-eabi/lib/thumb/v6-m/nofp\libcr_nohost_nf.a(__ciob.o)
 .debug_info    0x00015b4b       0x38 C:/nxp/MCUXpressoIDE_25.6.136/ide/plugins/com.nxp.mcuxpresso.tools.win32_25.6.0.202501151204/tools/bin/../lib/gcc/arm-none-eabi/14.2.1/../../../../arm-none-eabi/lib/thumb/v6-m/nofp\libcr_nohost_nf.a(__sys_appexit.o)
 .debug_info    0x00015b83       0x6a C:/nxp/MCUXpressoIDE_25.6.136/ide/plugins/com.nxp.mcuxpresso.tools.win32_25.6.0.202501151204/tools/bin/../lib/gcc/arm-none-eabi/14.2.1/../../../../arm-none-eabi/lib/thumb/v6-m/nofp\libcr_nohost_nf.a(__sys_close.o)
 .debug_info    0x00015bed       0x6a C:/nxp/MCUXpressoIDE_25.6.136/ide/plugins/com.nxp.mcuxpresso.tools.win32_25.6.0.202501151204/tools/bin/../lib/gcc/arm-none-eabi/14.2.1/../../../../arm-none-eabi/lib/thumb/v6-m/nofp\libcr_nohost_nf.a(__sys_flen.o)
 .debug_info    0x00015c57       0x6a C:/nxp/MCUXpressoIDE_25.6.136/ide/plugins/com.nxp.mcuxpresso.tools.win32_25.6.0.202501151204/tools/bin/../lib/gcc/arm-none-eabi/14.2.1/../../../../arm-none-eabi/lib/thumb/v6-m/nofp\libcr_nohost_nf.a(__sys_istty.o)
 .debug_info    0x00015cc1       0x8a C:/nxp/MCUXpressoIDE_25.6.136/ide/plugins/com.nxp.mcuxpresso.tools.win32_25.6.0.202501151204/tools/bin/../lib/gcc/arm-none-eabi/14.2.1/../../../../arm-none-eabi/lib/thumb/v6-m/nofp\libcr_nohost_nf.a(__sys_remove.o)
 .debug_info    0x00015d4b       0x78 C:/nxp/MCUXpressoIDE_25.6.136/ide/plugins/com.nxp.mcuxpresso.tools.win32_25.6.0.202501151204/tools/bin/../lib/gcc/arm-none-eabi/14.2.1/../../../../arm-none-eabi/lib/thumb/v6-m/nofp\libcr_nohost_nf.a(__sys_seek.o)
 .debug_info    0x00015dc3       0x93 C:/nxp/MCUXpressoIDE_25.6.136/ide/plugins/com.nxp.mcuxpresso.tools.win32_25.6.0.202501151204/tools/bin/../lib/gcc/arm-none-eabi/14.2.1/../../../../arm-none-eabi/lib/thumb/v6-m/nofp\libcr_nohost_nf.a(__sys_tmpnam.o)
 .debug_info    0x00015e56       0x93 C:/nxp/MCUXpressoIDE_25.6.136/ide/plugins/com.nxp.mcuxpresso.tools.win32_25.6.0.202501151204/tools/bin/../lib/gcc/arm-none-eabi/14.2.1/../../../../arm-none-eabi/lib/thumb/v6-m/nofp\libcr_nohost_nf.a(__sys_write.o)

.debug_abbrev   0x00000000     0x4d3d
 .debug_abbrev  0x00000000      0x2fd ./utilities/fsl_debug_console.o
 .debug_abbrev  0x000002fd      0x17a ./startup/startup_mkl25z4.o
 .debug_abbrev  0x00000477      0x4a9 ./source/MKL25Z4_Proiect_MP.o
 .debug_abbrev  0x00000920       0x46 ./source/mtb.o
 .debug_abbrev  0x00000966       0x31 ./source/semihost_hardfault.o
 .debug_abbrev  0x00000997      0x29a ./source/st7735_simple.o
 .debug_abbrev  0x00000c31      0x28f ./drivers/fsl_adc16.o
 .debug_abbrev  0x00000ec0      0x376 ./drivers/fsl_clock.o
 .debug_abbrev  0x00001236      0x27e ./drivers/fsl_common.o
 .debug_abbrev  0x000014b4      0x1a5 ./drivers/fsl_gpio.o
 .debug_abbrev  0x00001659      0x306 ./drivers/fsl_lpsci.o
 .debug_abbrev  0x0000195f      0x320 ./drivers/fsl_spi.o
 .debug_abbrev  0x00001c7f      0x320 ./drivers/fsl_uart.o
 .debug_abbrev  0x00001f9f      0x14e ./board/board.o
 .debug_abbrev  0x000020ed      0x234 ./board/clock_config.o
 .debug_abbrev  0x00002321       0x31 ./board/peripherals.o
 .debug_abbrev  0x00002352      0x189 ./board/pin_mux.o
 .debug_abbrev  0x000024db      0x12e ./CMSIS/system_MKL25Z4.o
 .debug_abbrev  0x00002609       0x62 C:/nxp/MCUXpressoIDE_25.6.136/ide/plugins/com.nxp.mcuxpresso.tools.win32_25.6.0.202501151204/tools/bin/../lib/gcc/arm-none-eabi/14.2.1/../../../../arm-none-eabi/lib/thumb/v6-m/nofp\libcr_nohost_nf.a(_cr__main.o)
 .debug_abbrev  0x0000266b       0xa5 C:/nxp/MCUXpressoIDE_25.6.136/ide/plugins/com.nxp.mcuxpresso.tools.win32_25.6.0.202501151204/tools/bin/../lib/gcc/arm-none-eabi/14.2.1/../../../../arm-none-eabi/lib/thumb/v6-m/nofp\libcr_c.a(memset.o)
 .debug_abbrev  0x00002710      0x14b C:/nxp/MCUXpressoIDE_25.6.136/ide/plugins/com.nxp.mcuxpresso.tools.win32_25.6.0.202501151204/tools/bin/../lib/gcc/arm-none-eabi/14.2.1/../../../../arm-none-eabi/lib/thumb/v6-m/nofp\libcr_c.a(initio.o)
 .debug_abbrev  0x0000285b      0x3af C:/nxp/MCUXpressoIDE_25.6.136/ide/plugins/com.nxp.mcuxpresso.tools.win32_25.6.0.202501151204/tools/bin/../lib/gcc/arm-none-eabi/14.2.1/../../../../arm-none-eabi/lib/thumb/v6-m/nofp\libcr_c.a(printf.o)
 .debug_abbrev  0x00002c0a      0x445 C:/nxp/MCUXpressoIDE_25.6.136/ide/plugins/com.nxp.mcuxpresso.tools.win32_25.6.0.202501151204/tools/bin/../lib/gcc/arm-none-eabi/14.2.1/../../../../arm-none-eabi/lib/thumb/v6-m/nofp\libcr_c.a(scanf.o)
 .debug_abbrev  0x0000304f       0xe1 C:/nxp/MCUXpressoIDE_25.6.136/ide/plugins/com.nxp.mcuxpresso.tools.win32_25.6.0.202501151204/tools/bin/../lib/gcc/arm-none-eabi/14.2.1/../../../../arm-none-eabi/lib/thumb/v6-m/nofp\libcr_c.a(setvbuf.o)
 .debug_abbrev  0x00003130      0x2a6 C:/nxp/MCUXpressoIDE_25.6.136/ide/plugins/com.nxp.mcuxpresso.tools.win32_25.6.0.202501151204/tools/bin/../lib/gcc/arm-none-eabi/14.2.1/../../../../arm-none-eabi/lib/thumb/v6-m/nofp\libcr_c.a(stdlib.o)
 .debug_abbrev  0x000033d6       0x6c C:/nxp/MCUXpressoIDE_25.6.136/ide/plugins/com.nxp.mcuxpresso.tools.win32_25.6.0.202501151204/tools/bin/../lib/gcc/arm-none-eabi/14.2.1/../../../../arm-none-eabi/lib/thumb/v6-m/nofp\libcr_c.a(strchr.o)
 .debug_abbrev  0x00003442       0xa7 C:/nxp/MCUXpressoIDE_25.6.136/ide/plugins/com.nxp.mcuxpresso.tools.win32_25.6.0.202501151204/tools/bin/../lib/gcc/arm-none-eabi/14.2.1/../../../../arm-none-eabi/lib/thumb/v6-m/nofp\libcr_c.a(strcpy.o)
 .debug_abbrev  0x000034e9       0xa5 C:/nxp/MCUXpressoIDE_25.6.136/ide/plugins/com.nxp.mcuxpresso.tools.win32_25.6.0.202501151204/tools/bin/../lib/gcc/arm-none-eabi/14.2.1/../../../../arm-none-eabi/lib/thumb/v6-m/nofp\libcr_c.a(strlen.o)
 .debug_abbrev  0x0000358e      0x183 C:/nxp/MCUXpressoIDE_25.6.136/ide/plugins/com.nxp.mcuxpresso.tools.win32_25.6.0.202501151204/tools/bin/../lib/gcc/arm-none-eabi/14.2.1/../../../../arm-none-eabi/lib/thumb/v6-m/nofp\libcr_c.a(_deferredlazyseek.o)
 .debug_abbrev  0x00003711      0x119 C:/nxp/MCUXpressoIDE_25.6.136/ide/plugins/com.nxp.mcuxpresso.tools.win32_25.6.0.202501151204/tools/bin/../lib/gcc/arm-none-eabi/14.2.1/../../../../arm-none-eabi/lib/thumb/v6-m/nofp\libcr_c.a(_fdopen.o)
 .debug_abbrev  0x0000382a       0xf1 C:/nxp/MCUXpressoIDE_25.6.136/ide/plugins/com.nxp.mcuxpresso.tools.win32_25.6.0.202501151204/tools/bin/../lib/gcc/arm-none-eabi/14.2.1/../../../../arm-none-eabi/lib/thumb/v6-m/nofp\libcr_c.a(_fflush.o)
 .debug_abbrev  0x0000391b      0x126 C:/nxp/MCUXpressoIDE_25.6.136/ide/plugins/com.nxp.mcuxpresso.tools.win32_25.6.0.202501151204/tools/bin/../lib/gcc/arm-none-eabi/14.2.1/../../../../arm-none-eabi/lib/thumb/v6-m/nofp\libcr_c.a(_writebuf.o)
 .debug_abbrev  0x00003a41      0x27b C:/nxp/MCUXpressoIDE_25.6.136/ide/plugins/com.nxp.mcuxpresso.tools.win32_25.6.0.202501151204/tools/bin/../lib/gcc/arm-none-eabi/14.2.1/../../../../arm-none-eabi/lib/thumb/v6-m/nofp\libcr_c.a(alloc.o)
 .debug_abbrev  0x00003cbc       0xba C:/nxp/MCUXpressoIDE_25.6.136/ide/plugins/com.nxp.mcuxpresso.tools.win32_25.6.0.202501151204/tools/bin/../lib/gcc/arm-none-eabi/14.2.1/../../../../arm-none-eabi/lib/thumb/v6-m/nofp\libcr_c.a(ctype.o)
 .debug_abbrev  0x00003d76       0x44 C:/nxp/MCUXpressoIDE_25.6.136/ide/plugins/com.nxp.mcuxpresso.tools.win32_25.6.0.202501151204/tools/bin/../lib/gcc/arm-none-eabi/14.2.1/../../../../arm-none-eabi/lib/thumb/v6-m/nofp\libcr_c.a(errno.o)
 .debug_abbrev  0x00003dba      0x158 C:/nxp/MCUXpressoIDE_25.6.136/ide/plugins/com.nxp.mcuxpresso.tools.win32_25.6.0.202501151204/tools/bin/../lib/gcc/arm-none-eabi/14.2.1/../../../../arm-none-eabi/lib/thumb/v6-m/nofp\libcr_c.a(fclose.o)
 .debug_abbrev  0x00003f12      0x122 C:/nxp/MCUXpressoIDE_25.6.136/ide/plugins/com.nxp.mcuxpresso.tools.win32_25.6.0.202501151204/tools/bin/../lib/gcc/arm-none-eabi/14.2.1/../../../../arm-none-eabi/lib/thumb/v6-m/nofp\libcr_c.a(fflush.o)
 .debug_abbrev  0x00004034      0x11b C:/nxp/MCUXpressoIDE_25.6.136/ide/plugins/com.nxp.mcuxpresso.tools.win32_25.6.0.202501151204/tools/bin/../lib/gcc/arm-none-eabi/14.2.1/../../../../arm-none-eabi/lib/thumb/v6-m/nofp\libcr_c.a(fseek.o)
 .debug_abbrev  0x0000414f       0xc2 C:/nxp/MCUXpressoIDE_25.6.136/ide/plugins/com.nxp.mcuxpresso.tools.win32_25.6.0.202501151204/tools/bin/../lib/gcc/arm-none-eabi/14.2.1/../../../../arm-none-eabi/lib/thumb/v6-m/nofp\libcr_c.a(ftell.o)
 .debug_abbrev  0x00004211       0xed C:/nxp/MCUXpressoIDE_25.6.136/ide/plugins/com.nxp.mcuxpresso.tools.win32_25.6.0.202501151204/tools/bin/../lib/gcc/arm-none-eabi/14.2.1/../../../../arm-none-eabi/lib/thumb/v6-m/nofp\libcr_c.a(remove.o)
 .debug_abbrev  0x000042fe       0xaf C:/nxp/MCUXpressoIDE_25.6.136/ide/plugins/com.nxp.mcuxpresso.tools.win32_25.6.0.202501151204/tools/bin/../lib/gcc/arm-none-eabi/14.2.1/../../../../arm-none-eabi/lib/thumb/v6-m/nofp\libcr_c.a(__init_alloc.o)
 .debug_abbrev  0x000043ad       0xd3 C:/nxp/MCUXpressoIDE_25.6.136/ide/plugins/com.nxp.mcuxpresso.tools.win32_25.6.0.202501151204/tools/bin/../lib/gcc/arm-none-eabi/14.2.1/../../../../arm-none-eabi/lib/thumb/v6-m/nofp\libcr_c.a(_cr_sbrk.o)
 .debug_abbrev  0x00004480      0x12c C:/nxp/MCUXpressoIDE_25.6.136/ide/plugins/com.nxp.mcuxpresso.tools.win32_25.6.0.202501151204/tools/bin/../lib/gcc/arm-none-eabi/14.2.1/../../../../arm-none-eabi/lib/thumb/v6-m/nofp\libcr_c.a(_do_fflush.o)
 .debug_abbrev  0x000045ac       0x6b C:/nxp/MCUXpressoIDE_25.6.136/ide/plugins/com.nxp.mcuxpresso.tools.win32_25.6.0.202501151204/tools/bin/../lib/gcc/arm-none-eabi/14.2.1/../../../../arm-none-eabi/lib/thumb/v6-m/nofp\libcr_c.a(_cr_check_heap.o)
 .debug_abbrev  0x00004617      0x359 C:/nxp/MCUXpressoIDE_25.6.136/ide/plugins/com.nxp.mcuxpresso.tools.win32_25.6.0.202501151204/tools/bin/../lib/gcc/arm-none-eabi/14.2.1/thumb/v6-m/nofp\libcr_eabihelpers.a(float.o)
 .debug_abbrev  0x00004970       0xb5 C:/nxp/MCUXpressoIDE_25.6.136/ide/plugins/com.nxp.mcuxpresso.tools.win32_25.6.0.202501151204/tools/bin/../lib/gcc/arm-none-eabi/14.2.1/../../../../arm-none-eabi/lib/thumb/v6-m/nofp\libcr_nohost_nf.a(__ciob.o)
 .debug_abbrev  0x00004a25       0x2e C:/nxp/MCUXpressoIDE_25.6.136/ide/plugins/com.nxp.mcuxpresso.tools.win32_25.6.0.202501151204/tools/bin/../lib/gcc/arm-none-eabi/14.2.1/../../../../arm-none-eabi/lib/thumb/v6-m/nofp\libcr_nohost_nf.a(__sys_appexit.o)
 .debug_abbrev  0x00004a53       0x5c C:/nxp/MCUXpressoIDE_25.6.136/ide/plugins/com.nxp.mcuxpresso.tools.win32_25.6.0.202501151204/tools/bin/../lib/gcc/arm-none-eabi/14.2.1/../../../../arm-none-eabi/lib/thumb/v6-m/nofp\libcr_nohost_nf.a(__sys_close.o)
 .debug_abbrev  0x00004aaf       0x5c C:/nxp/MCUXpressoIDE_25.6.136/ide/plugins/com.nxp.mcuxpresso.tools.win32_25.6.0.202501151204/tools/bin/../lib/gcc/arm-none-eabi/14.2.1/../../../../arm-none-eabi/lib/thumb/v6-m/nofp\libcr_nohost_nf.a(__sys_flen.o)
 .debug_abbrev  0x00004b0b       0x5c C:/nxp/MCUXpressoIDE_25.6.136/ide/plugins/com.nxp.mcuxpresso.tools.win32_25.6.0.202501151204/tools/bin/../lib/gcc/arm-none-eabi/14.2.1/../../../../arm-none-eabi/lib/thumb/v6-m/nofp\libcr_nohost_nf.a(__sys_istty.o)
 .debug_abbrev  0x00004b67       0x7d C:/nxp/MCUXpressoIDE_25.6.136/ide/plugins/com.nxp.mcuxpresso.tools.win32_25.6.0.202501151204/tools/bin/../lib/gcc/arm-none-eabi/14.2.1/../../../../arm-none-eabi/lib/thumb/v6-m/nofp\libcr_nohost_nf.a(__sys_remove.o)
 .debug_abbrev  0x00004be4       0x6d C:/nxp/MCUXpressoIDE_25.6.136/ide/plugins/com.nxp.mcuxpresso.tools.win32_25.6.0.202501151204/tools/bin/../lib/gcc/arm-none-eabi/14.2.1/../../../../arm-none-eabi/lib/thumb/v6-m/nofp\libcr_nohost_nf.a(__sys_seek.o)
 .debug_abbrev  0x00004c51       0x76 C:/nxp/MCUXpressoIDE_25.6.136/ide/plugins/com.nxp.mcuxpresso.tools.win32_25.6.0.202501151204/tools/bin/../lib/gcc/arm-none-eabi/14.2.1/../../../../arm-none-eabi/lib/thumb/v6-m/nofp\libcr_nohost_nf.a(__sys_tmpnam.o)
 .debug_abbrev  0x00004cc7       0x76 C:/nxp/MCUXpressoIDE_25.6.136/ide/plugins/com.nxp.mcuxpresso.tools.win32_25.6.0.202501151204/tools/bin/../lib/gcc/arm-none-eabi/14.2.1/../../../../arm-none-eabi/lib/thumb/v6-m/nofp\libcr_nohost_nf.a(__sys_write.o)

.debug_aranges  0x00000000     0x1458
 .debug_aranges
                0x00000000       0x90 ./utilities/fsl_debug_console.o
 .debug_aranges
                0x00000090      0x160 ./startup/startup_mkl25z4.o
 .debug_aranges
                0x000001f0      0x318 ./source/MKL25Z4_Proiect_MP.o
 .debug_aranges
                0x00000508       0x18 ./source/mtb.o
 .debug_aranges
                0x00000520       0x20 ./source/semihost_hardfault.o
 .debug_aranges