Archive member included to satisfy reference by file (symbol)

C:/nxp/MCUXpressoIDE_25.6.136/ide/plugins/com.nxp.mcuxpresso.tools.win32_25.6.0.202501151204/tools/bin/../lib/gcc/arm-none-eabi/14.2.1/../../../../arm-none-eabi/lib/thumb/v6-m/nofp\libcr_nohost_nf.a(_cr__main.o)
                              ./startup/startup_mkl25z4.o (__main)
C:/nxp/MCUXpressoIDE_25.6.136/ide/plugins/com.nxp.mcuxpresso.tools.win32_25.6.0.202501151204/tools/bin/../lib/gcc/arm-none-eabi/14.2.1/../../../../arm-none-eabi/lib/thumb/v6-m/nofp\libcr_c.a(memcpy.o)
                              ./drivers/fsl_flash.o (memcpy)
C:/nxp/MCUXpressoIDE_25.6.136/ide/plugins/com.nxp.mcuxpresso.tools.win32_25.6.0.202501151204/tools/bin/../lib/gcc/arm-none-eabi/14.2.1/../../../../arm-none-eabi/lib/thumb/v6-m/nofp\libcr_c.a(memset.o)
                              ./source/MKL25Z4_Display_My_test.o (memset)
C:/nxp/MCUXpressoIDE_25.6.136/ide/plugins/com.nxp.mcuxpresso.tools.win32_25.6.0.202501151204/tools/bin/../lib/gcc/arm-none-eabi/14.2.1/../../../../arm-none-eabi/lib/thumb/v6-m/nofp\libcr_c.a(initio.o)
                              C:/nxp/MCUXpressoIDE_25.6.136/ide/plugins/com.nxp.mcuxpresso.tools.win32_25.6.0.202501151204/tools/bin/../lib/gcc/arm-none-eabi/14.2.1/../../../../arm-none-eabi/lib/thumb/v6-m/nofp\libcr_nohost_nf.a(_cr__main.o) (_initio)
C:/nxp/MCUXpressoIDE_25.6.136/ide/plugins/com.nxp.mcuxpresso.tools.win32_25.6.0.202501151204/tools/bin/../lib/gcc/arm-none-eabi/14.2.1/../../../../arm-none-eabi/lib/thumb/v6-m/nofp\libcr_c.a(printf.o)
                              ./source/MKL25Z4_Display_My_test.o (_snprintf)
C:/nxp/MCUXpressoIDE_25.6.136/ide/plugins/com.nxp.mcuxpresso.tools.win32_25.6.0.202501151204/tools/bin/../lib/gcc/arm-none-eabi/14.2.1/../../../../arm-none-eabi/lib/thumb/v6-m/nofp\libcr_c.a(scanf.o)
                              ./source/MKL25Z4_Display_My_test.o (atoi)
C:/nxp/MCUXpressoIDE_25.6.136/ide/plugins/com.nxp.mcuxpresso.tools.win32_25.6.0.202501151204/tools/bin/../lib/gcc/arm-none-eabi/14.2.1/../../../../arm-none-eabi/lib/thumb/v6-m/nofp\libcr_c.a(setvbuf.o)
                              C:/nxp/MCUXpressoIDE_25.6.136/ide/plugins/com.nxp.mcuxpresso.tools.win32_25.6.0.202501151204/tools/bin/../lib/gcc/arm-none-eabi/14.2.1/../../../../arm-none-eabi/lib/thumb/v6-m/nofp\libcr_c.a(initio.o) (setvbuf)
C:/nxp/MCUXpressoIDE_25.6.136/ide/plugins/com.nxp.mcuxpresso.tools.win32_25.6.0.202501151204/tools/bin/../lib/gcc/arm-none-eabi/14.2.1/../../../../arm-none-eabi/lib/thumb/v6-m/nofp\libcr_c.a(stdlib.o)
                              ./source/MKL25Z4_Display_My_test.o (rand)
C:/nxp/MCUXpressoIDE_25.6.136/ide/plugins/com.nxp.mcuxpresso.tools.win32_25.6.0.202501151204/tools/bin/../lib/gcc/arm-none-eabi/14.2.1/../../../../arm-none-eabi/lib/thumb/v6-m/nofp\libcr_c.a(strchr.o)
                              ./source/MKL25Z4_Display_My_test.o (strchr)
C:/nxp/MCUXpressoIDE_25.6.136/ide/plugins/com.nxp.mcuxpresso.tools.win32_25.6.0.202501151204/tools/bin/../lib/gcc/arm-none-eabi/14.2.1/../../../../arm-none-eabi/lib/thumb/v6-m/nofp\libcr_c.a(strcpy.o)
                              ./source/MKL25Z4_Display_My_test.o (strcpy)
C:/nxp/MCUXpressoIDE_25.6.136/ide/plugins/com.nxp.mcuxpresso.tools.win32_25.6.0.202501151204/tools/bin/../lib/gcc/arm-none-eabi/14.2.1/../../../../arm-none-eabi/lib/thumb/v6-m/nofp\libcr_c.a(strlen.o)
                              ./utilities/fsl_debug_console.o (strlen)
C:/nxp/MCUXpressoIDE_25.6.136/ide/plugins/com.nxp.mcuxpresso.tools.win32_25.6.0.202501151204/tools/bin/../lib/gcc/arm-none-eabi/14.2.1/../../../../arm-none-eabi/lib/thumb/v6-m/nofp\libcr_c.a(ungetc.o)
                              C:/nxp/MCUXpressoIDE_25.6.136/ide/plugins/com.nxp.mcuxpresso.tools.win32_25.6.0.202501151204/tools/bin/../lib/gcc/arm-none-eabi/14.2.1/../../../../arm-none-eabi/lib/thumb/v6-m/nofp\libcr_c.a(scanf.o) (ungetc)
C:/nxp/MCUXpressoIDE_25.6.136/ide/plugins/com.nxp.mcuxpresso.tools.win32_25.6.0.202501151204/tools/bin/../lib/gcc/arm-none-eabi/14.2.1/../../../../arm-none-eabi/lib/thumb/v6-m/nofp\libcr_c.a(__fillbuf.o)
                              C:/nxp/MCUXpressoIDE_25.6.136/ide/plugins/com.nxp.mcuxpresso.tools.win32_25.6.0.202501151204/tools/bin/../lib/gcc/arm-none-eabi/14.2.1/../../../../arm-none-eabi/lib/thumb/v6-m/nofp\libcr_c.a(scanf.o) (__filbuf)
C:/nxp/MCUXpressoIDE_25.6.136/ide/plugins/com.nxp.mcuxpresso.tools.win32_25.6.0.202501151204/tools/bin/../lib/gcc/arm-none-eabi/14.2.1/../../../../arm-none-eabi/lib/thumb/v6-m/nofp\libcr_c.a(_deferredlazyseek.o)
                              C:/nxp/MCUXpressoIDE_25.6.136/ide/plugins/com.nxp.mcuxpresso.tools.win32_25.6.0.202501151204/tools/bin/../lib/gcc/arm-none-eabi/14.2.1/../../../../arm-none-eabi/lib/thumb/v6-m/nofp\libcr_c.a(__fillbuf.o) (_deferredlazyseek)
C:/nxp/MCUXpressoIDE_25.6.136/ide/plugins/com.nxp.mcuxpresso.tools.win32_25.6.0.202501151204/tools/bin/../lib/gcc/arm-none-eabi/14.2.1/../../../../arm-none-eabi/lib/thumb/v6-m/nofp\libcr_c.a(_fdopen.o)
[...]
Memory Configuration

Name             Origin             Length             Attributes
PROGRAM_FLASH    0x00000000         0x00020000         xr
SRAM             0x1ffff000         0x00004000         xrw
*default*        0x00000000         0xffffffff

Linker script and memory map

LOAD ./utilities/fsl_debug_console.o
LOAD ./startup/startup_mkl25z4.o
LOAD ./source/MKL25Z4_Display_My_test.o
LOAD ./source/mtb.o
LOAD ./source/semihost_hardfault.o
LOAD ./source/st7735_simple.o
LOAD ./drivers/fsl_adc16.o
LOAD ./drivers/fsl_clock.o
LOAD ./drivers/fsl_common.o
LOAD ./drivers/fsl_flash.o
LOAD ./drivers/fsl_gpio.o
LOAD ./drivers/fsl_lpsci.o
LOAD ./drivers/fsl_smc.o
LOAD ./drivers/fsl_spi.o
LOAD ./drivers/fsl_tpm.o
LOAD ./drivers/fsl_uart.o
LOAD ./board/board.o
LOAD ./board/clock_config.o
LOAD ./board/peripherals.o
LOAD ./board/pin_mux.o
LOAD ./CMSIS/system_MKL25Z4.o
START GROUP
LOAD C:/nxp/MCUXpressoIDE_25.6.136/ide/plugins/com.nxp.mcuxpresso.tools.win32_25.6.0.202501151204/tools/bin/../lib/gcc/arm-none-eabi/14.2.1/../../../../arm-none-eabi/lib/thumb/v6-m/nofp\libcr_nohost_nf.a
LOAD C:/nxp/MCUXpressoIDE_25.6.136/ide/plugins/com.nxp.mcuxpresso.tools.win32_25.6.0.202501151204/tools/bin/../lib/gcc/arm-none-eabi/14.2.1/../../../../arm-none-eabi/lib/thumb/v6-m/nofp\libcr_c.a
LOAD C:/nxp/MCUXpressoIDE_25.6.136/ide/plugins/com.nxp.mcuxpresso.tools.win32_25.6.0.202501151204/tools/bin/../lib/gcc/arm-none-eabi/14.2.1/thumb/v6-m/nofp\libcr_eabihelpers.a
LOAD C:/nxp/MCUXpressoIDE_25.6.136/ide/plugins/com.nxp.mcuxpresso.tools.win32_25.6.0.202501151204/tools/bin/../lib/gcc/arm-none-eabi/14.2.1/thumb/v6-m/nofp\libgcc.a
END GROUP
                0x00000000                        __base_PROGRAM_FLASH = 0x0
                0x00000000                        __base_Flash = 0x0
                0x00020000                        __top_PROGRAM_FLASH = 0x20000
                0x00020000                        __top_Flash = 0x20000
                0x1ffff000                        __base_SRAM = 0x1ffff000
                0x1ffff000                        __base_RAM = 0x1ffff000
                0x20003000                        __top_SRAM = 0x20003000
                0x20003000                        __top_RAM = 0x20003000

.text           0x00000000     0xbe44
 FILL mask 0xff
                0x00000000                        __vectors_start__ = ABSOLUTE (.)
 *(SORT_BY_ALIGNMENT(.isr_vector))
 .isr_vector    0x00000000       0xc0 ./startup/startup_mkl25z4.o
                0x00000000                g_pfnVectors
                0x00000000                __Vectors
                0x000000c0                        . = ALIGN (0x4)
                0x000000c0                        __section_table_start = .
                0x000000c0                        __data_section_table = .
                0x000000c0        0x4 LONG 0xbe44 LOADADDR (.data)
                0x000000c4        0x4 LONG 0x1ffff080 ADDR (.data)
                0x000000c8        0x4 LONG 0xfc SIZEOF (.data)
                0x000000cc                        __data_section_table_end = .
                0x000000cc                        __bss_section_table = .
                0x000000cc        0x4 LONG 0x1ffff17c ADDR (.bss)
                0x000000d0        0x4 LONG 0x35c SIZEOF (.bss)
                0x000000d4                        __bss_section_table_end = .
                0x000000d4                        __section_table_end = .
 *(SORT_BY_ALIGNMENT(.after_vectors*))
 .after_vectors.reset
                0x000000d4       0x4c ./startup/startup_mkl25z4.o
                0x000000d4                ResetISR
 .after_vectors.init_data
                0x00000120       0x12 ./startup/startup_mkl25z4.o
                0x00000120                data_init
 .after_vectors.init_bss
                0x00000132       0x10 ./startup/startup_mkl25z4.o
                0x00000132                bss_init
 .after_vectors
                0x00000142      0x10c ./startup/startup_mkl25z4.o
                0x00000142                NMI_Handler
                0x00000146                SVC_Handler
                0x00000148                PendSV_Handler
                0x0000014c                LPTMR0_DriverIRQHandler
                0x0000014c                DMA0_DriverIRQHandler
                0x0000014c                I2C0_DriverIRQHandler
                0x0000014c                Reserved39_DriverIRQHandler
                0x0000014c                PORTD_DriverIRQHandler
                0x0000014c                DMA2_DriverIRQHandler
                0x0000014c                CMP0_DriverIRQHandler
                0x0000014c                TPM2_DriverIRQHandler
                0x0000014c                ADC0_DriverIRQHandler
                0x0000014c                TSI0_DriverIRQHandler
                0x0000014c                RTC_Seconds_DriverIRQHandler
                0x0000014c                I2C1_DriverIRQHandler
                0x0000014c                DMA1_DriverIRQHandler
                0x0000014c                LLWU_DriverIRQHandler
                0x0000014c                MCG_DriverIRQHandler
                0x0000014c                PIT_DriverIRQHandler
                0x0000014c                RTC_DriverIRQHandler
                0x0000014c                TPM1_DriverIRQHandler
                0x0000014c                FTFA_DriverIRQHandler
                0x0000014c                IntDefaultHandler
                0x0000014c                USB0_DriverIRQHandler
                0x0000014c                DAC0_DriverIRQHandler
                0x0000014c                LVD_LVW_DriverIRQHandler
                0x0000014c                TPM0_DriverIRQHandler
                0x0000014c                PORTA_DriverIRQHandler
                0x0000014c                Reserved45_DriverIRQHandler
                0x0000014c                Reserved20_DriverIRQHandler
                0x0000014c                DMA3_DriverIRQHandler
                0x0000014e                DMA0_IRQHandler
                0x00000156                DMA1_IRQHandler
                0x0000015e                DMA2_IRQHandler
                0x00000166                DMA3_IRQHandler
                0x0000016e                Reserved20_IRQHandler
                0x00000176                FTFA_IRQHandler
                0x0000017e                LVD_LVW_IRQHandler
                0x00000186                LLWU_IRQHandler
                0x0000018e                I2C0_IRQHandler
                0x00000196                I2C1_IRQHandler
                0x0000019e                SPI0_IRQHandler
                0x000001a6                SPI1_IRQHandler
                0x000001ae                UART0_IRQHandler
                0x000001b6                UART1_IRQHandler
                0x000001be                UART2_IRQHandler
                0x000001c6                ADC0_IRQHandler
                0x000001ce                CMP0_IRQHandler
                0x000001de                TPM1_IRQHandler
                0x000001e6                TPM2_IRQHandler
                0x000001ee                RTC_IRQHandler
                0x000001f6                RTC_Seconds_IRQHandler
                0x00000206                Reserved39_IRQHandler
                0x0000020e                USB0_IRQHandler
                0x00000216                DAC0_IRQHandler
                0x0000021e                TSI0_IRQHandler
                0x00000226                MCG_IRQHandler
                0x0000022e                LPTMR0_IRQHandler
                0x00000236                Reserved45_IRQHandler
                0x00000400                        . = 0x400
 *fill*         0x0000024e      0x1b2 ff
                0x00000400                        PROVIDE (__FLASH_CONFIG_START__ = .)
 *(SORT_BY_ALIGNMENT(.FlashConfig))
 .FlashConfig   0x00000400       0x10 ./startup/startup_mkl25z4.o
                0x00000400                Flash_Config
                0x00000410                        PROVIDE (__FLASH_CONFIG_END__ = .)
                0x00000001                        ASSERT (! ((__FLASH_CONFIG_START__ == __FLASH_CONFIG_END__)), Linker Flash Config Support Enabled, but no .FlashConfig section provided within application)
 *(SORT_BY_ALIGNMENT(.text*))
 .text.DbgConsole_Init
                0x00000410       0xf4 ./utilities/fsl_debug_console.o
                0x00000410                DbgConsole_Init
 .text.DbgConsole_Printf
                0x00000504       0x44 ./utilities/fsl_debug_console.o
                0x00000504                DbgConsole_Printf
 .text.DbgConsole_Putchar
                0x00000548       0x34 ./utilities/fsl_debug_console.o
                0x00000548                DbgConsole_Putchar
 .text.NVIC_EnableIRQ
                0x0000057c       0x2c ./source/MKL25Z4_Display_My_test.o
 .text.NVIC_ClearPendingIRQ
                0x000005a8       0x30 ./source/MKL25Z4_Display_My_test.o
 .text.NVIC_SetPriority
                0x000005d8       0xdc ./source/MKL25Z4_Display_My_test.o
 .text.SysTick_Config
                0x000006b4       0x48 ./source/MKL25Z4_Display_My_test.o
 .text.CLOCK_EnableClock
                0x000006fc       0x34 ./source/MKL25Z4_Display_My_test.o
 .text.CLOCK_SetTpmClock
                0x00000730       0x38 ./source/MKL25Z4_Display_My_test.o
 .text.ADC16_GetChannelConversionValue
                0x00000768       0x30 ./source/MKL25Z4_Display_My_test.o
 .text.PORT_SetPinMux
                0x00000798       0x40 ./source/MKL25Z4_Display_My_test.o
 .text.PORT_SetPinInterruptConfig
                0x000007d8       0x40 ./source/MKL25Z4_Display_My_test.o
 .text.SysTick_Handler
                0x00000818       0x18 ./source/MKL25Z4_Display_My_test.o
                0x00000818                SysTick_Handler
 .text.Timer_Init
                0x00000830       0x30 ./source/MKL25Z4_Display_My_test.o
                0x00000830                Timer_Init
 .text.Timer_GetMs
                0x00000860       0x14 ./source/MKL25Z4_Display_My_test.o
                0x00000860                Timer_GetMs
 .text.delay_ms
                0x00000874       0x30 ./source/MKL25Z4_Display_My_test.o
                0x00000874                delay_ms
 .text.PIT_Init
                0x000008a4       0xf8 ./source/MKL25Z4_Display_My_test.o
                0x000008a4                PIT_Init
 .text.PIT_IRQHandler
                0x0000099c       0x54 ./source/MKL25Z4_Display_My_test.o
                0x0000099c                PIT_IRQHandler
 .text.LED_Arcade_Init
                0x000009f0       0xec ./source/MKL25Z4_Display_My_test.o
                0x000009f0                LED_Arcade_Init
 .text.LED_GoalFlash
                0x00000adc       0x9c ./source/MKL25Z4_Display_My_test.o
                0x00000adc                LED_GoalFlash
 .text.LED_BothFlash
                0x00000b78       0x9c ./source/MKL25Z4_Display_My_test.o
                0x00000b78                LED_BothFlash
 .text.LED_AlternatingFlash
                0x00000c14       0x9c ./source/MKL25Z4_Display_My_test.o
                0x00000c14                LED_AlternatingFlash
 .text.LED_VictoryPulse
                0x00000cb0       0x94 ./source/MKL25Z4_Display_My_test.o
                0x00000cb0                LED_VictoryPulse
 .text.Buzzer_Init
                0x00000d44       0x70 ./source/MKL25Z4_Display_My_test.o
                0x00000d44                Buzzer_Init
 .text.Buzzer_Tone
                0x00000db4       0xa4 ./source/MKL25Z4_Display_My_test.o
                0x00000db4                Buzzer_Tone
 .text.Buzzer_Off
                0x00000e58       0x14 ./source/MKL25Z4_Display_My_test.o
                0x00000e58                Buzzer_Off
 .text.Buzzer_GoalSound
                0x00000e6c       0x54 ./source/MKL25Z4_Display_My_test.o
                0x00000e6c                Buzzer_GoalSound
 .text.Buzzer_StartSound
                0x00000ec0       0x3c ./source/MKL25Z4_Display_My_test.o
                0x00000ec0                Buzzer_StartSound
 .text.Buzzer_GameOverSound
                0x00000efc       0x48 ./source/MKL25Z4_Display_My_test.o
                0x00000efc                Buzzer_GameOverSound
 .text.GetInputName
                0x00000f44       0x60 ./source/MKL25Z4_Display_My_test.o
                0x00000f44                GetInputName
 .text.IsInputAvailable
                0x00000fa4       0x6c ./source/MKL25Z4_Display_My_test.o
                0x00000fa4                IsInputAvailable
 .text.UI_PrintStats
                0x00001010       0xa4 ./source/MKL25Z4_Display_My_test.o
                0x00001010                UI_PrintStats
 .text.PORTD_IRQHandler
                0x000010b4       0x3c ./source/MKL25Z4_Display_My_test.o
                0x000010b4                PORTD_IRQHandler
 .text.Joystick_ReadADC
                0x000010f0       0x58 ./source/MKL25Z4_Display_My_test.o
 .text.Joystick_Init
                0x00001148       0xb8 ./source/MKL25Z4_Display_My_test.o
                0x00001148                Joystick_Init
 .text.Joystick_Process
                0x00001200       0x64 ./source/MKL25Z4_Display_My_test.o
                0x00001200                Joystick_Process
 .text.Joystick_GetMenuAction
                0x00001264       0x64 ./source/MKL25Z4_Display_My_test.o
                0x00001264                Joystick_GetMenuAction
 .text.Joystick_GetY_Percent
                0x000012c8       0x14 ./source/MKL25Z4_Display_My_test.o
                0x000012c8                Joystick_GetY_Percent
 .text.TPM0_IRQHandler
                0x000012dc       0x70 ./source/MKL25Z4_Display_My_test.o
                0x000012dc                TPM0_IRQHandler
 .text.PORTA_IRQHandler
                0x0000134c       0x7c ./source/MKL25Z4_Display_My_test.o
                0x0000134c                PORTA_IRQHandler
 .text.IR_DecodeNEC
                0x000013c8      0x148 ./source/MKL25Z4_Display_My_test.o
                0x000013c8                IR_DecodeNEC
 .text.IR_Init  0x00001510       0x78 ./source/MKL25Z4_Display_My_test.o
                0x00001510                IR_Init
 .text.TPM0_Init
                0x00001588       0x4c ./source/MKL25Z4_Display_My_test.o
                0x00001588                TPM0_Init
 .text.IR_GetMenuAction
                0x000015d4       0xe0 ./source/MKL25Z4_Display_My_test.o
                0x000015d4                IR_GetMenuAction
 .text.IR_ProcessGameInput
                0x000016b4      0x108 ./source/MKL25Z4_Display_My_test.o
                0x000016b4                IR_ProcessGameInput
 .text.IR_GetCurrentDirection
                0x000017bc       0x14 ./source/MKL25Z4_Display_My_test.o
                0x000017bc                IR_GetCurrentDirection
 .text.IR_ResetGameState
                0x000017d0       0x3c ./source/MKL25Z4_Display_My_test.o
                0x000017d0                IR_ResetGameState
 .text.IR_CheckPauseOnly
                0x0000180c       0x94 ./source/MKL25Z4_Display_My_test.o
                0x0000180c                IR_CheckPauseOnly
 .text.IR_IsPausePressed
                0x000018a0       0xa4 ./source/MKL25Z4_Display_My_test.o
                0x000018a0                IR_IsPausePressed
 .text.Gyro_Init
                0x00001944       0x90 ./source/MKL25Z4_Display_My_test.o
                0x00001944                Gyro_Init
 .text.Gyro_Check_UART_Data
                0x000019d4       0xa8 ./source/MKL25Z4_Display_My_test.o
                0x000019d4                Gyro_Check_UART_Data
 .text.Map_Angle_To_Paddle
                0x00001a7c       0xa4 ./source/MKL25Z4_Display_My_test.o
                0x00001a7c                Map_Angle_To_Paddle
 .text.Gyro_GetCompassDir
                0x00001b20      0x138 ./source/MKL25Z4_Display_My_test.o
                0x00001b20                Gyro_GetCompassDir
 .text.Gyro_Process_Data
                0x00001c58      0x140 ./source/MKL25Z4_Display_My_test.o
                0x00001c58                Gyro_Process_Data
 .text.Gyro_GetPaddleY
                0x00001d98       0x14 ./source/MKL25Z4_Display_My_test.o
                0x00001d98                Gyro_GetPaddleY
 .text.Gyro_IsActive
                0x00001dac       0x28 ./source/MKL25Z4_Display_My_test.o
                0x00001dac                Gyro_IsActive
 .text.AI_PredictBallY
                0x00001dd4      0x108 ./source/MKL25Z4_Display_My_test.o
                0x00001dd4                AI_PredictBallY
 .text.AI_UpdatePaddle
                0x00001edc      0x314 ./source/MKL25Z4_Display_My_test.o
                0x00001edc                AI_UpdatePaddle
 .text.Game_Init
                0x000021f0      0x16c ./source/MKL25Z4_Display_My_test.o
                0x000021f0                Game_Init
 .text.Game_DrawField
                0x0000235c       0x80 ./source/MKL25Z4_Display_My_test.o
                0x0000235c                Game_DrawField
 .text.Game_DrawScore
                0x000023dc       0xb4 ./source/MKL25Z4_Display_My_test.o
                0x000023dc                Game_DrawScore
 .text.Game_DrawPaddle
                0x00002490      0x170 ./source/MKL25Z4_Display_My_test.o
                0x00002490                Game_DrawPaddle
 .text.Game_RedrawCenterLine
                0x00002600       0x48 ./source/MKL25Z4_Display_My_test.o
                0x00002600                Game_RedrawCenterLine
 .text.Game_DrawBall
                0x00002648       0xf4 ./source/MKL25Z4_Display_My_test.o
                0x00002648                Game_DrawBall
 .text.Game_ResetBall
                0x0000273c       0xa8 ./source/MKL25Z4_Display_My_test.o
                0x0000273c                Game_ResetBall
 .text.Game_Update
                0x000027e4      0x740 ./source/MKL25Z4_Display_My_test.o
                0x000027e4                Game_Update
 .text.Game_Start
                0x00002f24      0x2c4 ./source/MKL25Z4_Display_My_test.o
                0x00002f24                Game_Start
 .text.DrawTitle
                0x000031e8       0x40 ./source/MKL25Z4_Display_My_test.o
                0x000031e8                DrawTitle
 .text.DrawMenuItem
                0x00003228      0x100 ./source/MKL25Z4_Display_My_test.o
                0x00003228                DrawMenuItem
 .text.DrawInputMenuItem
                0x00003328      0x214 ./source/MKL25Z4_Display_My_test.o
                0x00003328                DrawInputMenuItem
 .text.DrawBackOption
                0x0000353c       0xb8 ./source/MKL25Z4_Display_My_test.o
                0x0000353c                DrawBackOption
 .text.DrawMainScreen
                0x000035f4      0x108 ./source/MKL25Z4_Display_My_test.o
                0x000035f4                DrawMainScreen
 .text.DrawStartScreen
                0x000036fc       0x68 ./source/MKL25Z4_Display_My_test.o
                0x000036fc                DrawStartScreen
 .text.DrawSelectInputScreen
                0x00003764      0x118 ./source/MKL25Z4_Display_My_test.o
                0x00003764                DrawSelectInputScreen
 .text.DrawSelectP1Screen
                0x0000387c       0x94 ./source/MKL25Z4_Display_My_test.o
                0x0000387c                DrawSelectP1Screen
 .text.DrawSelectP2Screen
                0x00003910       0x94 ./source/MKL25Z4_Display_My_test.o
                0x00003910                DrawSelectP2Screen
 .text.DrawDifficultyScreen
                0x000039a4      0x124 ./source/MKL25Z4_Display_My_test.o
                0x000039a4                DrawDifficultyScreen
 .text.DrawGameOverScreen
                0x00003ac8      0x1cc ./source/MKL25Z4_Display_My_test.o
                0x00003ac8                DrawGameOverScreen
 .text.DrawPausedScreen
                0x00003c94      0x118 ./source/MKL25Z4_Display_My_test.o
                0x00003c94                DrawPausedScreen
 .text.DrawBMOFace
                0x00003dac      0x1ac ./source/MKL25Z4_Display_My_test.o
                0x00003dac                DrawBMOFace
 .text.PlayIntroAnimation
                0x00003f58     0x1018 ./source/MKL25Z4_Display_My_test.o
                0x00003f58                PlayIntroAnimation
 .text.DrawCurrentScreen
                0x00004f70       0xac ./source/MKL25Z4_Display_My_test.o
                0x00004f70                DrawCurrentScreen
 .text.Menu_MoveUp
                0x0000501c       0x3c ./source/MKL25Z4_Display_My_test.o
                0x0000501c                Menu_MoveUp
 .text.Menu_MoveDown
                0x00005058       0x38 ./source/MKL25Z4_Display_My_test.o
                0x00005058                Menu_MoveDown
 .text.ChangeScreen
                0x00005090       0x34 ./source/MKL25Z4_Display_My_test.o
                0x00005090                ChangeScreen
 .text.Menu_Select
                0x000050c4      0x2e0 ./source/MKL25Z4_Display_My_test.o
                0x000050c4                Menu_Select
 .text.ProcessGameInput
                0x000053a4      0x198 ./source/MKL25Z4_Display_My_test.o
                0x000053a4                ProcessGameInput
 .text.main     0x0000553c      0x300 ./source/MKL25Z4_Display_My_test.o
                0x0000553c                main
 .text.HardFault_Handler
                0x0000583c       0x38 ./source/semihost_hardfault.o
                0x0000583c                HardFault_Handler
 .text.CLOCK_EnableClock
                0x00005874       0x34 ./source/st7735_simple.o
 .text.PORT_SetPinMux
                0x000058a8       0x40 ./source/st7735_simple.o
 .text.delay_ms
                0x000058e8       0x30 ./source/st7735_simple.o
 .text.SPI_WriteByteFast
                0x00005918       0x44 ./source/st7735_simple.o
 .text.WriteCommand
                0x0000595c       0x34 ./source/st7735_simple.o
 .text.WriteData
                0x00005990       0x34 ./source/st7735_simple.o
 .text.SetWindow
                0x000059c4       0xb0 ./source/st7735_simple.o
 .text.ST7735_Init
                0x00005a74      0x38c ./source/st7735_simple.o
                0x00005a74                ST7735_Init
 .text.ST7735_DrawPixel
                0x00005e00       0xa0 ./source/st7735_simple.o
                0x00005e00                ST7735_DrawPixel
 .text.ST7735_FillRect
                0x00005ea0      0x1c4 ./source/st7735_simple.o
                0x00005ea0                ST7735_FillRect
 .text.ST7735_DrawHLine
                0x00006064      0x14c ./source/st7735_simple.o
                0x00006064                ST7735_DrawHLine
 .text.ST7735_DrawVLine
                0x000061b0      0x150 ./source/st7735_simple.o
                0x000061b0                ST7735_DrawVLine
 .text.ST7735_DrawChar
                0x00006300      0x218 ./source/st7735_simple.o
                0x00006300                ST7735_DrawChar
 .text.CLOCK_EnableClock
                0x00006518       0x34 ./drivers/fsl_adc16.o
 .text.ADC16_GetInstance
                0x0000654c       0x48 ./drivers/fsl_adc16.o
 .text.ADC16_Init
                0x00006594      0x114 ./drivers/fsl_adc16.o
                0x00006594                ADC16_Init
 .text.ADC16_GetDefaultConfig
                0x000066a8       0x58 ./drivers/fsl_adc16.o
                0x000066a8                ADC16_GetDefaultConfig
 .text.ADC16_SetChannelConfig
                0x00006700       0x6c ./drivers/fsl_adc16.o
                0x00006700                ADC16_SetChannelConfig
 .text.ADC16_GetChannelStatusFlags
                0x0000676c       0x40 ./drivers/fsl_adc16.o
                0x0000676c                ADC16_GetChannelStatusFlags
 .text.CLOCK_SetEr32kClock
                0x000067ac       0x34 ./drivers/fsl_clock.o
 .text.CLOCK_SetPllFllSelClock
                0x000067e0       0x38 ./drivers/fsl_clock.o
 .text.CLOCK_GetMcgExtClkFreq
                0x00006818       0x28 ./drivers/fsl_clock.o
 .text.CLOCK_GetFllExtRefClkFreq
                0x00006840       0xa8 ./drivers/fsl_clock.o
 .text.CLOCK_GetInternalRefClkSelectFreq
                0x000068e8       0x40 ./drivers/fsl_clock.o
 .text.CLOCK_GetFllRefClkFreq
                0x00006928       0x2c ./drivers/fsl_clock.o
 .text.CLOCK_GetOscRangeFromFreq
                0x00006954       0x4c ./drivers/fsl_clock.o
 .text.CLOCK_GetOsc0ErClkFreq
                0x000069a0       0x3c ./drivers/fsl_clock.o
                0x000069a0                CLOCK_GetOsc0ErClkFreq
 .text.CLOCK_GetEr32kClkFreq
                0x000069dc       0x78 ./drivers/fsl_clock.o
                0x000069dc                CLOCK_GetEr32kClkFreq
 .text.CLOCK_GetPllFllSelClkFreq
                0x00006a54       0x4c ./drivers/fsl_clock.o
                0x00006a54                CLOCK_GetPllFllSelClkFreq
 .text.CLOCK_GetFreq
                0x00006aa0       0xe0 ./drivers/fsl_clock.o
                0x00006aa0                CLOCK_GetFreq
 .text.CLOCK_SetSimConfig
                0x00006b80       0x38 ./drivers/fsl_clock.o
                0x00006b80                CLOCK_SetSimConfig
 .text.CLOCK_GetOutClkFreq
                0x00006bb8       0x78 ./drivers/fsl_clock.o
                0x00006bb8                CLOCK_GetOutClkFreq
 .text.CLOCK_GetFllFreq
                0x00006c30       0x84 ./drivers/fsl_clock.o
                0x00006c30                CLOCK_GetFllFreq
 .text.CLOCK_GetInternalRefClkFreq
                0x00006cb4       0x28 ./drivers/fsl_clock.o
                0x00006cb4                CLOCK_GetInternalRefClkFreq
 .text.CLOCK_GetPll0Freq
                0x00006cdc       0x70 ./drivers/fsl_clock.o
                0x00006cdc                CLOCK_GetPll0Freq
 .text.CLOCK_SetInternalRefClkConfig
                0x00006d4c      0x124 ./drivers/fsl_clock.o
                0x00006d4c                CLOCK_SetInternalRefClkConfig
 .text.CLOCK_EnablePll0
                0x00006e70       0x94 ./drivers/fsl_clock.o
                0x00006e70                CLOCK_EnablePll0
 .text.CLOCK_InitOsc0
                0x00006f04       0x94 ./drivers/fsl_clock.o
                0x00006f04                CLOCK_InitOsc0
 .text.CLOCK_SetPbeMode
                0x00006f98       0xb0 ./drivers/fsl_clock.o
                0x00006f98                CLOCK_SetPbeMode
 .text.CLOCK_BootToPeeMode
                0x00007048       0x70 ./drivers/fsl_clock.o
                0x00007048                CLOCK_BootToPeeMode
 .text.__assertion_failed
                0x000070b8       0x1c ./drivers/fsl_common.o
                0x000070b8                __assertion_failed
 .text.GPIO_PinInit
                0x000070d4       0x64 ./drivers/fsl_gpio.o
                0x000070d4                GPIO_PinInit
 .text.CLOCK_EnableClock
                0x00007138       0x34 ./drivers/fsl_lpsci.o
 .text.LPSCI_GetInstance
                0x0000716c       0x48 ./drivers/fsl_lpsci.o
                0x0000716c                LPSCI_GetInstance
 .text.LPSCI_Init
                0x000071b4      0x258 ./drivers/fsl_lpsci.o
                0x000071b4                LPSCI_Init
 .text.LPSCI_GetDefaultConfig
                0x0000740c       0x44 ./drivers/fsl_lpsci.o
                0x0000740c                LPSCI_GetDefaultConfig
 .text.LPSCI_ClearStatusFlags
                0x00007450       0x94 ./drivers/fsl_lpsci.o
                0x00007450                LPSCI_ClearStatusFlags
 .text.LPSCI_WriteBlocking
                0x000074e4       0x4c ./drivers/fsl_lpsci.o
                0x000074e4                LPSCI_WriteBlocking
 .text.LPSCI_ReadBlocking
                0x00007530       0xc0 ./drivers/fsl_lpsci.o
                0x00007530                LPSCI_ReadBlocking
 .text.UART0_DriverIRQHandler
                0x000075f0       0x24 ./drivers/fsl_lpsci.o
                0x000075f0                UART0_DriverIRQHandler
 .text.CLOCK_EnableClock
                0x00007614       0x34 ./drivers/fsl_spi.o
 .text.SPI_GetInstance
                0x00007648       0x4c ./drivers/fsl_spi.o
                0x00007648                SPI_GetInstance
 .text.SPI_MasterGetDefaultConfig
                0x00007694       0x44 ./drivers/fsl_spi.o
                0x00007694                SPI_MasterGetDefaultConfig
 .text.SPI_MasterInit
                0x000076d8      0x114 ./drivers/fsl_spi.o
                0x000076d8                SPI_MasterInit
 .text.SPI_CommonIRQHandler
                0x000077ec       0x54 ./drivers/fsl_spi.o
 .text.SPI0_DriverIRQHandler
                0x00007840       0x30 ./drivers/fsl_spi.o
                0x00007840                SPI0_DriverIRQHandler
 .text.SPI1_DriverIRQHandler
                0x00007870       0x30 ./drivers/fsl_spi.o
                0x00007870                SPI1_DriverIRQHandler
 .text.CLOCK_EnableClock
                0x000078a0       0x34 ./drivers/fsl_uart.o
 .text.UART_GetInstance
                0x000078d4       0x54 ./drivers/fsl_uart.o
                0x000078d4                UART_GetInstance
 .text.UART_Init
                0x00007928      0x1e0 ./drivers/fsl_uart.o
                0x00007928                UART_Init
 .text.UART_GetDefaultConfig
                0x00007b08       0x44 ./drivers/fsl_uart.o
                0x00007b08                UART_GetDefaultConfig
 .text.UART_DisableInterrupts
                0x00007b4c       0x64 ./drivers/fsl_uart.o
                0x00007b4c                UART_DisableInterrupts
 .text.UART_ClearStatusFlags
                0x00007bb0       0x7c ./drivers/fsl_uart.o
                0x00007bb0                UART_ClearStatusFlags
 .text.UART_ReadBlocking
                0x00007c2c       0x98 ./drivers/fsl_uart.o
                0x00007c2c                UART_ReadBlocking
 .text.UART1_DriverIRQHandler
                0x00007cc4       0x24 ./drivers/fsl_uart.o
                0x00007cc4                UART1_DriverIRQHandler
 .text.UART2_DriverIRQHandler
                0x00007ce8       0x24 ./drivers/fsl_uart.o
                0x00007ce8                UART2_DriverIRQHandler
 .text.CLOCK_SetLpsci0Clock
                0x00007d0c       0x38 ./board/board.o
 .text.BOARD_InitDebugConsole
                0x00007d44       0x30 ./board/board.o
                0x00007d44                BOARD_InitDebugConsole
 .text.CLOCK_SetSimSafeDivs
                0x00007d74       0x20 ./board/clock_config.o
 .text.CLOCK_SetXtal0Freq
                0x00007d94       0x1c ./board/clock_config.o
 .text.CLOCK_CONFIG_SetFllExtRefDiv
                0x00007db0       0x3c ./board/clock_config.o
 .text.BOARD_BootClockRUN
                0x00007dec       0x64 ./board/clock_config.o
                0x00007dec                BOARD_BootClockRUN
 .text.CLOCK_EnableClock
                0x00007e50       0x34 ./board/pin_mux.o
 .text.PORT_SetPinMux
                0x00007e84       0x40 ./board/pin_mux.o
 .text.BOARD_InitPins
                0x00007ec4       0x4c ./board/pin_mux.o
                0x00007ec4                BOARD_InitPins
 .text.SystemInit
                0x00007f10       0x18 ./CMSIS/system_MKL25Z4.o
                0x00007f10                SystemInit
 .text._initio  0x00007f28       0x7c C:/nxp/MCUXpressoIDE_25.6.136/ide/plugins/com.nxp.mcuxpresso.tools.win32_25.6.0.202501151204/tools/bin/../lib/gcc/arm-none-eabi/14.2.1/../../../../arm-none-eabi/lib/thumb/v6-m/nofp\libcr_c.a(initio.o)
                0x00007f28                _initio
 .text.__vfprintf
                0x00007fa4      0xd50 C:/nxp/MCUXpressoIDE_25.6.136/ide/plugins/com.nxp.mcuxpresso.tools.win32_25.6.0.202501151204/tools/bin/../lib/gcc/arm-none-eabi/14.2.1/../../../../arm-none-eabi/lib/thumb/v6-m/nofp\libcr_c.a(printf.o)
                0x00007fa4                __vfprintf
 .text._snprintf
                0x00008cf4       0x7c C:/nxp/MCUXpressoIDE_25.6.136/ide/plugins/com.nxp.mcuxpresso.tools.win32_25.6.0.202501151204/tools/bin/../lib/gcc/arm-none-eabi/14.2.1/../../../../arm-none-eabi/lib/thumb/v6-m/nofp\libcr_c.a(printf.o)
                0x00008cf4                _snprintf
 .text.ch_val   0x00008d70       0x2c C:/nxp/MCUXpressoIDE_25.6.136/ide/plugins/com.nxp.mcuxpresso.tools.win32_25.6.0.202501151204/tools/bin/../lib/gcc/arm-none-eabi/14.2.1/../../../../arm-none-eabi/lib/thumb/v6-m/nofp\libcr_c.a(scanf.o)
 .text._strtoul
                0x00008d9c       0xd8 C:/nxp/MCUXpressoIDE_25.6.136/ide/plugins/com.nxp.mcuxpresso.tools.win32_25.6.0.202501151204/tools/bin/../lib/gcc/arm-none-eabi/14.2.1/../../../../arm-none-eabi/lib/thumb/v6-m/nofp\libcr_c.a(scanf.o)
 .text.strtol   0x00008e74       0x90 C:/nxp/MCUXpressoIDE_25.6.136/ide/plugins/com.nxp.mcuxpresso.tools.win32_25.6.0.202501151204/tools/bin/../lib/gcc/arm-none-eabi/14.2.1/../../../../arm-none-eabi/lib/thumb/v6-m/nofp\libcr_c.a(scanf.o)
                0x00008e74                strtol
 .text.atoi     0x00008f04       0x18 C:/nxp/MCUXpressoIDE_25.6.136/ide/plugins/com.nxp.mcuxpresso.tools.win32_25.6.0.202501151204/tools/bin/../lib/gcc/arm-none-eabi/14.2.1/../../../../arm-none-eabi/lib/thumb/v6-m/nofp\libcr_c.a(scanf.o)
                0x00008f04                atoi
 .text.setvbuf  0x00008f1c       0x4c C:/nxp/MCUXpressoIDE_25.6.136/ide/plugins/com.nxp.mcuxpresso.tools.win32_25.6.0.202501151204/tools/bin/../lib/gcc/arm-none-eabi/14.2.1/../../../../arm-none-eabi/lib/thumb/v6-m/nofp\libcr_c.a(setvbuf.o)
                0x00008f1c                setvbuf
 .text.rand     0x00008f68       0x44 C:/nxp/MCUXpressoIDE_25.6.136/ide/plugins/com.nxp.mcuxpresso.tools.win32_25.6.0.202501151204/tools/bin/../lib/gcc/arm-none-eabi/14.2.1/../../../../arm-none-eabi/lib/thumb/v6-m/nofp\libcr_c.a(stdlib.o)
                0x00008f68                rand
 .text.srand    0x00008fac       0x40 C:/nxp/MCUXpressoIDE_25.6.136/ide/plugins/com.nxp.mcuxpresso.tools.win32_25.6.0.202501151204/tools/bin/../lib/gcc/arm-none-eabi/14.2.1/../../../../arm-none-eabi/lib/thumb/v6-m/nofp\libcr_c.a(stdlib.o)
                0x00008fac                srand
 .text.strcpy   0x00008fec       0x44 C:/nxp/MCUXpressoIDE_25.6.136/ide/plugins/com.nxp.mcuxpresso.tools.win32_25.6.0.202501151204/tools/bin/../lib/gcc/arm-none-eabi/14.2.1/../../../../arm-none-eabi/lib/thumb/v6-m/nofp\libcr_c.a(strcpy.o)
                0x00008fec                strcpy
 .text.strlen   0x00009030       0x5c C:/nxp/MCUXpressoIDE_25.6.136/ide/plugins/com.nxp.mcuxpresso.tools.win32_25.6.0.202501151204/tools/bin/../lib/gcc/arm-none-eabi/14.2.1/../../../../arm-none-eabi/lib/thumb/v6-m/nofp\libcr_c.a(strlen.o)
                0x00009030                strlen
 .text._deferredlazyseek
                0x0000908c       0x44 C:/nxp/MCUXpressoIDE_25.6.136/ide/plugins/com.nxp.mcuxpresso.tools.win32_25.6.0.202501151204/tools/bin/../lib/gcc/arm-none-eabi/14.2.1/../../../../arm-none-eabi/lib/thumb/v6-m/nofp\libcr_c.a(_deferredlazyseek.o)
                0x0000908c                _deferredlazyseek
 .text.__flsbuf
                0x000090d0      0x130 C:/nxp/MCUXpressoIDE_25.6.136/ide/plugins/com.nxp.mcuxpresso.tools.win32_25.6.0.202501151204/tools/bin/../lib/gcc/arm-none-eabi/14.2.1/../../../../arm-none-eabi/lib/thumb/v6-m/nofp\libcr_c.a(_deferredlazyseek.o)
                0x000090d0                __flsbuf
 .text._fdopen  0x00009200       0x74 C:/nxp/MCUXpressoIDE_25.6.136/ide/plugins/com.nxp.mcuxpresso.tools.win32_25.6.0.202501151204/tools/bin/../lib/gcc/arm-none-eabi/14.2.1/../../../../arm-none-eabi/lib/thumb/v6-m/nofp\libcr_c.a(_fdopen.o)
                0x00009200                _fdopen
 .text._fflush  0x00009274       0x5c C:/nxp/MCUXpressoIDE_25.6.136/ide/plugins/com.nxp.mcuxpresso.tools.win32_25.6.0.202501151204/tools/bin/../lib/gcc/arm-none-eabi/14.2.1/../../../../arm-none-eabi/lib/thumb/v6-m/nofp\libcr_c.a(_fflush.o)
                0x00009274                _fflush
 .text._Cwritebuf
                0x000092d0       0x68 C:/nxp/MCUXpressoIDE_25.6.136/ide/plugins/com.nxp.mcuxpresso.tools.win32_25.6.0.202501151204/tools/bin/../lib/gcc/arm-none-eabi/14.2.1/../../../../arm-none-eabi/lib/thumb/v6-m/nofp\libcr_c.a(_writebuf.o)
                0x000092d0                _Cwritebuf
 .text.malloc   0x00009338       0xd4 C:/nxp/MCUXpressoIDE_25.6.136/ide/plugins/com.nxp.mcuxpresso.tools.win32_25.6.0.202501151204/tools/bin/../lib/gcc/arm-none-eabi/14.2.1/../../../../arm-none-eabi/lib/thumb/v6-m/nofp\libcr_c.a(alloc.o)
                0x00009338                malloc
 .text._Csys_alloc
                0x0000940c       0x20 C:/nxp/MCUXpressoIDE_25.6.136/ide/plugins/com.nxp.mcuxpresso.tools.win32_25.6.0.202501151204/tools/bin/../lib/gcc/arm-none-eabi/14.2.1/../../../../arm-none-eabi/lib/thumb/v6-m/nofp\libcr_c.a(alloc.o)
                0x0000940c                _Csys_alloc
 .text.fclose   0x0000942c       0x5c C:/nxp/MCUXpressoIDE_25.6.136/ide/plugins/com.nxp.mcuxpresso.tools.win32_25.6.0.202501151204/tools/bin/../lib/gcc/arm-none-eabi/14.2.1/../../../../arm-none-eabi/lib/thumb/v6-m/nofp\libcr_c.a(fclose.o)
                0x0000942c                fclose
 .text.fflush   0x00009488       0x40 C:/nxp/MCUXpressoIDE_25.6.136/ide/plugins/com.nxp.mcuxpresso.tools.win32_25.6.0.202501151204/tools/bin/../lib/gcc/arm-none-eabi/14.2.1/../../../../arm-none-eabi/lib/thumb/v6-m/nofp\libcr_c.a(fflush.o)
                0x00009488                fflush
 .text.fseek    0x000094c8       0xec C:/nxp/MCUXpressoIDE_25.6.136/ide/plugins/com.nxp.mcuxpresso.tools.win32_25.6.0.202501151204/tools/bin/../lib/gcc/arm-none-eabi/14.2.1/../../../../arm-none-eabi/lib/thumb/v6-m/nofp\libcr_c.a(fseek.o)
                0x000094c8                fseek
 .text.ftell    0x000095b4       0x4c C:/nxp/MCUXpressoIDE_25.6.136/ide/plugins/com.nxp.mcuxpresso.tools.win32_25.6.0.202501151204/tools/bin/../lib/gcc/arm-none-eabi/14.2.1/../../../../arm-none-eabi/lib/thumb/v6-m/nofp\libcr_c.a(ftell.o)
                0x000095b4                ftell
 .text._sbrk    0x00009600       0x40 C:/nxp/MCUXpressoIDE_25.6.136/ide/plugins/com.nxp.mcuxpresso.tools.win32_25.6.0.202501151204/tools/bin/../lib/gcc/arm-none-eabi/14.2.1/../../../../arm-none-eabi/lib/thumb/v6-m/nofp\libcr_c.a(_cr_sbrk.o)
                0x00009600                _sbrk
 .text._do_fflush
                0x00009640       0x48 C:/nxp/MCUXpressoIDE_25.6.136/ide/plugins/com.nxp.mcuxpresso.tools.win32_25.6.0.202501151204/tools/bin/../lib/gcc/arm-none-eabi/14.2.1/../../../../arm-none-eabi/lib/thumb/v6-m/nofp\libcr_c.a(_do_fflush.o)
                0x00009640                _do_fflush
 .text.__check_heap_overflow
                0x00009688       0x18 C:/nxp/MCUXpressoIDE_25.6.136/ide/plugins/com.nxp.mcuxpresso.tools.win32_25.6.0.202501151204/tools/bin/../lib/gcc/arm-none-eabi/14.2.1/../../../../arm-none-eabi/lib/thumb/v6-m/nofp\libcr_c.a(_cr_check_heap.o)
                0x00009688                __check_heap_overflow
 .text.__aeabi_fmul
                0x000096a0       0xcc C:/nxp/MCUXpressoIDE_25.6.136/ide/plugins/com.nxp.mcuxpresso.tools.win32_25.6.0.202501151204/tools/bin/../lib/gcc/arm-none-eabi/14.2.1/thumb/v6-m/nofp\libcr_eabihelpers.a(float.o)
                0x000096a0                __aeabi_fmul
 .text.__aeabi_fdiv
                0x0000976c       0xf0 C:/nxp/MCUXpressoIDE_25.6.136/ide/plugins/com.nxp.mcuxpresso.tools.win32_25.6.0.202501151204/tools/bin/../lib/gcc/arm-none-eabi/14.2.1/thumb/v6-m/nofp\libcr_eabihelpers.a(float.o)
                0x0000976c                __aeabi_fdiv
 .text.__aeabi_fsub
                0x0000985c      0x124 C:/nxp/MCUXpressoIDE_25.6.136/ide/plugins/com.nxp.mcuxpresso.tools.win32_25.6.0.202501151204/tools/bin/../lib/gcc/arm-none-eabi/14.2.1/thumb/v6-m/nofp\libcr_eabihelpers.a(float.o)
                0x0000985c                __aeabi_fsub
 .text.__aeabi_fadd
                0x00009980       0xb0 C:/nxp/MCUXpressoIDE_25.6.136/ide/plugins/com.nxp.mcuxpresso.tools.win32_25.6.0.202501151204/tools/bin/../lib/gcc/arm-none-eabi/14.2.1/thumb/v6-m/nofp\libcr_eabihelpers.a(float.o)
                0x00009980                __aeabi_fadd
 .text.__aeabi_f2iz
                0x00009a30       0x34 C:/nxp/MCUXpressoIDE_25.6.136/ide/plugins/com.nxp.mcuxpresso.tools.win32_25.6.0.202501151204/tools/bin/../lib/gcc/arm-none-eabi/14.2.1/thumb/v6-m/nofp\libcr_eabihelpers.a(float.o)
                0x00009a30                __aeabi_f2iz
 .text.__aeabi_f2d
                0x00009a64       0x40 C:/nxp/MCUXpressoIDE_25.6.136/ide/plugins/com.nxp.mcuxpresso.tools.win32_25.6.0.202501151204/tools/bin/../lib/gcc/arm-none-eabi/14.2.1/thumb/v6-m/nofp\libcr_eabihelpers.a(float.o)
                0x00009a64                __aeabi_f2d
 .text.UART_EnableTx
                0x00009aa4       0x40 ./utilities/fsl_debug_console.o
 .text.UART_EnableRx
                0x00009ae4       0x40 ./utilities/fsl_debug_console.o
 .text.LPSCI_EnableTx
                0x00009b24       0x40 ./utilities/fsl_debug_console.o
 .text.LPSCI_EnableRx
                0x00009b64       0x40 ./utilities/fsl_debug_console.o
 .text.DbgConsole_PrintfPaddingCharacter
                0x00009ba4       0x48 ./utilities/fsl_debug_console.o
 .text.DbgConsole_ConvertRadixNumToString
                0x00009bec      0x114 ./utilities/fsl_debug_console.o
 .text.DbgConsole_PrintfFormattedData
                0x00009d00      0x33a ./utilities/fsl_debug_console.o
 .text.EnableIRQ
                0x0000a03a       0x2c ./source/MKL25Z4_Display_My_test.o
 .text.GPIO_SetPinsOutput
                0x0000a066       0x18 ./source/MKL25Z4_Display_My_test.o
 .text.GPIO_ClearPinsOutput
                0x0000a07e       0x18 ./source/MKL25Z4_Display_My_test.o
 .text.GPIO_TogglePinsOutput
                0x0000a096       0x18 ./source/MKL25Z4_Display_My_test.o
 .text.UART_ReadByte
                0x0000a0ae       0x16 ./source/MKL25Z4_Display_My_test.o
 .text.PORT_GetPinsInterruptFlags
                0x0000a0c4       0x16 ./source/MKL25Z4_Display_My_test.o
 .text.PORT_ClearPinsInterruptFlags
                0x0000a0da       0x1a ./source/MKL25Z4_Display_My_test.o
 .text.IsCPUInput
                0x0000a0f4       0x3a ./source/MKL25Z4_Display_My_test.o
                0x0000a0f4                IsCPUInput
 .text.ProcessMenuInput
                0x0000a12e       0x60 ./source/MKL25Z4_Display_My_test.o
                0x0000a12e                ProcessMenuInput
 .text.SPI_Enable
                0x0000a18e       0x40 ./source/st7735_simple.o
 .text.ST7735_FillScreen
                0x0000a1ce       0x26 ./source/st7735_simple.o
                0x0000a1ce                ST7735_FillScreen
 .text.ST7735_DrawRect
                0x0000a1f4       0xb8 ./source/st7735_simple.o
                0x0000a1f4                ST7735_DrawRect
 .text.ST7735_DrawString
                0x0000a2ac       0x74 ./source/st7735_simple.o
                0x0000a2ac                ST7735_DrawString
 .text.ST7735_DrawStringScaled
                0x0000a320       0x98 ./source/st7735_simple.o
                0x0000a320                ST7735_DrawStringScaled
 .text.ST7735_DrawStringCentered
                0x0000a3b8       0x8e ./source/st7735_simple.o
                0x0000a3b8                ST7735_DrawStringCentered
 .text.ADC16_DoAutoCalibration
                0x0000a446      0x118 ./drivers/fsl_adc16.o
                0x0000a446                ADC16_DoAutoCalibration
 .text.ADC16_GetStatusFlags
                0x0000a55e       0x3a ./drivers/fsl_adc16.o
                0x0000a55e                ADC16_GetStatusFlags
 .text.OSC_SetExtRefClkConfig
                0x0000a598       0x3e ./drivers/fsl_clock.o
 .text.OSC_SetCapLoad
                0x0000a5d6       0x42 ./drivers/fsl_clock.o
 .text.CLOCK_GetPll0RefFreq
                0x0000a618       0x10 ./drivers/fsl_clock.o
 .text.CLOCK_GetFixedFreqClkFreq
                0x0000a628       0x30 ./drivers/fsl_clock.o
                0x0000a628                CLOCK_GetFixedFreqClkFreq
 .text.CLOCK_SetExternalRefClkConfig
                0x0000a658       0x16 ./drivers/fsl_clock.o
                0x0000a658                CLOCK_SetExternalRefClkConfig
 .text.GPIO_WritePinOutput
                0x0000a66e       0x34 ./drivers/fsl_gpio.o
 .text.LPSCI_GetStatusFlags
                0x0000a6a2       0x26 ./drivers/fsl_lpsci.o
                0x0000a6a2                LPSCI_GetStatusFlags
 .text.SPI_MasterSetBaudRate
                0x0000a6c8       0xb8 ./drivers/fsl_spi.o
                0x0000a6c8                SPI_MasterSetBaudRate
 .text.UART_GetStatusFlags
                0x0000a780       0x26 ./drivers/fsl_uart.o
                0x0000a780                UART_GetStatusFlags
 .text.UART_WriteBlocking
                0x0000a7a6       0x3c ./drivers/fsl_uart.o
                0x0000a7a6                UART_WriteBlocking
 .text.BOARD_InitBootClocks
                0x0000a7e2        0xe ./board/clock_config.o
                0x0000a7e2                BOARD_InitBootClocks
 .text.BOARD_InitBootPeripherals
                0x0000a7f0        0xa ./board/peripherals.o
                0x0000a7f0                BOARD_InitBootPeripherals
 .text.BOARD_InitBootPins
                0x0000a7fa        0xe ./board/pin_mux.o
                0x0000a7fa                BOARD_InitBootPins
 .text.__main   0x0000a808        0xc C:/nxp/MCUXpressoIDE_25.6.136/ide/plugins/com.nxp.mcuxpresso.tools.win32_25.6.0.202501151204/tools/bin/../lib/gcc/arm-none-eabi/14.2.1/../../../../arm-none-eabi/lib/thumb/v6-m/nofp\libcr_nohost_nf.a(_cr__main.o)
                0x0000a808                __main
 .text.memset   0x0000a814        0x8 C:/nxp/MCUXpressoIDE_25.6.136/ide/plugins/com.nxp.mcuxpresso.tools.win32_25.6.0.202501151204/tools/bin/../lib/gcc/arm-none-eabi/14.2.1/../../../../arm-none-eabi/lib/thumb/v6-m/nofp\libcr_c.a(memset.o)
                0x0000a814                memset
 .text.no_fp_display
                0x0000a81c        0x4 C:/nxp/MCUXpressoIDE_25.6.136/ide/plugins/com.nxp.mcuxpresso.tools.win32_25.6.0.202501151204/tools/bin/../lib/gcc/arm-none-eabi/14.2.1/../../../../arm-none-eabi/lib/thumb/v6-m/nofp\libcr_c.a(printf.o)
 .text.abs      0x0000a820        0x8 C:/nxp/MCUXpressoIDE_25.6.136/ide/plugins/com.nxp.mcuxpresso.tools.win32_25.6.0.202501151204/tools/bin/../lib/gcc/arm-none-eabi/14.2.1/../../../../arm-none-eabi/lib/thumb/v6-m/nofp\libcr_c.a(stdlib.o)
                0x0000a820                abs
 .text.strchr   0x0000a828       0x14 C:/nxp/MCUXpressoIDE_25.6.136/ide/plugins/com.nxp.mcuxpresso.tools.win32_25.6.0.202501151204/tools/bin/../lib/gcc/arm-none-eabi/14.2.1/../../../../arm-none-eabi/lib/thumb/v6-m/nofp\libcr_c.a(strchr.o)
                0x0000a828                strchr
 .text.free     0x0000a83c       0x2c C:/nxp/MCUXpressoIDE_25.6.136/ide/plugins/com.nxp.mcuxpresso.tools.win32_25.6.0.202501151204/tools/bin/../lib/gcc/arm-none-eabi/14.2.1/../../../../arm-none-eabi/lib/thumb/v6-m/nofp\libcr_c.a(alloc.o)
                0x0000a83c                free
 .text.remove   0x0000a868       0x12 C:/nxp/MCUXpressoIDE_25.6.136/ide/plugins/com.nxp.mcuxpresso.tools.win32_25.6.0.202501151204/tools/bin/../lib/gcc/arm-none-eabi/14.2.1/../../../../arm-none-eabi/lib/thumb/v6-m/nofp\libcr_c.a(remove.o)
                0x0000a868                remove
 .text.__aeabi_division_idivmod
                0x0000a87a       0x78 C:/nxp/MCUXpressoIDE_25.6.136/ide/plugins/com.nxp.mcuxpresso.tools.win32_25.6.0.202501151204/tools/bin/../lib/gcc/arm-none-eabi/14.2.1/thumb/v6-m/nofp\libcr_eabihelpers.a(division_32.o)
                0x0000a87a                __aeabi_idivmod
                0x0000a87a                __aeabi_idiv
                0x0000a880                __aeabi_uidivmod
                0x0000a880                __aeabi_uidiv
 .text.__aeabi_division_idiv0
                0x0000a8f2        0x2 C:/nxp/MCUXpressoIDE_25.6.136/ide/plugins/com.nxp.mcuxpresso.tools.win32_25.6.0.202501151204/tools/bin/../lib/gcc/arm-none-eabi/14.2.1/thumb/v6-m/nofp\libcr_eabihelpers.a(division_idiv0.o)
                0x0000a8f2                __aeabi_idiv0
 .text.__bhs_ui2f
                0x0000a8f4       0x60 C:/nxp/MCUXpressoIDE_25.6.136/ide/plugins/com.nxp.mcuxpresso.tools.win32_25.6.0.202501151204/tools/bin/../lib/gcc/arm-none-eabi/14.2.1/thumb/v6-m/nofp\libcr_eabihelpers.a(float.o)
                0x0000a8f4                __bhs_ui2f
 .text.__aeabi_i2f
                0x0000a954       0x18 C:/nxp/MCUXpressoIDE_25.6.136/ide/plugins/com.nxp.mcuxpresso.tools.win32_25.6.0.202501151204/tools/bin/../lib/gcc/arm-none-eabi/14.2.1/thumb/v6-m/nofp\libcr_eabihelpers.a(float.o)
                0x0000a954                __aeabi_i2f
 .text.__aeabi_ui2f
                0x0000a96c        0xc C:/nxp/MCUXpressoIDE_25.6.136/ide/plugins/com.nxp.mcuxpresso.tools.win32_25.6.0.202501151204/tools/bin/../lib/gcc/arm-none-eabi/14.2.1/thumb/v6-m/nofp\libcr_eabihelpers.a(float.o)
                0x0000a96c                __aeabi_ui2f
 .text.__aeabi_fcmplt
                0x0000a978       0x42 C:/nxp/MCUXpressoIDE_25.6.136/ide/plugins/com.nxp.mcuxpresso.tools.win32_25.6.0.202501151204/tools/bin/../lib/gcc/arm-none-eabi/14.2.1/thumb/v6-m/nofp\libcr_eabihelpers.a(float.o)
                0x0000a978                __aeabi_fcmplt
 .text.__aeabi_fcmpgt
                0x0000a9ba       0x3c C:/nxp/MCUXpressoIDE_25.6.136/ide/plugins/com.nxp.mcuxpresso.tools.win32_25.6.0.202501151204/tools/bin/../lib/gcc/arm-none-eabi/14.2.1/thumb/v6-m/nofp\libcr_eabihelpers.a(float.o)
                0x0000a9ba                __aeabi_fcmpgt
 .text.__aeabi_fcmpge
                0x0000a9f6       0x42 C:/nxp/MCUXpressoIDE_25.6.136/ide/plugins/com.nxp.mcuxpresso.tools.win32_25.6.0.202501151204/tools/bin/../lib/gcc/arm-none-eabi/14.2.1/thumb/v6-m/nofp\libcr_eabihelpers.a(float.o)
                0x0000a9f6                __aeabi_fcmpge
 .text.__aeabi_llong_lmul
                0x0000aa38       0x2e C:/nxp/MCUXpressoIDE_25.6.136/ide/plugins/com.nxp.mcuxpresso.tools.win32_25.6.0.202501151204/tools/bin/../lib/gcc/arm-none-eabi/14.2.1/thumb/v6-m/nofp\libcr_eabihelpers.a(llong.o)
                0x0000aa38                __aeabi_lmul
 .text.__aeabi_memset_lowlevel
                0x0000aa66       0x2a C:/nxp/MCUXpressoIDE_25.6.136/ide/plugins/com.nxp.mcuxpresso.tools.win32_25.6.0.202501151204/tools/bin/../lib/gcc/arm-none-eabi/14.2.1/thumb/v6-m/nofp\libcr_eabihelpers.a(memcpy.o)
                0x0000aa66                __aeabi_lowlevel_memset
 .text.__gnu_thumb1_case_uqi
                0x0000aa90       0x10 C:/nxp/MCUXpressoIDE_25.6.136/ide/plugins/com.nxp.mcuxpresso.tools.win32_25.6.0.202501151204/tools/bin/../lib/gcc/arm-none-eabi/14.2.1/thumb/v6-m/nofp\libcr_eabihelpers.a(thumb1_switch_helpers.o)
                0x0000aa90                __gnu_thumb1_case_uqi
 .text.__gnu_thumb1_case_uhi
                0x0000aaa0       0x10 C:/nxp/MCUXpressoIDE_25.6.136/ide/plugins/com.nxp.mcuxpresso.tools.win32_25.6.0.202501151204/tools/bin/../lib/gcc/arm-none-eabi/14.2.1/thumb/v6-m/nofp\libcr_eabihelpers.a(thumb1_switch_helpers.o)
                0x0000aaa0                __gnu_thumb1_case_uhi
 .text.__sys_appexit
                0x0000aab0        0x2 C:/nxp/MCUXpressoIDE_25.6.136/ide/plugins/com.nxp.mcuxpresso.tools.win32_25.6.0.202501151204/tools/bin/../lib/gcc/arm-none-eabi/14.2.1/../../../../arm-none-eabi/lib/thumb/v6-m/nofp\libcr_nohost_nf.a(__sys_appexit.o)
                0x0000aab0                __sys_appexit
                0x0000aab0                __exit
 .text.__sys_close
                0x0000aab2        0x6 C:/nxp/MCUXpressoIDE_25.6.136/ide/plugins/com.nxp.mcuxpresso.tools.win32_25.6.0.202501151204/tools/bin/../lib/gcc/arm-none-eabi/14.2.1/../../../../arm-none-eabi/lib/thumb/v6-m/nofp\libcr_nohost_nf.a(__sys_close.o)
                0x0000aab2                __sys_close
 .text.__sys_flen
                0x0000aab8        0x6 C:/nxp/MCUXpressoIDE_25.6.136/ide/plugins/com.nxp.mcuxpresso.tools.win32_25.6.0.202501151204/tools/bin/../lib/gcc/arm-none-eabi/14.2.1/../../../../arm-none-eabi/lib/thumb/v6-m/nofp\libcr_nohost_nf.a(__sys_flen.o)
                0x0000aab8                __sys_flen
 .text.__sys_istty
                0x0000aabe        0x6 C:/nxp/MCUXpressoIDE_25.6.136/ide/plugins/com.nxp.mcuxpresso.tools.win32_25.6.0.202501151204/tools/bin/../lib/gcc/arm-none-eabi/14.2.1/../../../../arm-none-eabi/lib/thumb/v6-m/nofp\libcr_nohost_nf.a(__sys_istty.o)
                0x0000aabe                __sys_istty
 .text.__sys_remove
                0x0000aac4        0x6 C:/nxp/MCUXpressoIDE_25.6.136/ide/plugins/com.nxp.mcuxpresso.tools.win32_25.6.0.202501151204/tools/bin/../lib/gcc/arm-none-eabi/14.2.1/../../../../arm-none-eabi/lib/thumb/v6-m/nofp\libcr_nohost_nf.a(__sys_remove.o)
                0x0000aac4                __sys_remove
 .text.__sys_seek
                0x0000aaca        0x6 C:/nxp/MCUXpressoIDE_25.6.136/ide/plugins/com.nxp.mcuxpresso.tools.win32_25.6.0.202501151204/tools/bin/../lib/gcc/arm-none-eabi/14.2.1/../../../../arm-none-eabi/lib/thumb/v6-m/nofp\libcr_nohost_nf.a(__sys_seek.o)
                0x0000aaca                __sys_seek
 .text.__sys_tmpnam
                0x0000aad0        0x6 C:/nxp/MCUXpressoIDE_25.6.136/ide/plugins/com.nxp.mcuxpresso.tools.win32_25.6.0.202501151204/tools/bin/../lib/gcc/arm-none-eabi/14.2.1/../../../../arm-none-eabi/lib/thumb/v6-m/nofp\libcr_nohost_nf.a(__sys_tmpnam.o)
                0x0000aad0                __sys_tmpnam
 .text.__sys_write
                0x0000aad6        0x4 C:/nxp/MCUXpressoIDE_25.6.136/ide/plugins/com.nxp.mcuxpresso.tools.win32_25.6.0.202501151204/tools/bin/../lib/gcc/arm-none-eabi/14.2.1/../../../../arm-none-eabi/lib/thumb/v6-m/nofp\libcr_nohost_nf.a(__sys_write.o)
                0x0000aad6                __sys_write
 *(SORT_BY_ALIGNMENT(.rodata) SORT_BY_ALIGNMENT(.rodata.*) SORT_BY_ALIGNMENT(.constdata) SORT_BY_ALIGNMENT(.constdata.*))
 *fill*         0x0000aada        0x2 ff
 .rodata.ADC16_GetChannelConversionValue.str1.4
                0x0000aadc      0xe9e ./source/MKL25Z4_Display_My_test.o
                                 0x89 (size before relaxing)
 .rodata.Timer_Init.str1.4
                0x0000b97a       0x22 ./source/MKL25Z4_Display_My_test.o
 .rodata.PIT_Init.str1.4
                0x0000b97a       0x29 ./source/MKL25Z4_Display_My_test.o
 .rodata.LED_Arcade_Init.str1.4
                0x0000b97a       0x2e ./source/MKL25Z4_Display_My_test.o
 *fill*         0x0000b97a        0x2 ff
 .rodata        0x0000b97c       0x1f ./source/MKL25Z4_Display_My_test.o
 .rodata.Buzzer_Init.str1.4
                0x0000b99b       0x26 ./source/MKL25Z4_Display_My_test.o
 .rodata.GetInputName.str1.4
                0x0000b99b       0x41 ./source/MKL25Z4_Display_My_test.o
 *fill*         0x0000b99b        0x1 ff
 .rodata.GetInputName
                0x0000b99c       0x1c ./source/MKL25Z4_Display_My_test.o
 .rodata.UI_PrintStats.str1.4
                0x0000b9b8       0x76 ./source/MKL25Z4_Display_My_test.o
 .rodata.Joystick_Init.str1.4
                0x0000b9b8       0x2b ./source/MKL25Z4_Display_My_test.o
 .rodata.IR_Init.str1.4
                0x0000b9b8       0x24 ./source/MKL25Z4_Display_My_test.o
 .rodata.IR_GetMenuAction.str1.4
                0x0000b9b8       0x27 ./source/MKL25Z4_Display_My_test.o
 .rodata.IR_ProcessGameInput.str1.4
                0x0000b9b8       0x21 ./source/MKL25Z4_Display_My_test.o
 .rodata.IR_CheckPauseOnly.str1.4
                0x0000b9b8       0x16 ./source/MKL25Z4_Display_My_test.o
 .rodata.Gyro_Init.str1.4
                0x0000b9b8       0x2f ./source/MKL25Z4_Display_My_test.o
 .rodata.Gyro_GetCompassDir.str1.4
                0x0000b9b8       0x3c ./source/MKL25Z4_Display_My_test.o
 .rodata.Gyro_Process_Data.str1.4
                0x0000b9b8       0x5a ./source/MKL25Z4_Display_My_test.o
 .rodata.Game_DrawScore.str1.4
                0x0000b9b8        0x6 ./source/MKL25Z4_Display_My_test.o
 .rodata.Game_Update.str1.4
                0x0000b9b8       0x25 ./source/MKL25Z4_Display_My_test.o
 .rodata.Game_Start.str1.4
                0x0000b9b8       0x48 ./source/MKL25Z4_Display_My_test.o
 .rodata.DrawMenuItem.str1.4
                0x0000b9b8        0x2 ./source/MKL25Z4_Display_My_test.o
 .rodata.DrawInputMenuItem.str1.4
                0x0000b9b8       0x11 ./source/MKL25Z4_Display_My_test.o
 .rodata.DrawBackOption.str1.4
                0x0000b9b8        0x8 ./source/MKL25Z4_Display_My_test.o
 .rodata.DrawMainScreen.str1.4
                0x0000b9b8       0x32 ./source/MKL25Z4_Display_My_test.o
 .rodata.DrawStartScreen.str1.4
                0x0000b9b8       0x2a ./source/MKL25Z4_Display_My_test.o
 .rodata.DrawSelectInputScreen.str1.4
                0x0000b9b8       0x47 ./source/MKL25Z4_Display_My_test.o
 .rodata.DrawSelectP1Screen.str1.4
                0x0000b9b8        0x9 ./source/MKL25Z4_Display_My_test.o
 .rodata.DrawSelectP2Screen.str1.4
                0x0000b9b8        0x9 ./source/MKL25Z4_Display_My_test.o
 .rodata.DrawDifficultyScreen.str1.4
                0x0000b9b8       0x58 ./source/MKL25Z4_Display_My_test.o
 .rodata.DrawGameOverScreen.str1.4
                0x0000b9b8       0x3a ./source/MKL25Z4_Display_My_test.o
 .rodata.DrawPausedScreen.str1.4
                0x0000b9b8       0x29 ./source/MKL25Z4_Display_My_test.o
 .rodata.rainbow_colors
                0x0000b9b8        0xe ./source/MKL25Z4_Display_My_test.o
 .rodata.PlayIntroAnimation.str1.4
                0x0000b9c6       0xb5 ./source/MKL25Z4_Display_My_test.o
 *fill*         0x0000b9c6        0x2 ff
 .rodata.DrawCurrentScreen
                0x0000b9c8       0x28 ./source/MKL25Z4_Display_My_test.o
 .rodata.Menu_Select.str1.4
                0x0000b9f0       0x48 ./source/MKL25Z4_Display_My_test.o
 .rodata.Menu_Select
                0x0000b9f0       0x24 ./source/MKL25Z4_Display_My_test.o
 .rodata.ProcessGameInput.str1.4
                0x0000ba14       0x3c ./source/MKL25Z4_Display_My_test.o
 .rodata.main.str1.4
                0x0000ba14      0x423 ./source/MKL25Z4_Display_My_test.o
 .rodata.font5x7
                0x0000ba14      0x1c7 ./source/st7735_simple.o
 *fill*         0x0000bbdb        0x1 ff
 .rodata        0x0000bbdc        0x2 ./source/st7735_simple.o
 .rodata.ADC16_GetInstance.str1.4
                0x0000bbde       0x35 ./drivers/fsl_adc16.o
 .rodata.ADC16_Init.str1.4
                0x0000bbde       0x20 ./drivers/fsl_adc16.o
 .rodata.ADC16_GetDefaultConfig.str1.4
                0x0000bbde       0x21 ./drivers/fsl_adc16.o
 .rodata.ADC16_SetChannelConfig.str1.4
                0x0000bbde       0x51 ./drivers/fsl_adc16.o
 .rodata.ADC16_GetChannelStatusFlags.str1.4
                0x0000bbde       0x2f ./drivers/fsl_adc16.o
 .rodata.CLOCK_GetMcgExtClkFreq.str1.4
                0x0000bbde       0x1e ./drivers/fsl_clock.o
 .rodata.CLOCK_GetOsc0ErClkFreq.str1.4
                0x0000bbde       0x1e ./drivers/fsl_clock.o
 .rodata.CLOCK_GetEr32kClkFreq.str1.4
                0x0000bbde       0x1f ./drivers/fsl_clock.o
 *fill*         0x0000bbde        0x2 ff
 .rodata.CLOCK_GetFreq
                0x0000bbe0       0x38 ./drivers/fsl_clock.o
 .rodata.CLOCK_GetPll0Freq.str1.4
                0x0000bc18       0x1d ./drivers/fsl_clock.o
 .rodata.CLOCK_EnablePll0.str1.4
                0x0000bc18       0x19 ./drivers/fsl_clock.o
 .rodata.CLOCK_SetPbeMode.str1.4
                0x0000bc18       0x1a ./drivers/fsl_clock.o
 .rodata.CLOCK_BootToPeeMode.str1.4
                0x0000bc18       0x1a ./drivers/fsl_clock.o
 .rodata.fllFactorTable.1
                0x0000bc18       0x10 ./drivers/fsl_clock.o
 .rodata.__assertion_failed.str1.4
                0x0000bc28        0x4 ./drivers/fsl_common.o
 .rodata.GPIO_PinInit.str1.4
                0x0000bc28       0x17 ./drivers/fsl_gpio.o
 .rodata.LPSCI_GetInstance.str1.4
                0x0000bc28       0x36 ./drivers/fsl_lpsci.o
 .rodata.LPSCI_Init.str1.4
                0x0000bc28       0x43 ./drivers/fsl_lpsci.o
 .rodata.LPSCI_GetDefaultConfig.str1.4
                0x0000bc28       0x19 ./drivers/fsl_lpsci.o
 .rodata.LPSCI_WriteBlocking.str1.4
                0x0000bc28       0x17 ./drivers/fsl_lpsci.o
 .rodata.LPSCI_ReadBlocking.str1.4
                0x0000bc28       0x17 ./drivers/fsl_lpsci.o
 .rodata.s_spiBases
                0x0000bc28        0x8 ./drivers/fsl_spi.o
 .rodata.s_spiClock
                0x0000bc30        0x8 ./drivers/fsl_spi.o
 .rodata.SPI_GetInstance.str1.4
                0x0000bc38       0x32 ./drivers/fsl_spi.o
 .rodata.SPI_MasterInit.str1.4
                0x0000bc38       0x26 ./drivers/fsl_spi.o
 .rodata.SPI0_DriverIRQHandler.str1.4
                0x0000bc38       0x20 ./drivers/fsl_spi.o
 .rodata.SPI1_DriverIRQHandler.str1.4
                0x0000bc38       0x20 ./drivers/fsl_spi.o
 .rodata.s_uartBases
                0x0000bc38        0xc ./drivers/fsl_uart.o
 .rodata.s_uartClock
                0x0000bc44        0xc ./drivers/fsl_uart.o
 .rodata.UART_GetInstance.str1.4
                0x0000bc50       0x2b ./drivers/fsl_uart.o
 .rodata.UART_Init.str1.4
                0x0000bc50       0x3e ./drivers/fsl_uart.o
 .rodata.UART_GetDefaultConfig.str1.4
                0x0000bc50       0x18 ./drivers/fsl_uart.o
 .rodata.UART_ReadBlocking.str1.4
                0x0000bc50       0x16 ./drivers/fsl_uart.o
 .rodata.mcgConfig_BOARD_BootClockRUN
                0x0000bc50        0xa ./board/clock_config.o
                0x0000bc50                mcgConfig_BOARD_BootClockRUN
 *fill*         0x0000bc5a        0x2 ff
 .rodata.simConfig_BOARD_BootClockRUN
                0x0000bc5c        0x8 ./board/clock_config.o
                0x0000bc5c                simConfig_BOARD_BootClockRUN
 .rodata.oscConfig_BOARD_BootClockRUN
                0x0000bc64        0x8 ./board/clock_config.o
                0x0000bc64                oscConfig_BOARD_BootClockRUN
 .rodata.__num_Ciob_streams
                0x0000bc6c        0x4 C:/nxp/MCUXpressoIDE_25.6.136/ide/plugins/com.nxp.mcuxpresso.tools.win32_25.6.0.202501151204/tools/bin/../lib/gcc/arm-none-eabi/14.2.1/../../../../arm-none-eabi/lib/thumb/v6-m/nofp\libcr_nohost_nf.a(__ciob.o)
                0x0000bc6c                __num_Ciob_streams
 .rodata._initio.str1.1
                0x0000bc70       0x53 C:/nxp/MCUXpressoIDE_25.6.136/ide/plugins/com.nxp.mcuxpresso.tools.win32_25.6.0.202501151204/tools/bin/../lib/gcc/arm-none-eabi/14.2.1/../../../../arm-none-eabi/lib/thumb/v6-m/nofp\libcr_c.a(initio.o)
                                  0x4 (size before relaxing)
 .rodata.__vfprintf.str1.1
                0x0000bcc3       0x38 C:/nxp/MCUXpressoIDE_25.6.136/ide/plugins/com.nxp.mcuxpresso.tools.win32_25.6.0.202501151204/tools/bin/../lib/gcc/arm-none-eabi/14.2.1/../../../../arm-none-eabi/lib/thumb/v6-m/nofp\libcr_c.a(printf.o)
 .rodata._Csys_alloc.str1.1
                0x0000bcc3       0x18 C:/nxp/MCUXpressoIDE_25.6.136/ide/plugins/com.nxp.mcuxpresso.tools.win32_25.6.0.202501151204/tools/bin/../lib/gcc/arm-none-eabi/14.2.1/../../../../arm-none-eabi/lib/thumb/v6-m/nofp\libcr_c.a(alloc.o)
 .rodata.__ctype
                0x0000bcc3      0x180 C:/nxp/MCUXpressoIDE_25.6.136/ide/plugins/com.nxp.mcuxpresso.tools.win32_25.6.0.202501151204/tools/bin/../lib/gcc/arm-none-eabi/14.2.1/../../../../arm-none-eabi/lib/thumb/v6-m/nofp\libcr_c.a(ctype.o)
                0x0000bcc3                __ctype
                0x0000be44                        . = ALIGN (0x4)
 *fill*         0x0000be43        0x1 ff

.glue_7         0x0000be44        0x0
 .glue_7        0x0000be44        0x0 linker stubs

.glue_7t        0x0000be44        0x0
 .glue_7t       0x0000be44        0x0 linker stubs

.vfp11_veneer   0x0000be44        0x0
 .vfp11_veneer  0x0000be44        0x0 linker stubs

.v4_bx          0x0000be44        0x0
 .v4_bx         0x0000be44        0x0 linker stubs

.iplt           0x0000be44        0x0
 .iplt          0x0000be44        0x0 ./utilities/fsl_debug_console.o

.rel.dyn        0x0000be44        0x0
 .rel.iplt      0x0000be44        0x0 ./utilities/fsl_debug_console.o

.ARM.extab
 *(SORT_BY_ALIGNMENT(.ARM.extab*) SORT_BY_ALIGNMENT(.gnu.linkonce.armextab.*))

.ARM.exidx      0x0000be44        0x0
                0x0000be44                        __exidx_start = .
 *(SORT_BY_ALIGNMENT(.ARM.exidx*) SORT_BY_ALIGNMENT(.gnu.linkonce.armexidx.*))
                0x0000be44                        __exidx_end = .
                0x0000be44                        _etext = .

.m_usb_data
 *(SORT_BY_ALIGNMENT(m_usb_bdt))

.mtb_buffer_default
                0x1ffff000       0x80
 *(SORT_BY_ALIGNMENT(.mtb*))
 .mtb.$RAM1     0x1ffff000       0x80 ./source/mtb.o
                0x1ffff000                __mtb_buffer__

.uninit_RESERVED
                0x1ffff080        0x0
                0x1ffff080                        _start_uninit_RESERVED = .
 *(SORT_BY_ALIGNMENT(.bss.$RESERVED*))
                0x1ffff080                        . = ALIGN (0x4)
                0x1ffff080                        _end_uninit_RESERVED = .

.data           0x1ffff080       0xfc load address 0x0000be44
 FILL mask 0xff
                0x1ffff080                        _data = .
                [!provide]                        PROVIDE (__start_data_RAM = .)
                [!provide]                        PROVIDE (__start_data_SRAM = .)
 *(SORT_BY_ALIGNMENT(vtable))
 *(SORT_BY_ALIGNMENT(.ramfunc*))
 *(SORT_BY_ALIGNMENT(CodeQuickAccess))
 *(SORT_BY_ALIGNMENT(DataQuickAccess))
 *(SORT_BY_ALIGNMENT(RamFunction))
 *(SORT_BY_ALIGNMENT(.data*))
 .data.g_menuState
                0x1ffff080        0x2 ./source/MKL25Z4_Display_My_test.o
                0x1ffff080                g_menuState
 *fill*         0x1ffff082        0x2 ff
 .data.s_slowIrcFreq
                0x1ffff084        0x4 ./drivers/fsl_clock.o
 .data.s_fastIrcFreq
                0x1ffff088        0x4 ./drivers/fsl_clock.o
 .data.SystemCoreClock
                0x1ffff08c        0x4 ./CMSIS/system_MKL25Z4.o
                0x1ffff08c                SystemCoreClock
 .data._random_k
                0x1ffff090        0x4 C:/nxp/MCUXpressoIDE_25.6.136/ide/plugins/com.nxp.mcuxpresso.tools.win32_25.6.0.202501151204/tools/bin/../lib/gcc/arm-none-eabi/14.2.1/../../../../arm-none-eabi/lib/thumb/v6-m/nofp\libcr_c.a(stdlib.o)
 .data._random_j
                0x1ffff094        0x4 C:/nxp/MCUXpressoIDE_25.6.136/ide/plugins/com.nxp.mcuxpresso.tools.win32_25.6.0.202501151204/tools/bin/../lib/gcc/arm-none-eabi/14.2.1/../../../../arm-none-eabi/lib/thumb/v6-m/nofp\libcr_c.a(stdlib.o)
 .data._random_number_seed
                0x1ffff098       0xdc C:/nxp/MCUXpressoIDE_25.6.136/ide/plugins/com.nxp.mcuxpresso.tools.win32_25.6.0.202501151204/tools/bin/../lib/gcc/arm-none-eabi/14.2.1/../../../../arm-none-eabi/lib/thumb/v6-m/nofp\libcr_c.a(stdlib.o)
 .data.g_gyro_paddle_y
                0x1ffff174        0x2 ./source/MKL25Z4_Display_My_test.o
 .data.g_player1_input
                0x1ffff176        0x1 ./source/MKL25Z4_Display_My_test.o
                0x1ffff176                g_player1_input
 .data.g_player2_input
                0x1ffff177        0x1 ./source/MKL25Z4_Display_My_test.o
                0x1ffff177                g_player2_input
 .data.g_needsRedraw
                0x1ffff178        0x1 ./source/MKL25Z4_Display_My_test.o
                0x1ffff178                g_needsRedraw
 .data.g_sound_enabled
                0x1ffff179        0x1 ./source/MKL25Z4_Display_My_test.o
                0x1ffff17c                        . = ALIGN (0x4)
 *fill*         0x1ffff17a        0x2 ff
                0x1ffff17c                        _edata = .
                [!provide]                        PROVIDE (__end_data_RAM = .)
                [!provide]                        PROVIDE (__end_data_SRAM = .)

.igot.plt       0x1ffff17c        0x0 load address 0x0000bf40
 .igot.plt      0x1ffff17c        0x0 ./utilities/fsl_debug_console.o

.bss            0x1ffff17c      0x35c
                0x1ffff17c                        _bss = .
                [!provide]                        PROVIDE (__start_bss_RAM = .)
                [!provide]                        PROVIDE (__start_bss_SRAM = .)
 *(SORT_BY_ALIGNMENT(.bss*))
 .bss.s_debugConsole
                0x1ffff17c       0x10 ./utilities/fsl_debug_console.o
 .bss.g_ui_timers
                0x1ffff18c       0x28 ./source/MKL25Z4_Display_My_test.o
 .bss.ball      0x1ffff1b4        0xe ./source/MKL25Z4_Display_My_test.o
 *fill*         0x1ffff1c2        0x2 
 .bss.paddle1   0x1ffff1c4        0xa ./source/MKL25Z4_Display_My_test.o
 *fill*         0x1ffff1ce        0x2 
 .bss.paddle2   0x1ffff1d0        0xa ./source/MKL25Z4_Display_My_test.o
 *fill*         0x1ffff1da        0x2 
 .bss.game      0x1ffff1dc        0xa ./source/MKL25Z4_Display_My_test.o
 *fill*         0x1ffff1e6        0x2 
 .bss.ir_code   0x1ffff1e8        0x4 ./source/MKL25Z4_Display_My_test.o
                0x1ffff1e8                ir_code
 .bss.pulse_count
                0x1ffff1ec        0x4 ./source/MKL25Z4_Display_My_test.o
                0x1ffff1ec                pulse_count
 .bss.pulse_buffer
                0x1ffff1f0      0x190 ./source/MKL25Z4_Display_My_test.o
                0x1ffff1f0                pulse_buffer
 .bss.last_ir_code
                0x1ffff380        0x4 ./source/MKL25Z4_Display_My_test.o
                0x1ffff380                last_ir_code
 .bss.last_ir_time
                0x1ffff384        0x4 ./source/MKL25Z4_Display_My_test.o
                0x1ffff384                last_ir_time
 .bss.g_ir_last_input_time
                0x1ffff388        0x4 ./source/MKL25Z4_Display_My_test.o
 .bss.g_systick_ms
                0x1ffff38c        0x4 ./source/MKL25Z4_Display_My_test.o
 .bss.g_gyro_rx_buffer
                0x1ffff390       0x40 ./source/MKL25Z4_Display_My_test.o
 .bss.g_gyro_angle
                0x1ffff3d0        0x4 ./source/MKL25Z4_Display_My_test.o
 .bss.g_last_gyro_update
                0x1ffff3d4        0x4 ./source/MKL25Z4_Display_My_test.o
 .bss.g_xtal0Freq
                0x1ffff3d8        0x4 ./drivers/fsl_clock.o
                0x1ffff3d8                g_xtal0Freq
 .bss.g_xtal32Freq
                0x1ffff3dc        0x4 ./drivers/fsl_clock.o
                0x1ffff3dc                g_xtal32Freq
 .bss.s_lpsciHandle
                0x1ffff3e0        0x4 ./drivers/fsl_lpsci.o
 .bss.s_lpsciIsr
                0x1ffff3e4        0x4 ./drivers/fsl_lpsci.o
 .bss.s_spiHandle
                0x1ffff3e8        0x8 ./drivers/fsl_spi.o
 .bss.s_spiMasterIsr
                0x1ffff3f0        0x4 ./drivers/fsl_spi.o
 .bss.s_spiSlaveIsr
                0x1ffff3f4        0x4 ./drivers/fsl_spi.o
 .bss.s_uartHandle
                0x1ffff3f8        0xc ./drivers/fsl_uart.o
 .bss.s_uartIsr
                0x1ffff404        0x4 ./drivers/fsl_uart.o
 .bss.errno     0x1ffff408        0x4 C:/nxp/MCUXpressoIDE_25.6.136/ide/plugins/com.nxp.mcuxpresso.tools.win32_25.6.0.202501151204/tools/bin/../lib/gcc/arm-none-eabi/14.2.1/../../../../arm-none-eabi/lib/thumb/v6-m/nofp\libcr_c.a(errno.o)
                0x1ffff408                errno
 .bss.__end_of_heap
                0x1ffff40c        0x4 C:/nxp/MCUXpressoIDE_25.6.136/ide/plugins/com.nxp.mcuxpresso.tools.win32_25.6.0.202501151204/tools/bin/../lib/gcc/arm-none-eabi/14.2.1/../../../../arm-none-eabi/lib/thumb/v6-m/nofp\libcr_c.a(__init_alloc.o)
                0x1ffff40c                __end_of_heap
 .bss.__heaps   0x1ffff410        0x4 C:/nxp/MCUXpressoIDE_25.6.136/ide/plugins/com.nxp.mcuxpresso.tools.win32_25.6.0.202501151204/tools/bin/../lib/gcc/arm-none-eabi/14.2.1/../../../../arm-none-eabi/lib/thumb/v6-m/nofp\libcr_c.a(__init_alloc.o)
                0x1ffff410                __heaps
 .bss.__Ciob    0x1ffff414       0xb4 C:/nxp/MCUXpressoIDE_25.6.136/ide/plugins/com.nxp.mcuxpresso.tools.win32_25.6.0.202501151204/tools/bin/../lib/gcc/arm-none-eabi/14.2.1/../../../../arm-none-eabi/lib/thumb/v6-m/nofp\libcr_nohost_nf.a(__ciob.o)
                0x1ffff414                __Ciob
 .bss.g_joy_y_percent
                0x1ffff4c8        0x2 ./source/MKL25Z4_Display_My_test.o
 .bss.g_currentScreen
                0x1ffff4ca        0x1 ./source/MKL25Z4_Display_My_test.o
                0x1ffff4ca                g_currentScreen
 .bss.g_p1_move
                0x1ffff4cb        0x1 ./source/MKL25Z4_Display_My_test.o
 .bss.g_p2_move
                0x1ffff4cc        0x1 ./source/MKL25Z4_Display_My_test.o
 .bss.g_joy_btn_pressed
                0x1ffff4cd        0x1 ./source/MKL25Z4_Display_My_test.o
 .bss.g_joy_action_consumed
                0x1ffff4ce        0x1 ./source/MKL25Z4_Display_My_test.o
 .bss.ir_ready  0x1ffff4cf        0x1 ./source/MKL25Z4_Display_My_test.o
                0x1ffff4cf                ir_ready
 .bss.capture_complete
                0x1ffff4d0        0x1 ./source/MKL25Z4_Display_My_test.o
                0x1ffff4d0                capture_complete
 .bss.g_ir_current_direction
                0x1ffff4d1        0x1 ./source/MKL25Z4_Display_My_test.o
 .bss.g_game_tick
                0x1ffff4d2        0x1 ./source/MKL25Z4_Display_My_test.o
                0x1ffff4d2                g_game_tick
 .bss.g_menu_tick
                0x1ffff4d3        0x1 ./source/MKL25Z4_Display_My_test.o
                0x1ffff4d3                g_menu_tick
 .bss.g_gyro_rx_index
                0x1ffff4d4        0x1 ./source/MKL25Z4_Display_My_test.o
 .bss.g_pause_selection
                0x1ffff4d5        0x1 ./source/MKL25Z4_Display_My_test.o
 .bss.pause_nav_consumed.0
                0x1ffff4d6        0x1 ./source/MKL25Z4_Display_My_test.o
 *(SORT_BY_ALIGNMENT(COMMON))
                0x1ffff4d8                        . = ALIGN (0x4)
 *fill*         0x1ffff4d7        0x1 
                0x1ffff4d8                        _ebss = .
                [!provide]                        PROVIDE (__end_bss_RAM = .)
                [!provide]                        PROVIDE (__end_bss_SRAM = .)
                [!provide]                        PROVIDE (end = .)

.noinit         0x1ffff4d8        0x0
                0x1ffff4d8                        _noinit = .
                [!provide]                        PROVIDE (__start_noinit_RAM = .)
                [!provide]                        PROVIDE (__start_noinit_SRAM = .)
 *(SORT_BY_ALIGNMENT(.noinit*))
                0x1ffff4d8                        . = ALIGN (0x4)
                0x1ffff4d8                        _end_noinit = .
                [!provide]                        PROVIDE (__end_noinit_RAM = .)
                [!provide]                        PROVIDE (__end_noinit_SRAM = .)
                0x00000400                        _HeapSize = 0x400

.heap           0x1ffff4d8      0x400
                0x1ffff4d8                        _pvHeapStart = .
                0x1ffff8d8                        . = (. + _HeapSize)
 *fill*         0x1ffff4d8      0x400 
                0x1ffff8d8                        . = ALIGN (0x4)
                0x1ffff8d8                        _pvHeapLimit = .
                0x00000400                        _StackSize = 0x400

.heap2stackfill
                0x1ffff8d8      0x400
                0x1ffffcd8                        . = (. + _StackSize)
 *fill*         0x1ffff8d8      0x400 

.stack          0x20002c00        0x0
                0x20002c00                        _vStackBase = .
                0x20002c00                        . = ALIGN (0x4)
                0x20003000                        _vStackTop = (. + _StackSize)
                0x00000000                        _image_start = LOADADDR (.text)
                0x0000bf40                        _image_end = (LOADADDR (.data) + SIZEOF (.data))
                0x0000bf40                        _image_size = (_image_end - _image_start)
OUTPUT(MKL25Z4_Display_My_test.axf elf32-littlearm)
LOAD linker stubs

.debug_info     0x00000000    0x15ed8
 .debug_info    0x00000000      0xf55 ./utilities/fsl_debug_console.o
 .debug_info    0x00000f55      0x692 ./startup/startup_mkl25z4.o
 .debug_info    0x000015e7     0x35e7 ./source/MKL25Z4_Display_My_test.o
 .debug_info    0x00004bce       0x53 ./source/mtb.o
 .debug_info    0x00004c21       0x3c ./source/semihost_hardfault.o
 .debug_info    0x00004c5d      0xf3c ./source/st7735_simple.o
 .debug_info    0x00005b99      0xc61 ./drivers/fsl_adc16.o
 .debug_info    0x000067fa     0x1a79 ./drivers/fsl_clock.o
 .debug_info    0x00008273      0x40a ./drivers/fsl_common.o
 .debug_info    0x0000867d      0x529 ./drivers/fsl_gpio.o
 .debug_info    0x00008ba6     0x144c ./drivers/fsl_lpsci.o
 .debug_info    0x00009ff2     0x13f4 ./drivers/fsl_spi.o
 .debug_info    0x0000b3e6     0x13ed ./drivers/fsl_uart.o
 .debug_info    0x0000c7d3      0x3de ./board/board.o
 .debug_info    0x0000cbb1      0xba5 ./board/clock_config.o
 .debug_info    0x0000d756       0x3c ./board/peripherals.o
 .debug_info    0x0000d792      0x547 ./board/pin_mux.o
 .debug_info    0x0000dcd9      0x401 ./CMSIS/system_MKL25Z4.o
 .debug_info    0x0000e0da       0x85 C:/nxp/MCUXpressoIDE_25.6.136/ide/plugins/com.nxp.mcuxpresso.tools.win32_25.6.0.202501151204/tools/bin/../lib/gcc/arm-none-eabi/14.2.1/../../../../arm-none-eabi/lib/thumb/v6-m/nofp\libcr_nohost_nf.a(_cr__main.o)
 .debug_info    0x0000e15f       0xfc C:/nxp/MCUXpressoIDE_25.6.136/ide/plugins/com.nxp.mcuxpresso.tools.win32_25.6.0.202501151204/tools/bin/../lib/gcc/arm-none-eabi/14.2.1/../../../../arm-none-eabi/lib/thumb/v6-m/nofp\libcr_c.a(memset.o)
 .debug_info    0x0000e25b      0x353 C:/nxp/MCUXpressoIDE_25.6.136/ide/plugins/com.nxp.mcuxpresso.tools.win32_25.6.0.202501151204/tools/bin/../lib/gcc/arm-none-eabi/14.2.1/../../../../arm-none-eabi/lib/thumb/v6-m/nofp\libcr_c.a(initio.o)
 .debug_info    0x0000e5ae     0x12d8 C:/nxp/MCUXpressoIDE_25.6.136/ide/plugins/com.nxp.mcuxpresso.tools.win32_25.6.0.202501151204/tools/bin/../lib/gcc/arm-none-eabi/14.2.1/../../../../arm-none-eabi/lib/thumb/v6-m/nofp\libcr_c.a(printf.o)
 .debug_info    0x0000f886     0x1a16 C:/nxp/MCUXpressoIDE_25.6.136/ide/plugins/com.nxp.mcuxpresso.tools.win32_25.6.0.202501151204/tools/bin/../lib/gcc/arm-none-eabi/14.2.1/../../../../arm-none-eabi/lib/thumb/v6-m/nofp\libcr_c.a(scanf.o)
 .debug_info    0x0001129c      0x1fd C:/nxp/MCUXpressoIDE_25.6.136/ide/plugins/com.nxp.mcuxpresso.tools.win32_25.6.0.202501151204/tools/bin/../lib/gcc/arm-none-eabi/14.2.1/../../../../arm-none-eabi/lib/thumb/v6-m/nofp\libcr_c.a(setvbuf.o)
 .debug_info    0x00011499      0x4e2 C:/nxp/MCUXpressoIDE_25.6.136/ide/plugins/com.nxp.mcuxpresso.tools.win32_25.6.0.202501151204/tools/bin/../lib/gcc/arm-none-eabi/14.2.1/../../../../arm-none-eabi/lib/thumb/v6-m/nofp\libcr_c.a(stdlib.o)
 .debug_info    0x0001197b       0xa8 C:/nxp/MCUXpressoIDE_25.6.136/ide/plugins/com.nxp.mcuxpresso.tools.win32_25.6.0.202501151204/tools/bin/../lib/gcc/arm-none-eabi/14.2.1/../../../../arm-none-eabi/lib/thumb/v6-m/nofp\libcr_c.a(strchr.o)
 .debug_info    0x00011a23       0xdc C:/nxp/MCUXpressoIDE_25.6.136/ide/plugins/com.nxp.mcuxpresso.tools.win32_25.6.0.202501151204/tools/bin/../lib/gcc/arm-none-eabi/14.2.1/../../../../arm-none-eabi/lib/thumb/v6-m/nofp\libcr_c.a(strcpy.o)
 .debug_info    0x00011aff       0xdd C:/nxp/MCUXpressoIDE_25.6.136/ide/plugins/com.nxp.mcuxpresso.tools.win32_25.6.0.202501151204/tools/bin/../lib/gcc/arm-none-eabi/14.2.1/../../../../arm-none-eabi/lib/thumb/v6-m/nofp\libcr_c.a(strlen.o)
 .debug_info    0x00011bdc      0x391 C:/nxp/MCUXpressoIDE_25.6.136/ide/plugins/com.nxp.mcuxpresso.tools.win32_25.6.0.202501151204/tools/bin/../lib/gcc/arm-none-eabi/14.2.1/../../../../arm-none-eabi/lib/thumb/v6-m/nofp\libcr_c.a(_deferredlazyseek.o)
 .debug_info    0x00011f6d      0x24b C:/nxp/MCUXpressoIDE_25.6.136/ide/plugins/com.nxp.mcuxpresso.tools.win32_25.6.0.202501151204/tools/bin/../lib/gcc/arm-none-eabi/14.2.1/../../../../arm-none-eabi/lib/thumb/v6-m/nofp\libcr_c.a(_fdopen.o)
 .debug_info    0x000121b8      0x1ea C:/nxp/MCUXpressoIDE_25.6.136/ide/plugins/com.nxp.mcuxpresso.tools.win32_25.6.0.202501151204/tools/bin/../lib/gcc/arm-none-eabi/14.2.1/../../../../arm-none-eabi/lib/thumb/v6-m/nofp\libcr_c.a(_fflush.o)
 .debug_info    0x000123a2      0x28a C:/nxp/MCUXpressoIDE_25.6.136/ide/plugins/com.nxp.mcuxpresso.tools.win32_25.6.0.202501151204/tools/bin/../lib/gcc/arm-none-eabi/14.2.1/../../../../arm-none-eabi/lib/thumb/v6-m/nofp\libcr_c.a(_writebuf.o)
 .debug_info    0x0001262c      0x526 C:/nxp/MCUXpressoIDE_25.6.136/ide/plugins/com.nxp.mcuxpresso.tools.win32_25.6.0.202501151204/tools/bin/../lib/gcc/arm-none-eabi/14.2.1/../../../../arm-none-eabi/lib/thumb/v6-m/nofp\libcr_c.a(alloc.o)
 .debug_info    0x00012b52      0x2f8 C:/nxp/MCUXpressoIDE_25.6.136/ide/plugins/com.nxp.mcuxpresso.tools.win32_25.6.0.202501151204/tools/bin/../lib/gcc/arm-none-eabi/14.2.1/../../../../arm-none-eabi/lib/thumb/v6-m/nofp\libcr_c.a(ctype.o)
 .debug_info    0x00012e4a       0x44 C:/nxp/MCUXpressoIDE_25.6.136/ide/plugins/com.nxp.mcuxpresso.tools.win32_25.6.0.202501151204/tools/bin/../lib/gcc/arm-none-eabi/14.2.1/../../../../arm-none-eabi/lib/thumb/v6-m/nofp\libcr_c.a(errno.o)
 .debug_info    0x00012e8e      0x325 C:/nxp/MCUXpressoIDE_25.6.136/ide/plugins/com.nxp.mcuxpresso.tools.win32_25.6.0.202501151204/tools/bin/../lib/gcc/arm-none-eabi/14.2.1/../../../../arm-none-eabi/lib/thumb/v6-m/nofp\libcr_c.a(fclose.o)
 .debug_info    0x000131b3      0x210 C:/nxp/MCUXpressoIDE_25.6.136/ide/plugins/com.nxp.mcuxpresso.tools.win32_25.6.0.202501151204/tools/bin/../lib/gcc/arm-none-eabi/14.2.1/../../../../arm-none-eabi/lib/thumb/v6-m/nofp\libcr_c.a(fflush.o)
 .debug_info    0x000133c3      0x27f C:/nxp/MCUXpressoIDE_25.6.136/ide/plugins/com.nxp.mcuxpresso.tools.win32_25.6.0.202501151204/tools/bin/../lib/gcc/arm-none-eabi/14.2.1/../../../../arm-none-eabi/lib/thumb/v6-m/nofp\libcr_c.a(fseek.o)
 .debug_info    0x00013642      0x197 C:/nxp/MCUXpressoIDE_25.6.136/ide/plugins/com.nxp.mcuxpresso.tools.win32_25.6.0.202501151204/tools/bin/../lib/gcc/arm-none-eabi/14.2.1/../../../../arm-none-eabi/lib/thumb/v6-m/nofp\libcr_c.a(ftell.o)
 .debug_info    0x000137d9      0x1d0 C:/nxp/MCUXpressoIDE_25.6.136/ide/plugins/com.nxp.mcuxpresso.tools.win32_25.6.0.202501151204/tools/bin/../lib/gcc/arm-none-eabi/14.2.1/../../../../arm-none-eabi/lib/thumb/v6-m/nofp\libcr_c.a(remove.o)
 .debug_info    0x000139a9       0xd4 C:/nxp/MCUXpressoIDE_25.6.136/ide/plugins/com.nxp.mcuxpresso.tools.win32_25.6.0.202501151204/tools/bin/../lib/gcc/arm-none-eabi/14.2.1/../../../../arm-none-eabi/lib/thumb/v6-m/nofp\libcr_c.a(__init_alloc.o)
 .debug_info    0x00013a7d      0x107 C:/nxp/MCUXpressoIDE_25.6.136/ide/plugins/com.nxp.mcuxpresso.tools.win32_25.6.0.202501151204/tools/bin/../lib/gcc/arm-none-eabi/14.2.1/../../../../arm-none-eabi/lib/thumb/v6-m/nofp\libcr_c.a(_cr_sbrk.o)
 .debug_info    0x00013b84      0x241 C:/nxp/MCUXpressoIDE_25.6.136/ide/plugins/com.nxp.mcuxpresso.tools.win32_25.6.0.202501151204/tools/bin/../lib/gcc/arm-none-eabi/14.2.1/../../../../arm-none-eabi/lib/thumb/v6-m/nofp\libcr_c.a(_do_fflush.o)
 .debug_info    0x00013dc5       0x71 C:/nxp/MCUXpressoIDE_25.6.136/ide/plugins/com.nxp.mcuxpresso.tools.win32_25.6.0.202501151204/tools/bin/../lib/gcc/arm-none-eabi/14.2.1/../../../../arm-none-eabi/lib/thumb/v6-m/nofp\libcr_c.a(_cr_check_heap.o)
 .debug_info    0x00013e36     0x1b79 C:/nxp/MCUXpressoIDE_25.6.136/ide/plugins/com.nxp.mcuxpresso.tools.win32_25.6.0.202501151204/tools/bin/../lib/gcc/arm-none-eabi/14.2.1/thumb/v6-m/nofp\libcr_eabihelpers.a(float.o)
 .debug_info    0x000159af      0x18b C:/nxp/MCUXpressoIDE_25.6.136/ide/plugins/com.nxp.mcuxpresso.tools.win32_25.6.0.202501151204/tools/bin/../lib/gcc/arm-none-eabi/14.2.1/../../../../arm-none-eabi/lib/thumb/v6-m/nofp\libcr_nohost_nf.a(__ciob.o)
 .debug_info    0x00015b3a       0x38 C:/nxp/MCUXpressoIDE_25.6.136/ide/plugins/com.nxp.mcuxpresso.tools.win32_25.6.0.202501151204/tools/bin/../lib/gcc/arm-none-eabi/14.2.1/../../../../arm-none-eabi/lib/thumb/v6-m/nofp\libcr_nohost_nf.a(__sys_appexit.o)
 .debug_info    0x00015b72       0x6a C:/nxp/MCUXpressoIDE_25.6.136/ide/plugins/com.nxp.mcuxpresso.tools.win32_25.6.0.202501151204/tools/bin/../lib/gcc/arm-none-eabi/14.2.1/../../../../arm-none-eabi/lib/thumb/v6-m/nofp\libcr_nohost_nf.a(__sys_close.o)
 .debug_info    0x00015bdc       0x6a C:/nxp/MCUXpressoIDE_25.6.136/ide/plugins/com.nxp.mcuxpresso.tools.win32_25.6.0.202501151204/tools/bin/../lib/gcc/arm-none-eabi/14.2.1/../../../../arm-none-eabi/lib/thumb/v6-m/nofp\libcr_nohost_nf.a(__sys_flen.o)
 .debug_info    0x00015c46       0x6a C:/nxp/MCUXpressoIDE_25.6.136/ide/plugins/com.nxp.mcuxpresso.tools.win32_25.6.0.202501151204/tools/bin/../lib/gcc/arm-none-eabi/14.2.1/../../../../arm-none-eabi/lib/thumb/v6-m/nofp\libcr_nohost_nf.a(__sys_istty.o)
 .debug_info    0x00015cb0       0x8a C:/nxp/MCUXpressoIDE_25.6.136/ide/plugins/com.nxp.mcuxpresso.tools.win32_25.6.0.202501151204/tools/bin/../lib/gcc/arm-none-eabi/14.2.1/../../../../arm-none-eabi/lib/thumb/v6-m/nofp\libcr_nohost_nf.a(__sys_remove.o)
 .debug_info    0x00015d3a       0x78 C:/nxp/MCUXpressoIDE_25.6.136/ide/plugins/com.nxp.mcuxpresso.tools.win32_25.6.0.202501151204/tools/bin/../lib/gcc/arm-none-eabi/14.2.1/../../../../arm-none-eabi/lib/thumb/v6-m/nofp\libcr_nohost_nf.a(__sys_seek.o)
 .debug_info    0x00015db2       0x93 C:/nxp/MCUXpressoIDE_25.6.136/ide/plugins/com.nxp.mcuxpresso.tools.win32_25.6.0.202501151204/tools/bin/../lib/gcc/arm-none-eabi/14.2.1/../../../../arm-none-eabi/lib/thumb/v6-m/nofp\libcr_nohost_nf.a(__sys_tmpnam.o)
 .debug_info    0x00015e45       0x93 C:/nxp/MCUXpressoIDE_25.6.136/ide/plugins/com.nxp.mcuxpresso.tools.win32_25.6.0.202501151204/tools/bin/../lib/gcc/arm-none-eabi/14.2.1/../../../../arm-none-eabi/lib/thumb/v6-m/nofp\libcr_nohost_nf.a(__sys_write.o)

.debug_abbrev   0x00000000     0x4d3d
 .debug_abbrev  0x00000000      0x2fd ./utilities/fsl_debug_console.o
 .debug_abbrev  0x000002fd      0x17a ./startup/startup_mkl25z4.o
 .debug_abbrev  0x00000477      0x4a9 ./source/MKL25Z4_Display_My_test.o
 .debug_abbrev  0x00000920       0x46 ./source/mtb.o
 .debug_abbrev  0x00000966       0x31 ./source/semihost_hardfault.o
 .debug_abbrev  0x00000997      0x29a ./source/st7735_simple.o
 .debug_abbrev  0x00000c31      0x28f ./drivers/fsl_adc16.o
 .debug_abbrev  0x00000ec0      0x376 ./drivers/fsl_clock.o
 .debug_abbrev  0x00001236      0x27e ./drivers/fsl_common.o
 .debug_abbrev  0x000014b4      0x1a5 ./drivers/fsl_gpio.o
 .debug_abbrev  0x00001659      0x306 ./drivers/fsl_lpsci.o
 .debug_abbrev  0x0000195f      0x320 ./drivers/fsl_spi.o
 .debug_abbrev  0x00001c7f      0x320 ./drivers/fsl_uart.o
 .debug_abbrev  0x00001f9f      0x14e ./board/board.o
 .debug_abbrev  0x000020ed      0x234 ./board/clock_config.o
 .debug_abbrev  0x00002321       0x31 ./board/peripherals.o
 .debug_abbrev  0x00002352      0x189 ./board/pin_mux.o
 .debug_abbrev  0x000024db      0x12e ./CMSIS/system_MKL25Z4.o
 .debug_abbrev  0x00002609       0x62 C:/nxp/MCUXpressoIDE_25.6.136/ide/plugins/com.nxp.mcuxpresso.tools.win32_25.6.0.202501151204/tools/bin/../lib/gcc/arm-none-eabi/14.2.1/../../../../arm-none-eabi/lib/thumb/v6-m/nofp\libcr_nohost_nf.a(_cr__main.o)
 .debug_abbrev  0x0000266b       0xa5 C:/nxp/MCUXpressoIDE_25.6.136/ide/plugins/com.nxp.mcuxpresso.tools.win32_25.6.0.202501151204/tools/bin/../lib/gcc/arm-none-eabi/14.2.1/../../../../arm-none-eabi/lib/thumb/v6-m/nofp\libcr_c.a(memset.o)
 .debug_abbrev  0x00002710      0x14b C:/nxp/MCUXpressoIDE_25.6.136/ide/plugins/com.nxp.mcuxpresso.tools.win32_25.6.0.202501151204/tools/bin/../lib/gcc/arm-none-eabi/14.2.1/../../../../arm-none-eabi/lib/thumb/v6-m/nofp\libcr_c.a(initio.o)
 .debug_abbrev  0x0000285b      0x3af C:/nxp/MCUXpressoIDE_25.6.136/ide/plugins/com.nxp.mcuxpresso.tools.win32_25.6.0.202501151204/tools/bin/../lib/gcc/arm-none-eabi/14.2.1/../../../../arm-none-eabi/lib/thumb/v6-m/nofp\libcr_c.a(printf.o)
 .debug_abbrev  0x00002c0a      0x445 C:/nxp/MCUXpressoIDE_25.6.136/ide/plugins/com.nxp.mcuxpresso.tools.win32_25.6.0.202501151204/tools/bin/../lib/gcc/arm-none-eabi/14.2.1/../../../../arm-none-eabi/lib/thumb/v6-m/nofp\libcr_c.a(scanf.o)
 .debug_abbrev  0x0000304f       0xe1 C:/nxp/MCUXpressoIDE_25.6.136/ide/plugins/com.nxp.mcuxpresso.tools.win32_25.6.0.202501151204/tools/bin/../lib/gcc/arm-none-eabi/14.2.1/../../../../arm-none-eabi/lib/thumb/v6-m/nofp\libcr_c.a(setvbuf.o)
 .debug_abbrev  0x00003130      0x2a6 C:/nxp/MCUXpressoIDE_25.6.136/ide/plugins/com.nxp.mcuxpresso.tools.win32_25.6.0.202501151204/tools/bin/../lib/gcc/arm-none-eabi/14.2.1/../../../../arm-none-eabi/lib/thumb/v6-m/nofp\libcr_c.a(stdlib.o)
 .debug_abbrev  0x000033d6       0x6c C:/nxp/MCUXpressoIDE_25.6.136/ide/plugins/com.nxp.mcuxpresso.tools.win32_25.6.0.202501151204/tools/bin/../lib/gcc/arm-none-eabi/14.2.1/../../../../arm-none-eabi/lib/thumb/v6-m/nofp\libcr_c.a(strchr.o)
 .debug_abbrev  0x00003442       0xa7 C:/nxp/MCUXpressoIDE_25.6.136/ide/plugins/com.nxp.mcuxpresso.tools.win32_25.6.0.202501151204/tools/bin/../lib/gcc/arm-none-eabi/14.2.1/../../../../arm-none-eabi/lib/thumb/v6-m/nofp\libcr_c.a(strcpy.o)
 .debug_abbrev  0x000034e9       0xa5 C:/nxp/MCUXpressoIDE_25.6.136/ide/plugins/com.nxp.mcuxpresso.tools.win32_25.6.0.202501151204/tools/bin/../lib/gcc/arm-none-eabi/14.2.1/../../../../arm-none-eabi/lib/thumb/v6-m/nofp\libcr_c.a(strlen.o)
 .debug_abbrev  0x0000358e      0x183 C:/nxp/MCUXpressoIDE_25.6.136/ide/plugins/com.nxp.mcuxpresso.tools.win32_25.6.0.202501151204/tools/bin/../lib/gcc/arm-none-eabi/14.2.1/../../../../arm-none-eabi/lib/thumb/v6-m/nofp\libcr_c.a(_deferredlazyseek.o)
 .debug_abbrev  0x00003711      0x119 C:/nxp/MCUXpressoIDE_25.6.136/ide/plugins/com.nxp.mcuxpresso.tools.win32_25.6.0.202501151204/tools/bin/../lib/gcc/arm-none-eabi/14.2.1/../../../../arm-none-eabi/lib/thumb/v6-m/nofp\libcr_c.a(_fdopen.o)
 .debug_abbrev  0x0000382a       0xf1 C:/nxp/MCUXpressoIDE_25.6.136/ide/plugins/com.nxp.mcuxpresso.tools.win32_25.6.0.202501151204/tools/bin/../lib/gcc/arm-none-eabi/14.2.1/../../../../arm-none-eabi/lib/thumb/v6-m/nofp\libcr_c.a(_fflush.o)
 .debug_abbrev  0x0000391b      0x126 C:/nxp/MCUXpressoIDE_25.6.136/ide/plugins/com.nxp.mcuxpresso.tools.win32_25.6.0.202501151204/tools/bin/../lib/gcc/arm-none-eabi/14.2.1/../../../../arm-none-eabi/lib/thumb/v6-m/nofp\libcr_c.a(_writebuf.o)
 .debug_abbrev  0x00003a41      0x27b C:/nxp/MCUXpressoIDE_25.6.136/ide/plugins/com.nxp.mcuxpresso.tools.win32_25.6.0.202501151204/tools/bin/../lib/gcc/arm-none-eabi/14.2.1/../../../../arm-none-eabi/lib/thumb/v6-m/nofp\libcr_c.a(alloc.o)
 .debug_abbrev  0x00003cbc       0xba C:/nxp/MCUXpressoIDE_25.6.136/ide/plugins/com.nxp.mcuxpresso.tools.win32_25.6.0.202501151204/tools/bin/../lib/gcc/arm-none-eabi/14.2.1/../../../../arm-none-eabi/lib/thumb/v6-m/nofp\libcr_c.a(ctype.o)
 .debug_abbrev  0x00003d76       0x44 C:/nxp/MCUXpressoIDE_25.6.136/ide/plugins/com.nxp.mcuxpresso.tools.win32_25.6.0.202501151204/tools/bin/../lib/gcc/arm-none-eabi/14.2.1/../../../../arm-none-eabi/lib/thumb/v6-m/nofp\libcr_c.a(errno.o)
 .debug_abbrev  0x00003dba      0x158 C:/nxp/MCUXpressoIDE_25.6.136/ide/plugins/com.nxp.mcuxpresso.tools.win32_25.6.0.202501151204/tools/bin/../lib/gcc/arm-none-eabi/14.2.1/../../../../arm-none-eabi/lib/thumb/v6-m/nofp\libcr_c.a(fclose.o)
 .debug_abbrev  0x00003f12      0x122 C:/nxp/MCUXpressoIDE_25.6.136/ide/plugins/com.nxp.mcuxpresso.tools.win32_25.6.0.202501151204/tools/bin/../lib/gcc/arm-none-eabi/14.2.1/../../../../arm-none-eabi/lib/thumb/v6-m/nofp\libcr_c.a(fflush.o)
 .debug_abbrev  0x00004034      0x11b C:/nxp/MCUXpressoIDE_25.6.136/ide/plugins/com.nxp.mcuxpresso.tools.win32_25.6.0.202501151204/tools/bin/../lib/gcc/arm-none-eabi/14.2.1/../../../../arm-none-eabi/lib/thumb/v6-m/nofp\libcr_c.a(fseek.o)
 .debug_abbrev  0x0000414f       0xc2 C:/nxp/MCUXpressoIDE_25.6.136/ide/plugins/com.nxp.mcuxpresso.tools.win32_25.6.0.202501151204/tools/bin/../lib/gcc/arm-none-eabi/14.2.1/../../../../arm-none-eabi/lib/thumb/v6-m/nofp\libcr_c.a(ftell.o)
 .debug_abbrev  0x00004211       0xed C:/nxp/MCUXpressoIDE_25.6.136/ide/plugins/com.nxp.mcuxpresso.tools.win32_25.6.0.202501151204/tools/bin/../lib/gcc/arm-none-eabi/14.2.1/../../../../arm-none-eabi/lib/thumb/v6-m/nofp\libcr_c.a(remove.o)
 .debug_abbrev  0x000042fe       0xaf C:/nxp/MCUXpressoIDE_25.6.136/ide/plugins/com.nxp.mcuxpresso.tools.win32_25.6.0.202501151204/tools/bin/../lib/gcc/arm-none-eabi/14.2.1/../../../../arm-none-eabi/lib/thumb/v6-m/nofp\libcr_c.a(__init_alloc.o)
 .debug_abbrev  0x000043ad       0xd3 C:/nxp/MCUXpressoIDE_25.6.136/ide/plugins/com.nxp.mcuxpresso.tools.win32_25.6.0.202501151204/tools/bin/../lib/gcc/arm-none-eabi/14.2.1/../../../../arm-none-eabi/lib/thumb/v6-m/nofp\libcr_c.a(_cr_sbrk.o)
 .debug_abbrev  0x00004480      0x12c C:/nxp/MCUXpressoIDE_25.6.136/ide/plugins/com.nxp.mcuxpresso.tools.win32_25.6.0.202501151204/tools/bin/../lib/gcc/arm-none-eabi/14.2.1/../../../../arm-none-eabi/lib/thumb/v6-m/nofp\libcr_c.a(_do_fflush.o)
 .debug_abbrev  0x000045ac       0x6b C:/nxp/MCUXpressoIDE_25.6.136/ide/plugins/com.nxp.mcuxpresso.tools.win32_25.6.0.202501151204/tools/bin/../lib/gcc/arm-none-eabi/14.2.1/../../../../arm-none-eabi/lib/thumb/v6-m/nofp\libcr_c.a(_cr_check_heap.o)
 .debug_abbrev  0x00004617      0x359 C:/nxp/MCUXpressoIDE_25.6.136/ide/plugins/com.nxp.mcuxpresso.tools.win32_25.6.0.202501151204/tools/bin/../lib/gcc/arm-none-eabi/14.2.1/thumb/v6-m/nofp\libcr_eabihelpers.a(float.o)
 .debug_abbrev  0x00004970       0xb5 C:/nxp/MCUXpressoIDE_25.6.136/ide/plugins/com.nxp.mcuxpresso.tools.win32_25.6.0.202501151204/tools/bin/../lib/gcc/arm-none-eabi/14.2.1/../../../../arm-none-eabi/lib/thumb/v6-m/nofp\libcr_nohost_nf.a(__ciob.o)
 .debug_abbrev  0x00004a25       0x2e C:/nxp/MCUXpressoIDE_25.6.136/ide/plugins/com.nxp.mcuxpresso.tools.win32_25.6.0.202501151204/tools/bin/../lib/gcc/arm-none-eabi/14.2.1/../../../../arm-none-eabi/lib/thumb/v6-m/nofp\libcr_nohost_nf.a(__sys_appexit.o)
 .debug_abbrev  0x00004a53       0x5c C:/nxp/MCUXpressoIDE_25.6.136/ide/plugins/com.nxp.mcuxpresso.tools.win32_25.6.0.202501151204/tools/bin/../lib/gcc/arm-none-eabi/14.2.1/../../../../arm-none-eabi/lib/thumb/v6-m/nofp\libcr_nohost_nf.a(__sys_close.o)
 .debug_abbrev  0x00004aaf       0x5c C:/nxp/MCUXpressoIDE_25.6.136/ide/plugins/com.nxp.mcuxpresso.tools.win32_25.6.0.202501151204/tools/bin/../lib/gcc/arm-none-eabi/14.2.1/../../../../arm-none-eabi/lib/thumb/v6-m/nofp\libcr_nohost_nf.a(__sys_flen.o)
 .debug_abbrev  0x00004b0b       0x5c C:/nxp/MCUXpressoIDE_25.6.136/ide/plugins/com.nxp.mcuxpresso.tools.win32_25.6.0.202501151204/tools/bin/../lib/gcc/arm-none-eabi/14.2.1/../../../../arm-none-eabi/lib/thumb/v6-m/nofp\libcr_nohost_nf.a(__sys_istty.o)
 .debug_abbrev  0x00004b67       0x7d C:/nxp/MCUXpressoIDE_25.6.136/ide/plugins/com.nxp.mcuxpresso.tools.win32_25.6.0.202501151204/tools/bin/../lib/gcc/arm-none-eabi/14.2.1/../../../../arm-none-eabi/lib/thumb/v6-m/nofp\libcr_nohost_nf.a(__sys_remove.o)
 .debug_abbrev  0x00004be4       0x6d C:/nxp/MCUXpressoIDE_25.6.136/ide/plugins/com.nxp.mcuxpresso.tools.win32_25.6.0.202501151204/tools/bin/../lib/gcc/arm-none-eabi/14.2.1/../../../../arm-none-eabi/lib/thumb/v6-m/nofp\libcr_nohost_nf.a(__sys_seek.o)
 .debug_abbrev  0x00004c51       0x76 C:/nxp/MCUXpressoIDE_25.6.136/ide/plugins/com.nxp.mcuxpresso.tools.win32_25.6.0.202501151204/tools/bin/../lib/gcc/arm-none-eabi/14.2.1/../../../../arm-none-eabi/lib/thumb/v6-m/nofp\libcr_nohost_nf.a(__sys_tmpnam.o)