Archive member included to satisfy reference by file (symbol)

C:/nxp/MCUXpressoIDE_25.6.136/ide/plugins/com.nxp.mcuxpresso.tools.win32_25.6.0.202501151204/tools/bin/../lib/gcc/arm-none-eabi/14.2.1/../../../../arm-none-eabi/lib/thumb/v6-m/nofp\libcr_nohost_nf.a(_cr__main.o)
                              ./startup/startup_mkl25z4.o (__main)
C:/nxp/MCUXpressoIDE_25.6.136/ide/plugins/com.nxp.mcuxpresso.tools.win32_25.6.0.202501151204/tools/bin/../lib/gcc/arm-none-eabi/14.2.1/../../../../arm-none-eabi/lib/thumb/v6-m/nofp\libcr_c.a(memcpy.o)
                              ./drivers/fsl_flash.o (memcpy)
C:/nxp/MCUXpressoIDE_25.6.136/ide/plugins/com.nxp.mcuxpresso.tools.win32_25.6.0.202501151204/tools/bin/../lib/gcc/arm-none-eabi/14.2.1/../../../../arm-none-eabi/lib/thumb/v6-m/nofp\libcr_c.a(memset.o)
                              ./source/MKL25Z4_Display_My_test.o (memset)
C:/nxp/MCUXpressoIDE_25.6.136/ide/plugins/com.nxp.mcuxpresso.tools.win32_25.6.0.202501151204/tools/bin/../lib/gcc/arm-none-eabi/14.2.1/../../../../arm-none-eabi/lib/thumb/v6-m/nofp\libcr_c.a(initio.o)
                              C:/nxp/MCUXpressoIDE_25.6.136/ide/plugins/com.nxp.mcuxpresso.tools.win32_25.6.0.202501151204/tools/bin/../lib/gcc/arm-none-eabi/14.2.1/../../../../arm-none-eabi/lib/thumb/v6-m/nofp\libcr_nohost_nf.a(_cr__main.o) (_initio)
C:/nxp/MCUXpressoIDE_25.6.136/ide/plugins/com.nxp.mcuxpresso.tools.win32_25.6.0.202501151204/tools/bin/../lib/gcc/arm-none-eabi/14.2.1/../../../../arm-none-eabi/lib/thumb/v6-m/nofp\libcr_c.a(printf.o)
                              ./source/MKL25Z4_Display_My_test.o (_snprintf)
C:/nxp/MCUXpressoIDE_25.6.136/ide/plugins/com.nxp.mcuxpresso.tools.win32_25.6.0.202501151204/tools/bin/../lib/gcc/arm-none-eabi/14.2.1/../../../../arm-none-eabi/lib/thumb/v6-m/nofp\libcr_c.a(setvbuf.o)
                              C:/nxp/MCUXpressoIDE_25.6.136/ide/plugins/com.nxp.mcuxpresso.tools.win32_25.6.0.202501151204/tools/bin/../lib/gcc/arm-none-eabi/14.2.1/../../../../arm-none-eabi/lib/thumb/v6-m/nofp\libcr_c.a(initio.o) (setvbuf)
C:/nxp/MCUXpressoIDE_25.6.136/ide/plugins/com.nxp.mcuxpresso.tools.win32_25.6.0.202501151204/tools/bin/../lib/gcc/arm-none-eabi/14.2.1/../../../../arm-none-eabi/lib/thumb/v6-m/nofp\libcr_c.a(stdlib.o)
                              ./source/MKL25Z4_Display_My_test.o (rand)
C:/nxp/MCUXpressoIDE_25.6.136/ide/plugins/com.nxp.mcuxpresso.tools.win32_25.6.0.202501151204/tools/bin/../lib/gcc/arm-none-eabi/14.2.1/../../../../arm-none-eabi/lib/thumb/v6-m/nofp\libcr_c.a(strlen.o)
                              ./utilities/fsl_debug_console.o (strlen)
C:/nxp/MCUXpressoIDE_25.6.136/ide/plugins/com.nxp.mcuxpresso.tools.win32_25.6.0.202501151204/tools/bin/../lib/gcc/arm-none-eabi/14.2.1/../../../../arm-none-eabi/lib/thumb/v6-m/nofp\libcr_c.a(_deferredlazyseek.o)
                              C:/nxp/MCUXpressoIDE_25.6.136/ide/plugins/com.nxp.mcuxpresso.tools.win32_25.6.0.202501151204/tools/bin/../lib/gcc/arm-none-eabi/14.2.1/../../../../arm-none-eabi/lib/thumb/v6-m/nofp\libcr_c.a(printf.o) (__flsbuf)
C:/nxp/MCUXpressoIDE_25.6.136/ide/plugins/com.nxp.mcuxpresso.tools.win32_25.6.0.202501151204/tools/bin/../lib/gcc/arm-none-eabi/14.2.1/../../../../arm-none-eabi/lib/thumb/v6-m/nofp\libcr_c.a(_fdopen.o)
                              C:/nxp/MCUXpressoIDE_25.6.136/ide/plugins/com.nxp.mcuxpresso.tools.win32_25.6.0.202501151204/tools/bin/../lib/gcc/arm-none-eabi/14.2.1/../../../../arm-none-eabi/lib/thumb/v6-m/nofp\libcr_c.a(initio.o) (_fdopen)
C:/nxp/MCUXpressoIDE_25.6.136/ide/plugins/com.nxp.mcuxpresso.tools.win32_25.6.0.202501151204/tools/bin/../lib/gcc/arm-none-eabi/14.2.1/../../../../arm-none-eabi/lib/thumb/v6-m/nofp\libcr_c.a(_fflush.o)
                              C:/nxp/MCUXpressoIDE_25.6.136/ide/plugins/com.nxp.mcuxpresso.tools.win32_25.6.0.202501151204/tools/bin/../lib/gcc/arm-none-eabi/14.2.1/../../../../arm-none-eabi/lib/thumb/v6-m/nofp\libcr_c.a(_deferredlazyseek.o) (_fflush)
C:/nxp/MCUXpressoIDE_25.6.136/ide/plugins/com.nxp.mcuxpresso.tools.win32_25.6.0.202501151204/tools/bin/../lib/gcc/arm-none-eabi/14.2.1/../../../../arm-none-eabi/lib/thumb/v6-m/nofp\libcr_c.a(_writebuf.o)
                              C:/nxp/MCUXpressoIDE_25.6.136/ide/plugins/com.nxp.mcuxpresso.tools.win32_25.6.0.202501151204/tools/bin/../lib/gcc/arm-none-eabi/14.2.1/../../../../arm-none-eabi/lib/thumb/v6-m/nofp\libcr_c.a(_deferredlazyseek.o) (_Cwritebuf)
C:/nxp/MCUXpressoIDE_25.6.136/ide/plugins/com.nxp.mcuxpresso.tools.win32_25.6.0.202501151204/tools/bin/../lib/gcc/arm-none-eabi/14.2.1/../../../../arm-none-eabi/lib/thumb/v6-m/nofp\libcr_c.a(alloc.o)
                              C:/nxp/MCUXpressoIDE_25.6.136/ide/plugins/com.nxp.mcuxpresso.tools.win32_25.6.0.202501151204/tools/bin/../lib/gcc/arm-none-eabi/14.2.1/../../../../arm-none-eabi/lib/thumb/v6-m/nofp\libcr_c.a(printf.o) (malloc)
[...]
Memory Configuration

Name             Origin             Length             Attributes
PROGRAM_FLASH    0x00000000         0x00020000         xr
SRAM             0x1ffff000         0x00004000         xrw
*default*        0x00000000         0xffffffff

Linker script and memory map

LOAD ./utilities/fsl_debug_console.o
LOAD ./startup/startup_mkl25z4.o
LOAD ./source/MKL25Z4_Display_My_test.o
LOAD ./source/mtb.o
LOAD ./source/semihost_hardfault.o
LOAD ./source/st7735_simple.o
LOAD ./drivers/fsl_adc16.o
LOAD ./drivers/fsl_clock.o
LOAD ./drivers/fsl_common.o
LOAD ./drivers/fsl_flash.o
LOAD ./drivers/fsl_gpio.o
LOAD ./drivers/fsl_lpsci.o
LOAD ./drivers/fsl_smc.o
LOAD ./drivers/fsl_spi.o
LOAD ./drivers/fsl_uart.o
LOAD ./board/board.o
LOAD ./board/clock_config.o
LOAD ./board/peripherals.o
LOAD ./board/pin_mux.o
LOAD ./CMSIS/system_MKL25Z4.o
START GROUP
LOAD C:/nxp/MCUXpressoIDE_25.6.136/ide/plugins/com.nxp.mcuxpresso.tools.win32_25.6.0.202501151204/tools/bin/../lib/gcc/arm-none-eabi/14.2.1/../../../../arm-none-eabi/lib/thumb/v6-m/nofp\libcr_nohost_nf.a
LOAD C:/nxp/MCUXpressoIDE_25.6.136/ide/plugins/com.nxp.mcuxpresso.tools.win32_25.6.0.202501151204/tools/bin/../lib/gcc/arm-none-eabi/14.2.1/../../../../arm-none-eabi/lib/thumb/v6-m/nofp\libcr_c.a
LOAD C:/nxp/MCUXpressoIDE_25.6.136/ide/plugins/com.nxp.mcuxpresso.tools.win32_25.6.0.202501151204/tools/bin/../lib/gcc/arm-none-eabi/14.2.1/thumb/v6-m/nofp\libcr_eabihelpers.a
LOAD C:/nxp/MCUXpressoIDE_25.6.136/ide/plugins/com.nxp.mcuxpresso.tools.win32_25.6.0.202501151204/tools/bin/../lib/gcc/arm-none-eabi/14.2.1/thumb/v6-m/nofp\libgcc.a
END GROUP
                0x00000000                        __base_PROGRAM_FLASH = 0x0
                0x00000000                        __base_Flash = 0x0
                0x00020000                        __top_PROGRAM_FLASH = 0x20000
                0x00020000                        __top_Flash = 0x20000
                0x1ffff000                        __base_SRAM = 0x1ffff000
                0x1ffff000                        __base_RAM = 0x1ffff000
                0x20003000                        __top_SRAM = 0x20003000
                0x20003000                        __top_RAM = 0x20003000

.text           0x00000000     0xa198
 FILL mask 0xff
                0x00000000                        __vectors_start__ = ABSOLUTE (.)
 *(SORT_BY_ALIGNMENT(.isr_vector))
 .isr_vector    0x00000000       0xc0 ./startup/startup_mkl25z4.o
                0x00000000                g_pfnVectors
                0x00000000                __Vectors
                0x000000c0                        . = ALIGN (0x4)
                0x000000c0                        __section_table_start = .
                0x000000c0                        __data_section_table = .
                0x000000c0        0x4 LONG 0xa198 LOADADDR (.data)
                0x000000c4        0x4 LONG 0x1ffff080 ADDR (.data)
                0x000000c8        0x4 LONG 0xf8 SIZEOF (.data)
                0x000000cc                        __data_section_table_end = .
                0x000000cc                        __bss_section_table = .
                0x000000cc        0x4 LONG 0x1ffff178 ADDR (.bss)
                0x000000d0        0x4 LONG 0x144 SIZEOF (.bss)
                0x000000d4                        __bss_section_table_end = .
                0x000000d4                        __section_table_end = .
 *(SORT_BY_ALIGNMENT(.after_vectors*))
 .after_vectors.reset
                0x000000d4       0x4c ./startup/startup_mkl25z4.o
                0x000000d4                ResetISR
 .after_vectors.init_data
                0x00000120       0x12 ./startup/startup_mkl25z4.o
                0x00000120                data_init
 .after_vectors.init_bss
                0x00000132       0x10 ./startup/startup_mkl25z4.o
                0x00000132                bss_init
 .after_vectors
                0x00000142      0x10c ./startup/startup_mkl25z4.o
                0x00000142                NMI_Handler
                0x00000146                SVC_Handler
                0x00000148                PendSV_Handler
                0x0000014c                LPTMR0_DriverIRQHandler
                0x0000014c                DMA0_DriverIRQHandler
                0x0000014c                I2C0_DriverIRQHandler
                0x0000014c                Reserved39_DriverIRQHandler
                0x0000014c                PORTD_DriverIRQHandler
                0x0000014c                DMA2_DriverIRQHandler
                0x0000014c                CMP0_DriverIRQHandler
                0x0000014c                TPM2_DriverIRQHandler
                0x0000014c                ADC0_DriverIRQHandler
                0x0000014c                I2C1_DriverIRQHandler
                0x0000014c                TSI0_DriverIRQHandler
                0x0000014c                RTC_Seconds_DriverIRQHandler
                0x0000014c                DMA1_DriverIRQHandler
                0x0000014c                PIT_DriverIRQHandler
                0x0000014c                LLWU_DriverIRQHandler
                0x0000014c                MCG_DriverIRQHandler
                0x0000014c                RTC_DriverIRQHandler
                0x0000014c                TPM1_DriverIRQHandler
                0x0000014c                PORTA_DriverIRQHandler
                0x0000014c                FTFA_DriverIRQHandler
                0x0000014c                IntDefaultHandler
                0x0000014c                USB0_DriverIRQHandler
                0x0000014c                DAC0_DriverIRQHandler
                0x0000014c                LVD_LVW_DriverIRQHandler
                0x0000014c                TPM0_DriverIRQHandler
                0x0000014c                Reserved45_DriverIRQHandler
                0x0000014c                DMA3_DriverIRQHandler
                0x0000014c                Reserved20_DriverIRQHandler
                0x0000014e                DMA0_IRQHandler
                0x00000156                DMA1_IRQHandler
                0x0000015e                DMA2_IRQHandler
                0x00000166                DMA3_IRQHandler
                0x0000016e                Reserved20_IRQHandler
                0x00000176                FTFA_IRQHandler
                0x0000017e                LVD_LVW_IRQHandler
                0x00000186                LLWU_IRQHandler
                0x0000018e                I2C0_IRQHandler
                0x00000196                I2C1_IRQHandler
                0x0000019e                SPI0_IRQHandler
                0x000001a6                SPI1_IRQHandler
                0x000001ae                UART0_IRQHandler
                0x000001b6                UART1_IRQHandler
                0x000001be                UART2_IRQHandler
                0x000001c6                ADC0_IRQHandler
                0x000001ce                CMP0_IRQHandler
                0x000001d6                TPM0_IRQHandler
                0x000001de                TPM1_IRQHandler
                0x000001e6                TPM2_IRQHandler
                0x000001ee                RTC_IRQHandler
                0x000001f6                RTC_Seconds_IRQHandler
                0x000001fe                PIT_IRQHandler
                0x00000206                Reserved39_IRQHandler
                0x0000020e                USB0_IRQHandler
                0x00000216                DAC0_IRQHandler
                0x0000021e                TSI0_IRQHandler
                0x00000226                MCG_IRQHandler
                0x0000022e                LPTMR0_IRQHandler
                0x00000236                Reserved45_IRQHandler
                0x0000023e                PORTA_IRQHandler
                0x00000400                        . = 0x400
 *fill*         0x0000024e      0x1b2 ff
                0x00000400                        PROVIDE (__FLASH_CONFIG_START__ = .)
 *(SORT_BY_ALIGNMENT(.FlashConfig))
 .FlashConfig   0x00000400       0x10 ./startup/startup_mkl25z4.o
                0x00000400                Flash_Config
                0x00000410                        PROVIDE (__FLASH_CONFIG_END__ = .)
                0x00000001                        ASSERT (! ((__FLASH_CONFIG_START__ == __FLASH_CONFIG_END__)), Linker Flash Config Support Enabled, but no .FlashConfig section provided within application)
 *(SORT_BY_ALIGNMENT(.text*))
 .text.DbgConsole_Init
                0x00000410       0xf4 ./utilities/fsl_debug_console.o
                0x00000410                DbgConsole_Init
 .text.DbgConsole_Printf
                0x00000504       0x44 ./utilities/fsl_debug_console.o
                0x00000504                DbgConsole_Printf
 .text.DbgConsole_Putchar
                0x00000548       0x34 ./utilities/fsl_debug_console.o
                0x00000548                DbgConsole_Putchar
 .text.NVIC_EnableIRQ
                0x0000057c       0x2c ./source/MKL25Z4_Display_My_test.o
 .text.NVIC_SetPriority
                0x000005a8       0xdc ./source/MKL25Z4_Display_My_test.o
 .text.SysTick_Config
                0x00000684       0x48 ./source/MKL25Z4_Display_My_test.o
 .text.CLOCK_EnableClock
                0x000006cc       0x34 ./source/MKL25Z4_Display_My_test.o
 .text.ADC16_GetChannelConversionValue
                0x00000700       0x30 ./source/MKL25Z4_Display_My_test.o
 .text.PORT_SetPinMux
                0x00000730       0x40 ./source/MKL25Z4_Display_My_test.o
 .text.PORT_SetPinInterruptConfig
                0x00000770       0x40 ./source/MKL25Z4_Display_My_test.o
 .text.SysTick_Handler
                0x000007b0       0x18 ./source/MKL25Z4_Display_My_test.o
                0x000007b0                SysTick_Handler
 .text.Timer_Init
                0x000007c8       0x30 ./source/MKL25Z4_Display_My_test.o
                0x000007c8                Timer_Init
 .text.Timer_GetMs
                0x000007f8       0x14 ./source/MKL25Z4_Display_My_test.o
                0x000007f8                Timer_GetMs
 .text.delay_ms
                0x0000080c       0x30 ./source/MKL25Z4_Display_My_test.o
                0x0000080c                delay_ms
 .text.PORTD_IRQHandler
                0x0000083c       0x3c ./source/MKL25Z4_Display_My_test.o
                0x0000083c                PORTD_IRQHandler
 .text.Joystick_ReadADC
                0x00000878       0x58 ./source/MKL25Z4_Display_My_test.o
 .text.Joystick_Init
                0x000008d0       0xb8 ./source/MKL25Z4_Display_My_test.o
                0x000008d0                Joystick_Init
 .text.Joystick_Process
                0x00000988       0x64 ./source/MKL25Z4_Display_My_test.o
                0x00000988                Joystick_Process
 .text.Joystick_GetMenuAction
                0x000009ec       0x64 ./source/MKL25Z4_Display_My_test.o
                0x000009ec                Joystick_GetMenuAction
 .text.Joystick_GetY_Percent
                0x00000a50       0x14 ./source/MKL25Z4_Display_My_test.o
                0x00000a50                Joystick_GetY_Percent
 .text.GetInputName
                0x00000a64       0x60 ./source/MKL25Z4_Display_My_test.o
                0x00000a64                GetInputName
 .text.IsInputAvailable
                0x00000ac4       0xa0 ./source/MKL25Z4_Display_My_test.o
                0x00000ac4                IsInputAvailable
 .text.AI_PredictBallY
                0x00000b64      0x108 ./source/MKL25Z4_Display_My_test.o
                0x00000b64                AI_PredictBallY
 .text.AI_UpdatePaddle
                0x00000c6c      0x314 ./source/MKL25Z4_Display_My_test.o
                0x00000c6c                AI_UpdatePaddle
 .text.Game_Init
                0x00000f80      0x11c ./source/MKL25Z4_Display_My_test.o
                0x00000f80                Game_Init
 .text.Game_DrawField
                0x0000109c       0x68 ./source/MKL25Z4_Display_My_test.o
                0x0000109c                Game_DrawField
 .text.Game_DrawScore
                0x00001104       0x98 ./source/MKL25Z4_Display_My_test.o
                0x00001104                Game_DrawScore
 .text.Game_RedrawCenterLine
                0x0000119c       0x48 ./source/MKL25Z4_Display_My_test.o
                0x0000119c                Game_RedrawCenterLine
 .text.Game_DrawBall
                0x000011e4       0xd0 ./source/MKL25Z4_Display_My_test.o
                0x000011e4                Game_DrawBall
 .text.Game_ResetBall
                0x000012b4       0xa8 ./source/MKL25Z4_Display_My_test.o
                0x000012b4                Game_ResetBall
 .text.Game_Update
                0x0000135c      0x5f8 ./source/MKL25Z4_Display_My_test.o
                0x0000135c                Game_Update
 .text.Game_Start
                0x00001954      0x208 ./source/MKL25Z4_Display_My_test.o
                0x00001954                Game_Start
 .text.DrawTitle
                0x00001b5c       0x40 ./source/MKL25Z4_Display_My_test.o
                0x00001b5c                DrawTitle
 .text.DrawMenuItem
                0x00001b9c      0x100 ./source/MKL25Z4_Display_My_test.o
                0x00001b9c                DrawMenuItem
 .text.DrawInputMenuItem
                0x00001c9c      0x214 ./source/MKL25Z4_Display_My_test.o
                0x00001c9c                DrawInputMenuItem
 .text.DrawBackOption
                0x00001eb0       0xb8 ./source/MKL25Z4_Display_My_test.o
                0x00001eb0                DrawBackOption
 .text.DrawMainScreen
                0x00001f68       0xe8 ./source/MKL25Z4_Display_My_test.o
                0x00001f68                DrawMainScreen
 .text.DrawStartScreen
                0x00002050       0x68 ./source/MKL25Z4_Display_My_test.o
                0x00002050                DrawStartScreen
 .text.DrawSelectInputScreen
                0x000020b8      0x148 ./source/MKL25Z4_Display_My_test.o
                0x000020b8                DrawSelectInputScreen
 .text.DrawSelectP1Screen
                0x00002200       0xa0 ./source/MKL25Z4_Display_My_test.o
                0x00002200                DrawSelectP1Screen
 .text.DrawSelectP2Screen
                0x000022a0       0xa0 ./source/MKL25Z4_Display_My_test.o
                0x000022a0                DrawSelectP2Screen
 .text.DrawDifficultyScreen
                0x00002340      0x124 ./source/MKL25Z4_Display_My_test.o
                0x00002340                DrawDifficultyScreen
 .text.DrawGameOverScreen
                0x00002464      0x1b8 ./source/MKL25Z4_Display_My_test.o
                0x00002464                DrawGameOverScreen
 .text.DrawPausedScreen
                0x0000261c      0x118 ./source/MKL25Z4_Display_My_test.o
                0x0000261c                DrawPausedScreen
 .text.DrawBMOFace
                0x00002734      0x1ac ./source/MKL25Z4_Display_My_test.o
                0x00002734                DrawBMOFace
 .text.PlayIntroAnimation
                0x000028e0      0xe68 ./source/MKL25Z4_Display_My_test.o
                0x000028e0                PlayIntroAnimation
 .text.DrawCurrentScreen
                0x00003748       0xac ./source/MKL25Z4_Display_My_test.o
                0x00003748                DrawCurrentScreen
 .text.Menu_MoveUp
                0x000037f4       0x3c ./source/MKL25Z4_Display_My_test.o
                0x000037f4                Menu_MoveUp
 .text.Menu_MoveDown
                0x00003830       0x38 ./source/MKL25Z4_Display_My_test.o
                0x00003830                Menu_MoveDown
 .text.ChangeScreen
                0x00003868       0x34 ./source/MKL25Z4_Display_My_test.o
                0x00003868                ChangeScreen
 .text.Menu_Select
                0x0000389c      0x3e4 ./source/MKL25Z4_Display_My_test.o
                0x0000389c                Menu_Select
 .text.ReadKeyboard
                0x00003c80       0x28 ./source/MKL25Z4_Display_My_test.o
                0x00003c80                ReadKeyboard
 .text.ProcessMenuKeyboardInput
                0x00003ca8       0xf8 ./source/MKL25Z4_Display_My_test.o
                0x00003ca8                ProcessMenuKeyboardInput
 .text.ProcessGameKeyboardInput
                0x00003da0       0xfc ./source/MKL25Z4_Display_My_test.o
                0x00003da0                ProcessGameKeyboardInput
 .text.ProcessKeyboardInput
                0x00003e9c       0x4c ./source/MKL25Z4_Display_My_test.o
                0x00003e9c                ProcessKeyboardInput
 .text.ProcessJoystickGameInput
                0x00003ee8      0x150 ./source/MKL25Z4_Display_My_test.o
                0x00003ee8                ProcessJoystickGameInput
 .text.main     0x00004038      0x28c ./source/MKL25Z4_Display_My_test.o
                0x00004038                main
 .text.HardFault_Handler
                0x000042c4       0x38 ./source/semihost_hardfault.o
                0x000042c4                HardFault_Handler
 .text.CLOCK_EnableClock
                0x000042fc       0x34 ./source/st7735_simple.o
 .text.PORT_SetPinMux
                0x00004330       0x40 ./source/st7735_simple.o
 .text.delay_ms
                0x00004370       0x30 ./source/st7735_simple.o
 .text.SPI_WriteByteFast
                0x000043a0       0x44 ./source/st7735_simple.o
 .text.WriteCommand
                0x000043e4       0x34 ./source/st7735_simple.o
 .text.WriteData
                0x00004418       0x34 ./source/st7735_simple.o
 .text.SetWindow
                0x0000444c       0xb0 ./source/st7735_simple.o
 .text.ST7735_Init
                0x000044fc      0x38c ./source/st7735_simple.o
                0x000044fc                ST7735_Init
 .text.ST7735_DrawPixel
                0x00004888       0xa0 ./source/st7735_simple.o
                0x00004888                ST7735_DrawPixel
 .text.ST7735_FillRect
                0x00004928      0x1c4 ./source/st7735_simple.o
                0x00004928                ST7735_FillRect
 .text.ST7735_DrawHLine
                0x00004aec      0x14c ./source/st7735_simple.o
                0x00004aec                ST7735_DrawHLine
 .text.ST7735_DrawVLine
                0x00004c38      0x150 ./source/st7735_simple.o
                0x00004c38                ST7735_DrawVLine
 .text.ST7735_DrawChar
                0x00004d88      0x218 ./source/st7735_simple.o
                0x00004d88                ST7735_DrawChar
 .text.CLOCK_EnableClock
                0x00004fa0       0x34 ./drivers/fsl_adc16.o
 .text.ADC16_GetInstance
                0x00004fd4       0x48 ./drivers/fsl_adc16.o
 .text.ADC16_Init
                0x0000501c      0x114 ./drivers/fsl_adc16.o
                0x0000501c                ADC16_Init
 .text.ADC16_GetDefaultConfig
                0x00005130       0x58 ./drivers/fsl_adc16.o
                0x00005130                ADC16_GetDefaultConfig
 .text.ADC16_SetChannelConfig
                0x00005188       0x6c ./drivers/fsl_adc16.o
                0x00005188                ADC16_SetChannelConfig
 .text.ADC16_GetChannelStatusFlags
                0x000051f4       0x40 ./drivers/fsl_adc16.o
                0x000051f4                ADC16_GetChannelStatusFlags
 .text.CLOCK_SetEr32kClock
                0x00005234       0x34 ./drivers/fsl_clock.o
 .text.CLOCK_SetPllFllSelClock
                0x00005268       0x38 ./drivers/fsl_clock.o
 .text.CLOCK_GetMcgExtClkFreq
                0x000052a0       0x28 ./drivers/fsl_clock.o
 .text.CLOCK_GetFllExtRefClkFreq
                0x000052c8       0xa8 ./drivers/fsl_clock.o
 .text.CLOCK_GetInternalRefClkSelectFreq
                0x00005370       0x40 ./drivers/fsl_clock.o
 .text.CLOCK_GetFllRefClkFreq
                0x000053b0       0x2c ./drivers/fsl_clock.o
 .text.CLOCK_GetOscRangeFromFreq
                0x000053dc       0x4c ./drivers/fsl_clock.o
 .text.CLOCK_GetOsc0ErClkFreq
                0x00005428       0x3c ./drivers/fsl_clock.o
                0x00005428                CLOCK_GetOsc0ErClkFreq
 .text.CLOCK_GetEr32kClkFreq
                0x00005464       0x78 ./drivers/fsl_clock.o
                0x00005464                CLOCK_GetEr32kClkFreq
 .text.CLOCK_GetPllFllSelClkFreq
                0x000054dc       0x4c ./drivers/fsl_clock.o
                0x000054dc                CLOCK_GetPllFllSelClkFreq
 .text.CLOCK_GetFreq
                0x00005528       0xe0 ./drivers/fsl_clock.o
                0x00005528                CLOCK_GetFreq
 .text.CLOCK_SetSimConfig
                0x00005608       0x38 ./drivers/fsl_clock.o
                0x00005608                CLOCK_SetSimConfig
 .text.CLOCK_GetOutClkFreq
                0x00005640       0x78 ./drivers/fsl_clock.o
                0x00005640                CLOCK_GetOutClkFreq
 .text.CLOCK_GetFllFreq
                0x000056b8       0x84 ./drivers/fsl_clock.o
                0x000056b8                CLOCK_GetFllFreq
 .text.CLOCK_GetInternalRefClkFreq
                0x0000573c       0x28 ./drivers/fsl_clock.o
                0x0000573c                CLOCK_GetInternalRefClkFreq
 .text.CLOCK_GetPll0Freq
                0x00005764       0x70 ./drivers/fsl_clock.o
                0x00005764                CLOCK_GetPll0Freq
 .text.CLOCK_SetInternalRefClkConfig
                0x000057d4      0x124 ./drivers/fsl_clock.o
                0x000057d4                CLOCK_SetInternalRefClkConfig
 .text.CLOCK_EnablePll0
                0x000058f8       0x94 ./drivers/fsl_clock.o
                0x000058f8                CLOCK_EnablePll0
 .text.CLOCK_InitOsc0
                0x0000598c       0x94 ./drivers/fsl_clock.o
                0x0000598c                CLOCK_InitOsc0
 .text.CLOCK_SetPbeMode
                0x00005a20       0xb0 ./drivers/fsl_clock.o
                0x00005a20                CLOCK_SetPbeMode
 .text.CLOCK_BootToPeeMode
                0x00005ad0       0x70 ./drivers/fsl_clock.o
                0x00005ad0                CLOCK_BootToPeeMode
 .text.__assertion_failed
                0x00005b40       0x1c ./drivers/fsl_common.o
                0x00005b40                __assertion_failed
 .text.GPIO_PinInit
                0x00005b5c       0x64 ./drivers/fsl_gpio.o
                0x00005b5c                GPIO_PinInit
 .text.CLOCK_EnableClock
                0x00005bc0       0x34 ./drivers/fsl_lpsci.o
 .text.LPSCI_GetInstance
                0x00005bf4       0x48 ./drivers/fsl_lpsci.o
                0x00005bf4                LPSCI_GetInstance
 .text.LPSCI_Init
                0x00005c3c      0x258 ./drivers/fsl_lpsci.o
                0x00005c3c                LPSCI_Init
 .text.LPSCI_GetDefaultConfig
                0x00005e94       0x44 ./drivers/fsl_lpsci.o
                0x00005e94                LPSCI_GetDefaultConfig
 .text.LPSCI_ClearStatusFlags
                0x00005ed8       0x94 ./drivers/fsl_lpsci.o
                0x00005ed8                LPSCI_ClearStatusFlags
 .text.LPSCI_WriteBlocking
                0x00005f6c       0x4c ./drivers/fsl_lpsci.o
                0x00005f6c                LPSCI_WriteBlocking
 .text.LPSCI_ReadBlocking
                0x00005fb8       0xc0 ./drivers/fsl_lpsci.o
                0x00005fb8                LPSCI_ReadBlocking
 .text.UART0_DriverIRQHandler
                0x00006078       0x24 ./drivers/fsl_lpsci.o
                0x00006078                UART0_DriverIRQHandler
 .text.CLOCK_EnableClock
                0x0000609c       0x34 ./drivers/fsl_spi.o
 .text.SPI_GetInstance
                0x000060d0       0x4c ./drivers/fsl_spi.o
                0x000060d0                SPI_GetInstance
 .text.SPI_MasterGetDefaultConfig
                0x0000611c       0x44 ./drivers/fsl_spi.o
                0x0000611c                SPI_MasterGetDefaultConfig
 .text.SPI_MasterInit
                0x00006160      0x114 ./drivers/fsl_spi.o
                0x00006160                SPI_MasterInit
 .text.SPI_CommonIRQHandler
                0x00006274       0x54 ./drivers/fsl_spi.o
 .text.SPI0_DriverIRQHandler
                0x000062c8       0x30 ./drivers/fsl_spi.o
                0x000062c8                SPI0_DriverIRQHandler
 .text.SPI1_DriverIRQHandler
                0x000062f8       0x30 ./drivers/fsl_spi.o
                0x000062f8                SPI1_DriverIRQHandler
 .text.CLOCK_EnableClock
                0x00006328       0x34 ./drivers/fsl_uart.o
 .text.UART_GetInstance
                0x0000635c       0x54 ./drivers/fsl_uart.o
                0x0000635c                UART_GetInstance
 .text.UART_Init
                0x000063b0      0x1e0 ./drivers/fsl_uart.o
                0x000063b0                UART_Init
 .text.UART_GetDefaultConfig
                0x00006590       0x44 ./drivers/fsl_uart.o
                0x00006590                UART_GetDefaultConfig
 .text.UART_ReadBlocking
                0x000065d4       0x98 ./drivers/fsl_uart.o
                0x000065d4                UART_ReadBlocking
 .text.UART1_DriverIRQHandler
                0x0000666c       0x24 ./drivers/fsl_uart.o
                0x0000666c                UART1_DriverIRQHandler
 .text.UART2_DriverIRQHandler
                0x00006690       0x24 ./drivers/fsl_uart.o
                0x00006690                UART2_DriverIRQHandler
 .text.CLOCK_SetLpsci0Clock
                0x000066b4       0x38 ./board/board.o
 .text.BOARD_InitDebugConsole
                0x000066ec       0x30 ./board/board.o
                0x000066ec                BOARD_InitDebugConsole
 .text.CLOCK_SetSimSafeDivs
                0x0000671c       0x20 ./board/clock_config.o
 .text.CLOCK_SetXtal0Freq
                0x0000673c       0x1c ./board/clock_config.o
 .text.CLOCK_CONFIG_SetFllExtRefDiv
                0x00006758       0x3c ./board/clock_config.o
 .text.BOARD_BootClockRUN
                0x00006794       0x64 ./board/clock_config.o
                0x00006794                BOARD_BootClockRUN
 .text.CLOCK_EnableClock
                0x000067f8       0x34 ./board/pin_mux.o
 .text.PORT_SetPinMux
                0x0000682c       0x40 ./board/pin_mux.o
 .text.BOARD_InitPins
                0x0000686c       0x4c ./board/pin_mux.o
                0x0000686c                BOARD_InitPins
 .text.SystemInit
                0x000068b8       0x18 ./CMSIS/system_MKL25Z4.o
                0x000068b8                SystemInit
 .text._initio  0x000068d0       0x7c C:/nxp/MCUXpressoIDE_25.6.136/ide/plugins/com.nxp.mcuxpresso.tools.win32_25.6.0.202501151204/tools/bin/../lib/gcc/arm-none-eabi/14.2.1/../../../../arm-none-eabi/lib/thumb/v6-m/nofp\libcr_c.a(initio.o)
                0x000068d0                _initio
 .text.__vfprintf
                0x0000694c      0xd50 C:/nxp/MCUXpressoIDE_25.6.136/ide/plugins/com.nxp.mcuxpresso.tools.win32_25.6.0.202501151204/tools/bin/../lib/gcc/arm-none-eabi/14.2.1/../../../../arm-none-eabi/lib/thumb/v6-m/nofp\libcr_c.a(printf.o)
                0x0000694c                __vfprintf
 .text._snprintf
                0x0000769c       0x7c C:/nxp/MCUXpressoIDE_25.6.136/ide/plugins/com.nxp.mcuxpresso.tools.win32_25.6.0.202501151204/tools/bin/../lib/gcc/arm-none-eabi/14.2.1/../../../../arm-none-eabi/lib/thumb/v6-m/nofp\libcr_c.a(printf.o)
                0x0000769c                _snprintf
 .text.setvbuf  0x00007718       0x4c C:/nxp/MCUXpressoIDE_25.6.136/ide/plugins/com.nxp.mcuxpresso.tools.win32_25.6.0.202501151204/tools/bin/../lib/gcc/arm-none-eabi/14.2.1/../../../../arm-none-eabi/lib/thumb/v6-m/nofp\libcr_c.a(setvbuf.o)
                0x00007718                setvbuf
 .text.rand     0x00007764       0x44 C:/nxp/MCUXpressoIDE_25.6.136/ide/plugins/com.nxp.mcuxpresso.tools.win32_25.6.0.202501151204/tools/bin/../lib/gcc/arm-none-eabi/14.2.1/../../../../arm-none-eabi/lib/thumb/v6-m/nofp\libcr_c.a(stdlib.o)
                0x00007764                rand
 .text.srand    0x000077a8       0x40 C:/nxp/MCUXpressoIDE_25.6.136/ide/plugins/com.nxp.mcuxpresso.tools.win32_25.6.0.202501151204/tools/bin/../lib/gcc/arm-none-eabi/14.2.1/../../../../arm-none-eabi/lib/thumb/v6-m/nofp\libcr_c.a(stdlib.o)
                0x000077a8                srand
 .text.strlen   0x000077e8       0x5c C:/nxp/MCUXpressoIDE_25.6.136/ide/plugins/com.nxp.mcuxpresso.tools.win32_25.6.0.202501151204/tools/bin/../lib/gcc/arm-none-eabi/14.2.1/../../../../arm-none-eabi/lib/thumb/v6-m/nofp\libcr_c.a(strlen.o)
                0x000077e8                strlen
 .text._deferredlazyseek
                0x00007844       0x44 C:/nxp/MCUXpressoIDE_25.6.136/ide/plugins/com.nxp.mcuxpresso.tools.win32_25.6.0.202501151204/tools/bin/../lib/gcc/arm-none-eabi/14.2.1/../../../../arm-none-eabi/lib/thumb/v6-m/nofp\libcr_c.a(_deferredlazyseek.o)
                0x00007844                _deferredlazyseek
 .text.__flsbuf
                0x00007888      0x130 C:/nxp/MCUXpressoIDE_25.6.136/ide/plugins/com.nxp.mcuxpresso.tools.win32_25.6.0.202501151204/tools/bin/../lib/gcc/arm-none-eabi/14.2.1/../../../../arm-none-eabi/lib/thumb/v6-m/nofp\libcr_c.a(_deferredlazyseek.o)
                0x00007888                __flsbuf
 .text._fdopen  0x000079b8       0x74 C:/nxp/MCUXpressoIDE_25.6.136/ide/plugins/com.nxp.mcuxpresso.tools.win32_25.6.0.202501151204/tools/bin/../lib/gcc/arm-none-eabi/14.2.1/../../../../arm-none-eabi/lib/thumb/v6-m/nofp\libcr_c.a(_fdopen.o)
                0x000079b8                _fdopen
 .text._fflush  0x00007a2c       0x5c C:/nxp/MCUXpressoIDE_25.6.136/ide/plugins/com.nxp.mcuxpresso.tools.win32_25.6.0.202501151204/tools/bin/../lib/gcc/arm-none-eabi/14.2.1/../../../../arm-none-eabi/lib/thumb/v6-m/nofp\libcr_c.a(_fflush.o)
                0x00007a2c                _fflush
 .text._Cwritebuf
                0x00007a88       0x68 C:/nxp/MCUXpressoIDE_25.6.136/ide/plugins/com.nxp.mcuxpresso.tools.win32_25.6.0.202501151204/tools/bin/../lib/gcc/arm-none-eabi/14.2.1/../../../../arm-none-eabi/lib/thumb/v6-m/nofp\libcr_c.a(_writebuf.o)
                0x00007a88                _Cwritebuf
 .text.malloc   0x00007af0       0xd4 C:/nxp/MCUXpressoIDE_25.6.136/ide/plugins/com.nxp.mcuxpresso.tools.win32_25.6.0.202501151204/tools/bin/../lib/gcc/arm-none-eabi/14.2.1/../../../../arm-none-eabi/lib/thumb/v6-m/nofp\libcr_c.a(alloc.o)
                0x00007af0                malloc
 .text._Csys_alloc
                0x00007bc4       0x20 C:/nxp/MCUXpressoIDE_25.6.136/ide/plugins/com.nxp.mcuxpresso.tools.win32_25.6.0.202501151204/tools/bin/../lib/gcc/arm-none-eabi/14.2.1/../../../../arm-none-eabi/lib/thumb/v6-m/nofp\libcr_c.a(alloc.o)
                0x00007bc4                _Csys_alloc
 .text.fclose   0x00007be4       0x5c C:/nxp/MCUXpressoIDE_25.6.136/ide/plugins/com.nxp.mcuxpresso.tools.win32_25.6.0.202501151204/tools/bin/../lib/gcc/arm-none-eabi/14.2.1/../../../../arm-none-eabi/lib/thumb/v6-m/nofp\libcr_c.a(fclose.o)
                0x00007be4                fclose
 .text.fflush   0x00007c40       0x40 C:/nxp/MCUXpressoIDE_25.6.136/ide/plugins/com.nxp.mcuxpresso.tools.win32_25.6.0.202501151204/tools/bin/../lib/gcc/arm-none-eabi/14.2.1/../../../../arm-none-eabi/lib/thumb/v6-m/nofp\libcr_c.a(fflush.o)
                0x00007c40                fflush
 .text.fseek    0x00007c80       0xec C:/nxp/MCUXpressoIDE_25.6.136/ide/plugins/com.nxp.mcuxpresso.tools.win32_25.6.0.202501151204/tools/bin/../lib/gcc/arm-none-eabi/14.2.1/../../../../arm-none-eabi/lib/thumb/v6-m/nofp\libcr_c.a(fseek.o)
                0x00007c80                fseek
 .text.ftell    0x00007d6c       0x4c C:/nxp/MCUXpressoIDE_25.6.136/ide/plugins/com.nxp.mcuxpresso.tools.win32_25.6.0.202501151204/tools/bin/../lib/gcc/arm-none-eabi/14.2.1/../../../../arm-none-eabi/lib/thumb/v6-m/nofp\libcr_c.a(ftell.o)
                0x00007d6c                ftell
 .text._sbrk    0x00007db8       0x40 C:/nxp/MCUXpressoIDE_25.6.136/ide/plugins/com.nxp.mcuxpresso.tools.win32_25.6.0.202501151204/tools/bin/../lib/gcc/arm-none-eabi/14.2.1/../../../../arm-none-eabi/lib/thumb/v6-m/nofp\libcr_c.a(_cr_sbrk.o)
                0x00007db8                _sbrk
 .text._do_fflush
                0x00007df8       0x48 C:/nxp/MCUXpressoIDE_25.6.136/ide/plugins/com.nxp.mcuxpresso.tools.win32_25.6.0.202501151204/tools/bin/../lib/gcc/arm-none-eabi/14.2.1/../../../../arm-none-eabi/lib/thumb/v6-m/nofp\libcr_c.a(_do_fflush.o)
                0x00007df8                _do_fflush
 .text.__check_heap_overflow
                0x00007e40       0x18 C:/nxp/MCUXpressoIDE_25.6.136/ide/plugins/com.nxp.mcuxpresso.tools.win32_25.6.0.202501151204/tools/bin/../lib/gcc/arm-none-eabi/14.2.1/../../../../arm-none-eabi/lib/thumb/v6-m/nofp\libcr_c.a(_cr_check_heap.o)
                0x00007e40                __check_heap_overflow
 .text.UART_EnableTx
                0x00007e58       0x40 ./utilities/fsl_debug_console.o
 .text.UART_EnableRx
                0x00007e98       0x40 ./utilities/fsl_debug_console.o
 .text.LPSCI_EnableTx
                0x00007ed8       0x40 ./utilities/fsl_debug_console.o
 .text.LPSCI_EnableRx
                0x00007f18       0x40 ./utilities/fsl_debug_console.o
 .text.DbgConsole_PrintfPaddingCharacter
                0x00007f58       0x48 ./utilities/fsl_debug_console.o
 .text.DbgConsole_ConvertRadixNumToString
                0x00007fa0      0x114 ./utilities/fsl_debug_console.o
 .text.DbgConsole_PrintfFormattedData
                0x000080b4      0x33a ./utilities/fsl_debug_console.o
 .text.EnableIRQ
                0x000083ee       0x2c ./source/MKL25Z4_Display_My_test.o
 .text.PORT_GetPinsInterruptFlags
                0x0000841a       0x16 ./source/MKL25Z4_Display_My_test.o
 .text.PORT_ClearPinsInterruptFlags
                0x00008430       0x1a ./source/MKL25Z4_Display_My_test.o
 .text.IsCPUInput
                0x0000844a       0x3a ./source/MKL25Z4_Display_My_test.o
                0x0000844a                IsCPUInput
 .text.Game_DrawPaddle
                0x00008484      0x106 ./source/MKL25Z4_Display_My_test.o
                0x00008484                Game_DrawPaddle
 .text.ProcessJoystickMenuInput
                0x0000858a       0x40 ./source/MKL25Z4_Display_My_test.o
                0x0000858a                ProcessJoystickMenuInput
 .text.SPI_Enable
                0x000085ca       0x40 ./source/st7735_simple.o
 .text.ST7735_FillScreen
                0x0000860a       0x26 ./source/st7735_simple.o
                0x0000860a                ST7735_FillScreen
 .text.ST7735_DrawRect
                0x00008630       0xb8 ./source/st7735_simple.o
                0x00008630                ST7735_DrawRect
 .text.ST7735_DrawString
                0x000086e8       0x74 ./source/st7735_simple.o
                0x000086e8                ST7735_DrawString
 .text.ST7735_DrawStringScaled
                0x0000875c       0x98 ./source/st7735_simple.o
                0x0000875c                ST7735_DrawStringScaled
 .text.ST7735_DrawStringCentered
                0x000087f4       0x8e ./source/st7735_simple.o
                0x000087f4                ST7735_DrawStringCentered
 .text.ADC16_DoAutoCalibration
                0x00008882      0x118 ./drivers/fsl_adc16.o
                0x00008882                ADC16_DoAutoCalibration
 .text.ADC16_GetStatusFlags
                0x0000899a       0x3a ./drivers/fsl_adc16.o
                0x0000899a                ADC16_GetStatusFlags
 .text.OSC_SetExtRefClkConfig
                0x000089d4       0x3e ./drivers/fsl_clock.o
 .text.OSC_SetCapLoad
                0x00008a12       0x42 ./drivers/fsl_clock.o
 .text.CLOCK_GetPll0RefFreq
                0x00008a54       0x10 ./drivers/fsl_clock.o
 .text.CLOCK_GetFixedFreqClkFreq
                0x00008a64       0x30 ./drivers/fsl_clock.o
                0x00008a64                CLOCK_GetFixedFreqClkFreq
 .text.CLOCK_SetExternalRefClkConfig
                0x00008a94       0x16 ./drivers/fsl_clock.o
                0x00008a94                CLOCK_SetExternalRefClkConfig
 .text.GPIO_WritePinOutput
                0x00008aaa       0x34 ./drivers/fsl_gpio.o
 .text.LPSCI_GetStatusFlags
                0x00008ade       0x26 ./drivers/fsl_lpsci.o
                0x00008ade                LPSCI_GetStatusFlags
 .text.SPI_MasterSetBaudRate
                0x00008b04       0xb8 ./drivers/fsl_spi.o
                0x00008b04                SPI_MasterSetBaudRate
 .text.UART_GetStatusFlags
                0x00008bbc       0x26 ./drivers/fsl_uart.o
                0x00008bbc                UART_GetStatusFlags
 .text.UART_WriteBlocking
                0x00008be2       0x3c ./drivers/fsl_uart.o
                0x00008be2                UART_WriteBlocking
 .text.BOARD_InitBootClocks
                0x00008c1e        0xe ./board/clock_config.o
                0x00008c1e                BOARD_InitBootClocks
 .text.BOARD_InitBootPeripherals
                0x00008c2c        0xa ./board/peripherals.o
                0x00008c2c                BOARD_InitBootPeripherals
 .text.BOARD_InitBootPins
                0x00008c36        0xe ./board/pin_mux.o
                0x00008c36                BOARD_InitBootPins
 .text.__main   0x00008c44        0xc C:/nxp/MCUXpressoIDE_25.6.136/ide/plugins/com.nxp.mcuxpresso.tools.win32_25.6.0.202501151204/tools/bin/../lib/gcc/arm-none-eabi/14.2.1/../../../../arm-none-eabi/lib/thumb/v6-m/nofp\libcr_nohost_nf.a(_cr__main.o)
                0x00008c44                __main
 .text.memset   0x00008c50        0x8 C:/nxp/MCUXpressoIDE_25.6.136/ide/plugins/com.nxp.mcuxpresso.tools.win32_25.6.0.202501151204/tools/bin/../lib/gcc/arm-none-eabi/14.2.1/../../../../arm-none-eabi/lib/thumb/v6-m/nofp\libcr_c.a(memset.o)
                0x00008c50                memset
 .text.no_fp_display
                0x00008c58        0x4 C:/nxp/MCUXpressoIDE_25.6.136/ide/plugins/com.nxp.mcuxpresso.tools.win32_25.6.0.202501151204/tools/bin/../lib/gcc/arm-none-eabi/14.2.1/../../../../arm-none-eabi/lib/thumb/v6-m/nofp\libcr_c.a(printf.o)
 .text.free     0x00008c5c       0x2c C:/nxp/MCUXpressoIDE_25.6.136/ide/plugins/com.nxp.mcuxpresso.tools.win32_25.6.0.202501151204/tools/bin/../lib/gcc/arm-none-eabi/14.2.1/../../../../arm-none-eabi/lib/thumb/v6-m/nofp\libcr_c.a(alloc.o)
                0x00008c5c                free
 .text.remove   0x00008c88       0x12 C:/nxp/MCUXpressoIDE_25.6.136/ide/plugins/com.nxp.mcuxpresso.tools.win32_25.6.0.202501151204/tools/bin/../lib/gcc/arm-none-eabi/14.2.1/../../../../arm-none-eabi/lib/thumb/v6-m/nofp\libcr_c.a(remove.o)
                0x00008c88                remove
 .text.__aeabi_division_idivmod
                0x00008c9a       0x78 C:/nxp/MCUXpressoIDE_25.6.136/ide/plugins/com.nxp.mcuxpresso.tools.win32_25.6.0.202501151204/tools/bin/../lib/gcc/arm-none-eabi/14.2.1/thumb/v6-m/nofp\libcr_eabihelpers.a(division_32.o)
                0x00008c9a                __aeabi_idivmod
                0x00008c9a                __aeabi_idiv
                0x00008ca0                __aeabi_uidivmod
                0x00008ca0                __aeabi_uidiv
 .text.__aeabi_division_idiv0
                0x00008d12        0x2 C:/nxp/MCUXpressoIDE_25.6.136/ide/plugins/com.nxp.mcuxpresso.tools.win32_25.6.0.202501151204/tools/bin/../lib/gcc/arm-none-eabi/14.2.1/thumb/v6-m/nofp\libcr_eabihelpers.a(division_idiv0.o)
                0x00008d12                __aeabi_idiv0
 .text.__aeabi_llong_lmul
                0x00008d14       0x2e C:/nxp/MCUXpressoIDE_25.6.136/ide/plugins/com.nxp.mcuxpresso.tools.win32_25.6.0.202501151204/tools/bin/../lib/gcc/arm-none-eabi/14.2.1/thumb/v6-m/nofp\libcr_eabihelpers.a(llong.o)
                0x00008d14                __aeabi_lmul
 .text.__aeabi_memset_lowlevel
                0x00008d42       0x2a C:/nxp/MCUXpressoIDE_25.6.136/ide/plugins/com.nxp.mcuxpresso.tools.win32_25.6.0.202501151204/tools/bin/../lib/gcc/arm-none-eabi/14.2.1/thumb/v6-m/nofp\libcr_eabihelpers.a(memcpy.o)
                0x00008d42                __aeabi_lowlevel_memset
 .text.__gnu_thumb1_case_uqi
                0x00008d6c       0x10 C:/nxp/MCUXpressoIDE_25.6.136/ide/plugins/com.nxp.mcuxpresso.tools.win32_25.6.0.202501151204/tools/bin/../lib/gcc/arm-none-eabi/14.2.1/thumb/v6-m/nofp\libcr_eabihelpers.a(thumb1_switch_helpers.o)
                0x00008d6c                __gnu_thumb1_case_uqi
 .text.__gnu_thumb1_case_uhi
                0x00008d7c       0x10 C:/nxp/MCUXpressoIDE_25.6.136/ide/plugins/com.nxp.mcuxpresso.tools.win32_25.6.0.202501151204/tools/bin/../lib/gcc/arm-none-eabi/14.2.1/thumb/v6-m/nofp\libcr_eabihelpers.a(thumb1_switch_helpers.o)
                0x00008d7c                __gnu_thumb1_case_uhi
 .text.__sys_appexit
                0x00008d8c        0x2 C:/nxp/MCUXpressoIDE_25.6.136/ide/plugins/com.nxp.mcuxpresso.tools.win32_25.6.0.202501151204/tools/bin/../lib/gcc/arm-none-eabi/14.2.1/../../../../arm-none-eabi/lib/thumb/v6-m/nofp\libcr_nohost_nf.a(__sys_appexit.o)
                0x00008d8c                __sys_appexit
                0x00008d8c                __exit
 .text.__sys_close
                0x00008d8e        0x6 C:/nxp/MCUXpressoIDE_25.6.136/ide/plugins/com.nxp.mcuxpresso.tools.win32_25.6.0.202501151204/tools/bin/../lib/gcc/arm-none-eabi/14.2.1/../../../../arm-none-eabi/lib/thumb/v6-m/nofp\libcr_nohost_nf.a(__sys_close.o)
                0x00008d8e                __sys_close
 .text.__sys_flen
                0x00008d94        0x6 C:/nxp/MCUXpressoIDE_25.6.136/ide/plugins/com.nxp.mcuxpresso.tools.win32_25.6.0.202501151204/tools/bin/../lib/gcc/arm-none-eabi/14.2.1/../../../../arm-none-eabi/lib/thumb/v6-m/nofp\libcr_nohost_nf.a(__sys_flen.o)
                0x00008d94                __sys_flen
 .text.__sys_istty
                0x00008d9a        0x6 C:/nxp/MCUXpressoIDE_25.6.136/ide/plugins/com.nxp.mcuxpresso.tools.win32_25.6.0.202501151204/tools/bin/../lib/gcc/arm-none-eabi/14.2.1/../../../../arm-none-eabi/lib/thumb/v6-m/nofp\libcr_nohost_nf.a(__sys_istty.o)
                0x00008d9a                __sys_istty
 .text.__sys_remove
                0x00008da0        0x6 C:/nxp/MCUXpressoIDE_25.6.136/ide/plugins/com.nxp.mcuxpresso.tools.win32_25.6.0.202501151204/tools/bin/../lib/gcc/arm-none-eabi/14.2.1/../../../../arm-none-eabi/lib/thumb/v6-m/nofp\libcr_nohost_nf.a(__sys_remove.o)
                0x00008da0                __sys_remove
 .text.__sys_seek
                0x00008da6        0x6 C:/nxp/MCUXpressoIDE_25.6.136/ide/plugins/com.nxp.mcuxpresso.tools.win32_25.6.0.202501151204/tools/bin/../lib/gcc/arm-none-eabi/14.2.1/../../../../arm-none-eabi/lib/thumb/v6-m/nofp\libcr_nohost_nf.a(__sys_seek.o)
                0x00008da6                __sys_seek
 .text.__sys_tmpnam
                0x00008dac        0x6 C:/nxp/MCUXpressoIDE_25.6.136/ide/plugins/com.nxp.mcuxpresso.tools.win32_25.6.0.202501151204/tools/bin/../lib/gcc/arm-none-eabi/14.2.1/../../../../arm-none-eabi/lib/thumb/v6-m/nofp\libcr_nohost_nf.a(__sys_tmpnam.o)
                0x00008dac                __sys_tmpnam
 .text.__sys_write
                0x00008db2        0x4 C:/nxp/MCUXpressoIDE_25.6.136/ide/plugins/com.nxp.mcuxpresso.tools.win32_25.6.0.202501151204/tools/bin/../lib/gcc/arm-none-eabi/14.2.1/../../../../arm-none-eabi/lib/thumb/v6-m/nofp\libcr_nohost_nf.a(__sys_write.o)
                0x00008db2                __sys_write
 *(SORT_BY_ALIGNMENT(.rodata) SORT_BY_ALIGNMENT(.rodata.*) SORT_BY_ALIGNMENT(.constdata) SORT_BY_ALIGNMENT(.constdata.*))
 *fill*         0x00008db6        0x2 ff
 .rodata.ADC16_GetChannelConversionValue.str1.4
                0x00008db8      0xdfe ./source/MKL25Z4_Display_My_test.o
                                 0x89 (size before relaxing)
 .rodata.Timer_Init.str1.4
                0x00009bb6       0x22 ./source/MKL25Z4_Display_My_test.o
 .rodata.Joystick_Init.str1.4
                0x00009bb6       0x2b ./source/MKL25Z4_Display_My_test.o
 .rodata.GetInputName.str1.4
                0x00009bb6       0x45 ./source/MKL25Z4_Display_My_test.o
 *fill*         0x00009bb6        0x2 ff
 .rodata.GetInputName
                0x00009bb8       0x1c ./source/MKL25Z4_Display_My_test.o
 .rodata.IsInputAvailable.str1.4
                0x00009bd4       0x58 ./source/MKL25Z4_Display_My_test.o
 .rodata.Game_DrawScore.str1.4
                0x00009bd4        0x6 ./source/MKL25Z4_Display_My_test.o
 .rodata.Game_Update.str1.4
                0x00009bd4       0x25 ./source/MKL25Z4_Display_My_test.o
 .rodata.Game_Start.str1.4
                0x00009bd4       0x78 ./source/MKL25Z4_Display_My_test.o
 .rodata.DrawMenuItem.str1.4
                0x00009bd4        0x2 ./source/MKL25Z4_Display_My_test.o
 .rodata.DrawInputMenuItem.str1.4
                0x00009bd4       0x11 ./source/MKL25Z4_Display_My_test.o
 .rodata.DrawBackOption.str1.4
                0x00009bd4        0x8 ./source/MKL25Z4_Display_My_test.o
 .rodata.DrawMainScreen.str1.4
                0x00009bd4       0x3e ./source/MKL25Z4_Display_My_test.o
 .rodata.DrawStartScreen.str1.4
                0x00009bd4       0x2a ./source/MKL25Z4_Display_My_test.o
 .rodata.DrawSelectInputScreen.str1.4
                0x00009bd4       0x67 ./source/MKL25Z4_Display_My_test.o
 .rodata.DrawSelectP1Screen.str1.4
                0x00009bd4        0x9 ./source/MKL25Z4_Display_My_test.o
 .rodata.DrawSelectP2Screen.str1.4
                0x00009bd4        0x9 ./source/MKL25Z4_Display_My_test.o
 .rodata.DrawDifficultyScreen.str1.4
                0x00009bd4       0x58 ./source/MKL25Z4_Display_My_test.o
 .rodata.DrawGameOverScreen.str1.4
                0x00009bd4       0x3a ./source/MKL25Z4_Display_My_test.o
 .rodata.DrawPausedScreen.str1.4
                0x00009bd4       0x29 ./source/MKL25Z4_Display_My_test.o
 .rodata.rainbow_colors
                0x00009bd4        0xe ./source/MKL25Z4_Display_My_test.o
 .rodata.PlayIntroAnimation.str1.4
                0x00009be2       0xd5 ./source/MKL25Z4_Display_My_test.o
 *fill*         0x00009be2        0x2 ff
 .rodata        0x00009be4       0x1d ./source/MKL25Z4_Display_My_test.o
 *fill*         0x00009c01        0x3 ff
 .rodata.DrawCurrentScreen
                0x00009c04       0x28 ./source/MKL25Z4_Display_My_test.o
 .rodata.Menu_Select.str1.4
                0x00009c2c      0x191 ./source/MKL25Z4_Display_My_test.o
 .rodata.Menu_Select
                0x00009c2c       0x28 ./source/MKL25Z4_Display_My_test.o
 .rodata.ProcessMenuKeyboardInput.str1.4
                0x00009c54       0x81 ./source/MKL25Z4_Display_My_test.o
 .rodata.ProcessMenuKeyboardInput
                0x00009c54      0x120 ./source/MKL25Z4_Display_My_test.o
 .rodata.ProcessGameKeyboardInput.str1.4
                0x00009d74       0x3a ./source/MKL25Z4_Display_My_test.o
 .rodata.ProcessGameKeyboardInput
                0x00009d74      0x174 ./source/MKL25Z4_Display_My_test.o
 .rodata.ProcessJoystickGameInput.str1.4
                0x00009ee8       0x18 ./source/MKL25Z4_Display_My_test.o
 .rodata.main.str1.4
                0x00009ee8      0x30f ./source/MKL25Z4_Display_My_test.o
 .rodata.font5x7
                0x00009ee8      0x1c7 ./source/st7735_simple.o
 *fill*         0x0000a0af        0x1 ff
 .rodata        0x0000a0b0        0x2 ./source/st7735_simple.o
 .rodata.ADC16_GetInstance.str1.4
                0x0000a0b2       0x35 ./drivers/fsl_adc16.o
 .rodata.ADC16_Init.str1.4
                0x0000a0b2       0x20 ./drivers/fsl_adc16.o
 .rodata.ADC16_GetDefaultConfig.str1.4
                0x0000a0b2       0x21 ./drivers/fsl_adc16.o
 .rodata.ADC16_SetChannelConfig.str1.4
                0x0000a0b2       0x51 ./drivers/fsl_adc16.o
 .rodata.ADC16_GetChannelStatusFlags.str1.4
                0x0000a0b2       0x2f ./drivers/fsl_adc16.o
 .rodata.CLOCK_GetMcgExtClkFreq.str1.4
                0x0000a0b2       0x1e ./drivers/fsl_clock.o
 .rodata.CLOCK_GetOsc0ErClkFreq.str1.4
                0x0000a0b2       0x1e ./drivers/fsl_clock.o
 .rodata.CLOCK_GetEr32kClkFreq.str1.4
                0x0000a0b2       0x1f ./drivers/fsl_clock.o
 *fill*         0x0000a0b2        0x2 ff
 .rodata.CLOCK_GetFreq
                0x0000a0b4       0x38 ./drivers/fsl_clock.o
 .rodata.CLOCK_GetPll0Freq.str1.4
                0x0000a0ec       0x1d ./drivers/fsl_clock.o
 .rodata.CLOCK_EnablePll0.str1.4
                0x0000a0ec       0x19 ./drivers/fsl_clock.o
 .rodata.CLOCK_SetPbeMode.str1.4
                0x0000a0ec       0x1a ./drivers/fsl_clock.o
 .rodata.CLOCK_BootToPeeMode.str1.4
                0x0000a0ec       0x1a ./drivers/fsl_clock.o
 .rodata.fllFactorTable.1
                0x0000a0ec       0x10 ./drivers/fsl_clock.o
 .rodata.__assertion_failed.str1.4
                0x0000a0fc        0x4 ./drivers/fsl_common.o
 .rodata.GPIO_PinInit.str1.4
                0x0000a0fc       0x17 ./drivers/fsl_gpio.o
 .rodata.LPSCI_GetInstance.str1.4
                0x0000a0fc       0x36 ./drivers/fsl_lpsci.o
 .rodata.LPSCI_Init.str1.4
                0x0000a0fc       0x43 ./drivers/fsl_lpsci.o
 .rodata.LPSCI_GetDefaultConfig.str1.4
                0x0000a0fc       0x19 ./drivers/fsl_lpsci.o
 .rodata.LPSCI_WriteBlocking.str1.4
                0x0000a0fc       0x17 ./drivers/fsl_lpsci.o
 .rodata.LPSCI_ReadBlocking.str1.4
                0x0000a0fc       0x17 ./drivers/fsl_lpsci.o
 .rodata.s_spiBases
                0x0000a0fc        0x8 ./drivers/fsl_spi.o
 .rodata.s_spiClock
                0x0000a104        0x8 ./drivers/fsl_spi.o
 .rodata.SPI_GetInstance.str1.4
                0x0000a10c       0x32 ./drivers/fsl_spi.o
 .rodata.SPI_MasterInit.str1.4
                0x0000a10c       0x26 ./drivers/fsl_spi.o
 .rodata.SPI0_DriverIRQHandler.str1.4
                0x0000a10c       0x20 ./drivers/fsl_spi.o
 .rodata.SPI1_DriverIRQHandler.str1.4
                0x0000a10c       0x20 ./drivers/fsl_spi.o
 .rodata.s_uartBases
                0x0000a10c        0xc ./drivers/fsl_uart.o
 .rodata.s_uartClock
                0x0000a118        0xc ./drivers/fsl_uart.o
 .rodata.UART_GetInstance.str1.4
                0x0000a124       0x2b ./drivers/fsl_uart.o
 .rodata.UART_Init.str1.4
                0x0000a124       0x3e ./drivers/fsl_uart.o
 .rodata.UART_GetDefaultConfig.str1.4
                0x0000a124       0x18 ./drivers/fsl_uart.o
 .rodata.UART_ReadBlocking.str1.4
                0x0000a124       0x16 ./drivers/fsl_uart.o
 .rodata.mcgConfig_BOARD_BootClockRUN
                0x0000a124        0xa ./board/clock_config.o
                0x0000a124                mcgConfig_BOARD_BootClockRUN
 *fill*         0x0000a12e        0x2 ff
 .rodata.simConfig_BOARD_BootClockRUN
                0x0000a130        0x8 ./board/clock_config.o
                0x0000a130                simConfig_BOARD_BootClockRUN
 .rodata.oscConfig_BOARD_BootClockRUN
                0x0000a138        0x8 ./board/clock_config.o
                0x0000a138                oscConfig_BOARD_BootClockRUN
 .rodata.__num_Ciob_streams
                0x0000a140        0x4 C:/nxp/MCUXpressoIDE_25.6.136/ide/plugins/com.nxp.mcuxpresso.tools.win32_25.6.0.202501151204/tools/bin/../lib/gcc/arm-none-eabi/14.2.1/../../../../arm-none-eabi/lib/thumb/v6-m/nofp\libcr_nohost_nf.a(__ciob.o)
                0x0000a140                __num_Ciob_streams
 .rodata._initio.str1.1
                0x0000a144       0x53 C:/nxp/MCUXpressoIDE_25.6.136/ide/plugins/com.nxp.mcuxpresso.tools.win32_25.6.0.202501151204/tools/bin/../lib/gcc/arm-none-eabi/14.2.1/../../../../arm-none-eabi/lib/thumb/v6-m/nofp\libcr_c.a(initio.o)
                                  0x4 (size before relaxing)
 .rodata.__vfprintf.str1.1
                0x0000a197       0x38 C:/nxp/MCUXpressoIDE_25.6.136/ide/plugins/com.nxp.mcuxpresso.tools.win32_25.6.0.202501151204/tools/bin/../lib/gcc/arm-none-eabi/14.2.1/../../../../arm-none-eabi/lib/thumb/v6-m/nofp\libcr_c.a(printf.o)
 .rodata._Csys_alloc.str1.1
                0x0000a197       0x18 C:/nxp/MCUXpressoIDE_25.6.136/ide/plugins/com.nxp.mcuxpresso.tools.win32_25.6.0.202501151204/tools/bin/../lib/gcc/arm-none-eabi/14.2.1/../../../../arm-none-eabi/lib/thumb/v6-m/nofp\libcr_c.a(alloc.o)
                0x0000a1d0                        . = ALIGN (0x4)
 *fill*         0x0000a197        0x1 ff

.glue_7         0x0000a198        0x0
 .glue_7        0x0000a198        0x0 linker stubs

.glue_7t        0x0000a198        0x0
 .glue_7t       0x0000a198        0x0 linker stubs

.vfp11_veneer   0x0000a198        0x0
 .vfp11_veneer  0x0000a198        0x0 linker stubs

.v4_bx          0x0000a198        0x0
 .v4_bx         0x0000a198        0x0 linker stubs

.iplt           0x0000a198        0x0
 .iplt          0x0000a198        0x0 ./utilities/fsl_debug_console.o

.rel.dyn        0x0000a198        0x0
 .rel.iplt      0x0000a198        0x0 ./utilities/fsl_debug_console.o

.ARM.extab
 *(SORT_BY_ALIGNMENT(.ARM.extab*) SORT_BY_ALIGNMENT(.gnu.linkonce.armextab.*))

.ARM.exidx      0x0000a198        0x0
                0x0000a198                        __exidx_start = .
 *(SORT_BY_ALIGNMENT(.ARM.exidx*) SORT_BY_ALIGNMENT(.gnu.linkonce.armexidx.*))
                0x0000a198                        __exidx_end = .
                0x0000a198                        _etext = .

.m_usb_data
 *(SORT_BY_ALIGNMENT(m_usb_bdt))

.mtb_buffer_default
                0x1ffff000       0x80
 *(SORT_BY_ALIGNMENT(.mtb*))
 .mtb.$RAM1     0x1ffff000       0x80 ./source/mtb.o
                0x1ffff000                __mtb_buffer__

.uninit_RESERVED
                0x1ffff080        0x0
                0x1ffff080                        _start_uninit_RESERVED = .
 *(SORT_BY_ALIGNMENT(.bss.$RESERVED*))
                0x1ffff080                        . = ALIGN (0x4)
                0x1ffff080                        _end_uninit_RESERVED = .

.data           0x1ffff080       0xf8 load address 0x0000a198
 FILL mask 0xff
                0x1ffff080                        _data = .
                [!provide]                        PROVIDE (__start_data_RAM = .)
                [!provide]                        PROVIDE (__start_data_SRAM = .)
 *(SORT_BY_ALIGNMENT(vtable))
 *(SORT_BY_ALIGNMENT(.ramfunc*))
 *(SORT_BY_ALIGNMENT(CodeQuickAccess))
 *(SORT_BY_ALIGNMENT(DataQuickAccess))
 *(SORT_BY_ALIGNMENT(RamFunction))
 *(SORT_BY_ALIGNMENT(.data*))
 .data.g_menuState
                0x1ffff080        0x2 ./source/MKL25Z4_Display_My_test.o
                0x1ffff080                g_menuState
 *fill*         0x1ffff082        0x2 ff
 .data.s_slowIrcFreq
                0x1ffff084        0x4 ./drivers/fsl_clock.o
 .data.s_fastIrcFreq
                0x1ffff088        0x4 ./drivers/fsl_clock.o
 .data.SystemCoreClock
                0x1ffff08c        0x4 ./CMSIS/system_MKL25Z4.o
                0x1ffff08c                SystemCoreClock
 .data._random_k
                0x1ffff090        0x4 C:/nxp/MCUXpressoIDE_25.6.136/ide/plugins/com.nxp.mcuxpresso.tools.win32_25.6.0.202501151204/tools/bin/../lib/gcc/arm-none-eabi/14.2.1/../../../../arm-none-eabi/lib/thumb/v6-m/nofp\libcr_c.a(stdlib.o)
 .data._random_j
                0x1ffff094        0x4 C:/nxp/MCUXpressoIDE_25.6.136/ide/plugins/com.nxp.mcuxpresso.tools.win32_25.6.0.202501151204/tools/bin/../lib/gcc/arm-none-eabi/14.2.1/../../../../arm-none-eabi/lib/thumb/v6-m/nofp\libcr_c.a(stdlib.o)
 .data._random_number_seed
                0x1ffff098       0xdc C:/nxp/MCUXpressoIDE_25.6.136/ide/plugins/com.nxp.mcuxpresso.tools.win32_25.6.0.202501151204/tools/bin/../lib/gcc/arm-none-eabi/14.2.1/../../../../arm-none-eabi/lib/thumb/v6-m/nofp\libcr_c.a(stdlib.o)
 .data.g_player1_input
                0x1ffff174        0x1 ./source/MKL25Z4_Display_My_test.o
                0x1ffff174                g_player1_input
 .data.g_player2_input
                0x1ffff175        0x1 ./source/MKL25Z4_Display_My_test.o
                0x1ffff175                g_player2_input
 .data.g_needsRedraw
                0x1ffff176        0x1 ./source/MKL25Z4_Display_My_test.o
                0x1ffff176                g_needsRedraw
                0x1ffff178                        . = ALIGN (0x4)
 *fill*         0x1ffff177        0x1 ff
                0x1ffff178                        _edata = .
                [!provide]                        PROVIDE (__end_data_RAM = .)
                [!provide]                        PROVIDE (__end_data_SRAM = .)

.igot.plt       0x1ffff178        0x0 load address 0x0000a290
 .igot.plt      0x1ffff178        0x0 ./utilities/fsl_debug_console.o

.bss            0x1ffff178      0x144
                0x1ffff178                        _bss = .
                [!provide]                        PROVIDE (__start_bss_RAM = .)
                [!provide]                        PROVIDE (__start_bss_SRAM = .)
 *(SORT_BY_ALIGNMENT(.bss*))
 .bss.s_debugConsole
                0x1ffff178       0x10 ./utilities/fsl_debug_console.o
 .bss.ball      0x1ffff188        0xe ./source/MKL25Z4_Display_My_test.o
 *fill*         0x1ffff196        0x2 
 .bss.paddle1   0x1ffff198        0xa ./source/MKL25Z4_Display_My_test.o
 *fill*         0x1ffff1a2        0x2 
 .bss.paddle2   0x1ffff1a4        0xa ./source/MKL25Z4_Display_My_test.o
 *fill*         0x1ffff1ae        0x2 
 .bss.game      0x1ffff1b0        0xa ./source/MKL25Z4_Display_My_test.o
 *fill*         0x1ffff1ba        0x2 
 .bss.g_systick_ms
                0x1ffff1bc        0x4 ./source/MKL25Z4_Display_My_test.o
 .bss.g_xtal0Freq
                0x1ffff1c0        0x4 ./drivers/fsl_clock.o
                0x1ffff1c0                g_xtal0Freq
 .bss.g_xtal32Freq
                0x1ffff1c4        0x4 ./drivers/fsl_clock.o
                0x1ffff1c4                g_xtal32Freq
 .bss.s_lpsciHandle
                0x1ffff1c8        0x4 ./drivers/fsl_lpsci.o
 .bss.s_lpsciIsr
                0x1ffff1cc        0x4 ./drivers/fsl_lpsci.o
 .bss.s_spiHandle
                0x1ffff1d0        0x8 ./drivers/fsl_spi.o
 .bss.s_spiMasterIsr
                0x1ffff1d8        0x4 ./drivers/fsl_spi.o
 .bss.s_spiSlaveIsr
                0x1ffff1dc        0x4 ./drivers/fsl_spi.o
 .bss.s_uartHandle
                0x1ffff1e0        0xc ./drivers/fsl_uart.o
 .bss.s_uartIsr
                0x1ffff1ec        0x4 ./drivers/fsl_uart.o
 .bss.__end_of_heap
                0x1ffff1f0        0x4 C:/nxp/MCUXpressoIDE_25.6.136/ide/plugins/com.nxp.mcuxpresso.tools.win32_25.6.0.202501151204/tools/bin/../lib/gcc/arm-none-eabi/14.2.1/../../../../arm-none-eabi/lib/thumb/v6-m/nofp\libcr_c.a(__init_alloc.o)
                0x1ffff1f0                __end_of_heap
 .bss.__heaps   0x1ffff1f4        0x4 C:/nxp/MCUXpressoIDE_25.6.136/ide/plugins/com.nxp.mcuxpresso.tools.win32_25.6.0.202501151204/tools/bin/../lib/gcc/arm-none-eabi/14.2.1/../../../../arm-none-eabi/lib/thumb/v6-m/nofp\libcr_c.a(__init_alloc.o)
                0x1ffff1f4                __heaps
 .bss.errno     0x1ffff1f8        0x4 C:/nxp/MCUXpressoIDE_25.6.136/ide/plugins/com.nxp.mcuxpresso.tools.win32_25.6.0.202501151204/tools/bin/../lib/gcc/arm-none-eabi/14.2.1/../../../../arm-none-eabi/lib/thumb/v6-m/nofp\libcr_c.a(errno.o)
                0x1ffff1f8                errno
 .bss.__Ciob    0x1ffff1fc       0xb4 C:/nxp/MCUXpressoIDE_25.6.136/ide/plugins/com.nxp.mcuxpresso.tools.win32_25.6.0.202501151204/tools/bin/../lib/gcc/arm-none-eabi/14.2.1/../../../../arm-none-eabi/lib/thumb/v6-m/nofp\libcr_nohost_nf.a(__ciob.o)
                0x1ffff1fc                __Ciob
 .bss.g_joy_y_percent
                0x1ffff2b0        0x2 ./source/MKL25Z4_Display_My_test.o
 .bss.g_currentScreen
                0x1ffff2b2        0x1 ./source/MKL25Z4_Display_My_test.o
                0x1ffff2b2                g_currentScreen
 .bss.g_p1_move
                0x1ffff2b3        0x1 ./source/MKL25Z4_Display_My_test.o
 .bss.g_p2_move
                0x1ffff2b4        0x1 ./source/MKL25Z4_Display_My_test.o
 .bss.g_joy_btn_pressed
                0x1ffff2b5        0x1 ./source/MKL25Z4_Display_My_test.o
 .bss.g_joy_action_consumed
                0x1ffff2b6        0x1 ./source/MKL25Z4_Display_My_test.o
 .bss.g_pause_selection
                0x1ffff2b7        0x1 ./source/MKL25Z4_Display_My_test.o
 .bss.pause_nav_consumed.0
                0x1ffff2b8        0x1 ./source/MKL25Z4_Display_My_test.o
 *(SORT_BY_ALIGNMENT(COMMON))
                0x1ffff2bc                        . = ALIGN (0x4)
 *fill*         0x1ffff2b9        0x3 
                0x1ffff2bc                        _ebss = .
                [!provide]                        PROVIDE (__end_bss_RAM = .)
                [!provide]                        PROVIDE (__end_bss_SRAM = .)
                [!provide]                        PROVIDE (end = .)

.noinit         0x1ffff2bc        0x0
                0x1ffff2bc                        _noinit = .
                [!provide]                        PROVIDE (__start_noinit_RAM = .)
                [!provide]                        PROVIDE (__start_noinit_SRAM = .)
 *(SORT_BY_ALIGNMENT(.noinit*))
                0x1ffff2bc                        . = ALIGN (0x4)
                0x1ffff2bc                        _end_noinit = .
                [!provide]                        PROVIDE (__end_noinit_RAM = .)
                [!provide]                        PROVIDE (__end_noinit_SRAM = .)
                0x00000400                        _HeapSize = 0x400

.heap           0x1ffff2bc      0x400
                0x1ffff2bc                        _pvHeapStart = .
                0x1ffff6bc                        . = (. + _HeapSize)
 *fill*         0x1ffff2bc      0x400 
                0x1ffff6bc                        . = ALIGN (0x4)
                0x1ffff6bc                        _pvHeapLimit = .
                0x00000400                        _StackSize = 0x400

.heap2stackfill
                0x1ffff6bc      0x400
                0x1ffffabc                        . = (. + _StackSize)
 *fill*         0x1ffff6bc      0x400 

.stack          0x20002c00        0x0
                0x20002c00                        _vStackBase = .
                0x20002c00                        . = ALIGN (0x4)
                0x20003000                        _vStackTop = (. + _StackSize)
                0x00000000                        _image_start = LOADADDR (.text)
                0x0000a290                        _image_end = (LOADADDR (.data) + SIZEOF (.data))
                0x0000a290                        _image_size = (_image_end - _image_start)
OUTPUT(MKL25Z4_Display_My_test.axf elf32-littlearm)
LOAD linker stubs

.debug_info     0x00000000    0x113f5
 .debug_info    0x00000000      0xf55 ./utilities/fsl_debug_console.o
 .debug_info    0x00000f55      0x692 ./startup/startup_mkl25z4.o
 .debug_info    0x000015e7     0x250f ./source/MKL25Z4_Display_My_test.o
 .debug_info    0x00003af6       0x53 ./source/mtb.o
 .debug_info    0x00003b49       0x3c ./source/semihost_hardfault.o
 .debug_info    0x00003b85      0xf3c ./source/st7735_simple.o
 .debug_info    0x00004ac1      0xc61 ./drivers/fsl_adc16.o
 .debug_info    0x00005722     0x1a79 ./drivers/fsl_clock.o
 .debug_info    0x0000719b      0x40a ./drivers/fsl_common.o
 .debug_info    0x000075a5      0x529 ./drivers/fsl_gpio.o
 .debug_info    0x00007ace     0x144c ./drivers/fsl_lpsci.o
 .debug_info    0x00008f1a     0x13f4 ./drivers/fsl_spi.o
 .debug_info    0x0000a30e     0x13ed ./drivers/fsl_uart.o
 .debug_info    0x0000b6fb      0x3de ./board/board.o
 .debug_info    0x0000bad9      0xba5 ./board/clock_config.o
 .debug_info    0x0000c67e       0x3c ./board/peripherals.o
 .debug_info    0x0000c6ba      0x547 ./board/pin_mux.o
 .debug_info    0x0000cc01      0x401 ./CMSIS/system_MKL25Z4.o
 .debug_info    0x0000d002       0x85 C:/nxp/MCUXpressoIDE_25.6.136/ide/plugins/com.nxp.mcuxpresso.tools.win32_25.6.0.202501151204/tools/bin/../lib/gcc/arm-none-eabi/14.2.1/../../../../arm-none-eabi/lib/thumb/v6-m/nofp\libcr_nohost_nf.a(_cr__main.o)
 .debug_info    0x0000d087       0xfc C:/nxp/MCUXpressoIDE_25.6.136/ide/plugins/com.nxp.mcuxpresso.tools.win32_25.6.0.202501151204/tools/bin/../lib/gcc/arm-none-eabi/14.2.1/../../../../arm-none-eabi/lib/thumb/v6-m/nofp\libcr_c.a(memset.o)
 .debug_info    0x0000d183      0x353 C:/nxp/MCUXpressoIDE_25.6.136/ide/plugins/com.nxp.mcuxpresso.tools.win32_25.6.0.202501151204/tools/bin/../lib/gcc/arm-none-eabi/14.2.1/../../../../arm-none-eabi/lib/thumb/v6-m/nofp\libcr_c.a(initio.o)
 .debug_info    0x0000d4d6     0x12d8 C:/nxp/MCUXpressoIDE_25.6.136/ide/plugins/com.nxp.mcuxpresso.tools.win32_25.6.0.202501151204/tools/bin/../lib/gcc/arm-none-eabi/14.2.1/../../../../arm-none-eabi/lib/thumb/v6-m/nofp\libcr_c.a(printf.o)
 .debug_info    0x0000e7ae      0x1fd C:/nxp/MCUXpressoIDE_25.6.136/ide/plugins/com.nxp.mcuxpresso.tools.win32_25.6.0.202501151204/tools/bin/../lib/gcc/arm-none-eabi/14.2.1/../../../../arm-none-eabi/lib/thumb/v6-m/nofp\libcr_c.a(setvbuf.o)
 .debug_info    0x0000e9ab      0x4e2 C:/nxp/MCUXpressoIDE_25.6.136/ide/plugins/com.nxp.mcuxpresso.tools.win32_25.6.0.202501151204/tools/bin/../lib/gcc/arm-none-eabi/14.2.1/../../../../arm-none-eabi/lib/thumb/v6-m/nofp\libcr_c.a(stdlib.o)
 .debug_info    0x0000ee8d       0xdd C:/nxp/MCUXpressoIDE_25.6.136/ide/plugins/com.nxp.mcuxpresso.tools.win32_25.6.0.202501151204/tools/bin/../lib/gcc/arm-none-eabi/14.2.1/../../../../arm-none-eabi/lib/thumb/v6-m/nofp\libcr_c.a(strlen.o)
 .debug_info    0x0000ef6a      0x391 C:/nxp/MCUXpressoIDE_25.6.136/ide/plugins/com.nxp.mcuxpresso.tools.win32_25.6.0.202501151204/tools/bin/../lib/gcc/arm-none-eabi/14.2.1/../../../../arm-none-eabi/lib/thumb/v6-m/nofp\libcr_c.a(_deferredlazyseek.o)
 .debug_info    0x0000f2fb      0x24b C:/nxp/MCUXpressoIDE_25.6.136/ide/plugins/com.nxp.mcuxpresso.tools.win32_25.6.0.202501151204/tools/bin/../lib/gcc/arm-none-eabi/14.2.1/../../../../arm-none-eabi/lib/thumb/v6-m/nofp\libcr_c.a(_fdopen.o)
 .debug_info    0x0000f546      0x1ea C:/nxp/MCUXpressoIDE_25.6.136/ide/plugins/com.nxp.mcuxpresso.tools.win32_25.6.0.202501151204/tools/bin/../lib/gcc/arm-none-eabi/14.2.1/../../../../arm-none-eabi/lib/thumb/v6-m/nofp\libcr_c.a(_fflush.o)
 .debug_info    0x0000f730      0x28a C:/nxp/MCUXpressoIDE_25.6.136/ide/plugins/com.nxp.mcuxpresso.tools.win32_25.6.0.202501151204/tools/bin/../lib/gcc/arm-none-eabi/14.2.1/../../../../arm-none-eabi/lib/thumb/v6-m/nofp\libcr_c.a(_writebuf.o)
 .debug_info    0x0000f9ba      0x526 C:/nxp/MCUXpressoIDE_25.6.136/ide/plugins/com.nxp.mcuxpresso.tools.win32_25.6.0.202501151204/tools/bin/../lib/gcc/arm-none-eabi/14.2.1/../../../../arm-none-eabi/lib/thumb/v6-m/nofp\libcr_c.a(alloc.o)
 .debug_info    0x0000fee0      0x325 C:/nxp/MCUXpressoIDE_25.6.136/ide/plugins/com.nxp.mcuxpresso.tools.win32_25.6.0.202501151204/tools/bin/../lib/gcc/arm-none-eabi/14.2.1/../../../../arm-none-eabi/lib/thumb/v6-m/nofp\libcr_c.a(fclose.o)
 .debug_info    0x00010205      0x210 C:/nxp/MCUXpressoIDE_25.6.136/ide/plugins/com.nxp.mcuxpresso.tools.win32_25.6.0.202501151204/tools/bin/../lib/gcc/arm-none-eabi/14.2.1/../../../../arm-none-eabi/lib/thumb/v6-m/nofp\libcr_c.a(fflush.o)
 .debug_info    0x00010415      0x27f C:/nxp/MCUXpressoIDE_25.6.136/ide/plugins/com.nxp.mcuxpresso.tools.win32_25.6.0.202501151204/tools/bin/../lib/gcc/arm-none-eabi/14.2.1/../../../../arm-none-eabi/lib/thumb/v6-m/nofp\libcr_c.a(fseek.o)
 .debug_info    0x00010694      0x197 C:/nxp/MCUXpressoIDE_25.6.136/ide/plugins/com.nxp.mcuxpresso.tools.win32_25.6.0.202501151204/tools/bin/../lib/gcc/arm-none-eabi/14.2.1/../../../../arm-none-eabi/lib/thumb/v6-m/nofp\libcr_c.a(ftell.o)
 .debug_info    0x0001082b      0x1d0 C:/nxp/MCUXpressoIDE_25.6.136/ide/plugins/com.nxp.mcuxpresso.tools.win32_25.6.0.202501151204/tools/bin/../lib/gcc/arm-none-eabi/14.2.1/../../../../arm-none-eabi/lib/thumb/v6-m/nofp\libcr_c.a(remove.o)
 .debug_info    0x000109fb       0xd4 C:/nxp/MCUXpressoIDE_25.6.136/ide/plugins/com.nxp.mcuxpresso.tools.win32_25.6.0.202501151204/tools/bin/../lib/gcc/arm-none-eabi/14.2.1/../../../../arm-none-eabi/lib/thumb/v6-m/nofp\libcr_c.a(__init_alloc.o)
 .debug_info    0x00010acf      0x107 C:/nxp/MCUXpressoIDE_25.6.136/ide/plugins/com.nxp.mcuxpresso.tools.win32_25.6.0.202501151204/tools/bin/../lib/gcc/arm-none-eabi/14.2.1/../../../../arm-none-eabi/lib/thumb/v6-m/nofp\libcr_c.a(_cr_sbrk.o)
 .debug_info    0x00010bd6      0x241 C:/nxp/MCUXpressoIDE_25.6.136/ide/plugins/com.nxp.mcuxpresso.tools.win32_25.6.0.202501151204/tools/bin/../lib/gcc/arm-none-eabi/14.2.1/../../../../arm-none-eabi/lib/thumb/v6-m/nofp\libcr_c.a(_do_fflush.o)
 .debug_info    0x00010e17       0x44 C:/nxp/MCUXpressoIDE_25.6.136/ide/plugins/com.nxp.mcuxpresso.tools.win32_25.6.0.202501151204/tools/bin/../lib/gcc/arm-none-eabi/14.2.1/../../../../arm-none-eabi/lib/thumb/v6-m/nofp\libcr_c.a(errno.o)
 .debug_info    0x00010e5b       0x71 C:/nxp/MCUXpressoIDE_25.6.136/ide/plugins/com.nxp.mcuxpresso.tools.win32_25.6.0.202501151204/tools/bin/../lib/gcc/arm-none-eabi/14.2.1/../../../../arm-none-eabi/lib/thumb/v6-m/nofp\libcr_c.a(_cr_check_heap.o)
 .debug_info    0x00010ecc      0x18b C:/nxp/MCUXpressoIDE_25.6.136/ide/plugins/com.nxp.mcuxpresso.tools.win32_25.6.0.202501151204/tools/bin/../lib/gcc/arm-none-eabi/14.2.1/../../../../arm-none-eabi/lib/thumb/v6-m/nofp\libcr_nohost_nf.a(__ciob.o)
 .debug_info    0x00011057       0x38 C:/nxp/MCUXpressoIDE_25.6.136/ide/plugins/com.nxp.mcuxpresso.tools.win32_25.6.0.202501151204/tools/bin/../lib/gcc/arm-none-eabi/14.2.1/../../../../arm-none-eabi/lib/thumb/v6-m/nofp\libcr_nohost_nf.a(__sys_appexit.o)
 .debug_info    0x0001108f       0x6a C:/nxp/MCUXpressoIDE_25.6.136/ide/plugins/com.nxp.mcuxpresso.tools.win32_25.6.0.202501151204/tools/bin/../lib/gcc/arm-none-eabi/14.2.1/../../../../arm-none-eabi/lib/thumb/v6-m/nofp\libcr_nohost_nf.a(__sys_close.o)
 .debug_info    0x000110f9       0x6a C:/nxp/MCUXpressoIDE_25.6.136/ide/plugins/com.nxp.mcuxpresso.tools.win32_25.6.0.202501151204/tools/bin/../lib/gcc/arm-none-eabi/14.2.1/../../../../arm-none-eabi/lib/thumb/v6-m/nofp\libcr_nohost_nf.a(__sys_flen.o)
 .debug_info    0x00011163       0x6a C:/nxp/MCUXpressoIDE_25.6.136/ide/plugins/com.nxp.mcuxpresso.tools.win32_25.6.0.202501151204/tools/bin/../lib/gcc/arm-none-eabi/14.2.1/../../../../arm-none-eabi/lib/thumb/v6-m/nofp\libcr_nohost_nf.a(__sys_istty.o)
 .debug_info    0x000111cd       0x8a C:/nxp/MCUXpressoIDE_25.6.136/ide/plugins/com.nxp.mcuxpresso.tools.win32_25.6.0.202501151204/tools/bin/../lib/gcc/arm-none-eabi/14.2.1/../../../../arm-none-eabi/lib/thumb/v6-m/nofp\libcr_nohost_nf.a(__sys_remove.o)
 .debug_info    0x00011257       0x78 C:/nxp/MCUXpressoIDE_25.6.136/ide/plugins/com.nxp.mcuxpresso.tools.win32_25.6.0.202501151204/tools/bin/../lib/gcc/arm-none-eabi/14.2.1/../../../../arm-none-eabi/lib/thumb/v6-m/nofp\libcr_nohost_nf.a(__sys_seek.o)
 .debug_info    0x000112cf       0x93 C:/nxp/MCUXpressoIDE_25.6.136/ide/plugins/com.nxp.mcuxpresso.tools.win32_25.6.0.202501151204/tools/bin/../lib/gcc/arm-none-eabi/14.2.1/../../../../arm-none-eabi/lib/thumb/v6-m/nofp\libcr_nohost_nf.a(__sys_tmpnam.o)
 .debug_info    0x00011362       0x93 C:/nxp/MCUXpressoIDE_25.6.136/ide/plugins/com.nxp.mcuxpresso.tools.win32_25.6.0.202501151204/tools/bin/../lib/gcc/arm-none-eabi/14.2.1/../../../../arm-none-eabi/lib/thumb/v6-m/nofp\libcr_nohost_nf.a(__sys_write.o)

.debug_abbrev   0x00000000     0x4436
 .debug_abbrev  0x00000000      0x2fd ./utilities/fsl_debug_console.o
 .debug_abbrev  0x000002fd      0x17a ./startup/startup_mkl25z4.o
 .debug_abbrev  0x00000477      0x50d ./source/MKL25Z4_Display_My_test.o
 .debug_abbrev  0x00000984       0x46 ./source/mtb.o
 .debug_abbrev  0x000009ca       0x31 ./source/semihost_hardfault.o
 .debug_abbrev  0x000009fb      0x29a ./source/st7735_simple.o
 .debug_abbrev  0x00000c95      0x28f ./drivers/fsl_adc16.o
 .debug_abbrev  0x00000f24      0x376 ./drivers/fsl_clock.o
 .debug_abbrev  0x0000129a      0x27e ./drivers/fsl_common.o
 .debug_abbrev  0x00001518      0x1a5 ./drivers/fsl_gpio.o
 .debug_abbrev  0x000016bd      0x306 ./drivers/fsl_lpsci.o
 .debug_abbrev  0x000019c3      0x320 ./drivers/fsl_spi.o
 .debug_abbrev  0x00001ce3      0x320 ./drivers/fsl_uart.o
 .debug_abbrev  0x00002003      0x14e ./board/board.o
 .debug_abbrev  0x00002151      0x234 ./board/clock_config.o
 .debug_abbrev  0x00002385       0x31 ./board/peripherals.o
 .debug_abbrev  0x000023b6      0x189 ./board/pin_mux.o
 .debug_abbrev  0x0000253f      0x12e ./CMSIS/system_MKL25Z4.o
 .debug_abbrev  0x0000266d       0x62 C:/nxp/MCUXpressoIDE_25.6.136/ide/plugins/com.nxp.mcuxpresso.tools.win32_25.6.0.202501151204/tools/bin/../lib/gcc/arm-none-eabi/14.2.1/../../../../arm-none-eabi/lib/thumb/v6-m/nofp\libcr_nohost_nf.a(_cr__main.o)
 .debug_abbrev  0x000026cf       0xa5 C:/nxp/MCUXpressoIDE_25.6.136/ide/plugins/com.nxp.mcuxpresso.tools.win32_25.6.0.202501151204/tools/bin/../lib/gcc/arm-none-eabi/14.2.1/../../../../arm-none-eabi/lib/thumb/v6-m/nofp\libcr_c.a(memset.o)
 .debug_abbrev  0x00002774      0x14b C:/nxp/MCUXpressoIDE_25.6.136/ide/plugins/com.nxp.mcuxpresso.tools.win32_25.6.0.202501151204/tools/bin/../lib/gcc/arm-none-eabi/14.2.1/../../../../arm-none-eabi/lib/thumb/v6-m/nofp\libcr_c.a(initio.o)
 .debug_abbrev  0x000028bf      0x3af C:/nxp/MCUXpressoIDE_25.6.136/ide/plugins/com.nxp.mcuxpresso.tools.win32_25.6.0.202501151204/tools/bin/../lib/gcc/arm-none-eabi/14.2.1/../../../../arm-none-eabi/lib/thumb/v6-m/nofp\libcr_c.a(printf.o)
 .debug_abbrev  0x00002c6e       0xe1 C:/nxp/MCUXpressoIDE_25.6.136/ide/plugins/com.nxp.mcuxpresso.tools.win32_25.6.0.202501151204/tools/bin/../lib/gcc/arm-none-eabi/14.2.1/../../../../arm-none-eabi/lib/thumb/v6-m/nofp\libcr_c.a(setvbuf.o)
 .debug_abbrev  0x00002d4f      0x2a6 C:/nxp/MCUXpressoIDE_25.6.136/ide/plugins/com.nxp.mcuxpresso.tools.win32_25.6.0.202501151204/tools/bin/../lib/gcc/arm-none-eabi/14.2.1/../../../../arm-none-eabi/lib/thumb/v6-m/nofp\libcr_c.a(stdlib.o)
 .debug_abbrev  0x00002ff5       0xa5 C:/nxp/MCUXpressoIDE_25.6.136/ide/plugins/com.nxp.mcuxpresso.tools.win32_25.6.0.202501151204/tools/bin/../lib/gcc/arm-none-eabi/14.2.1/../../../../arm-none-eabi/lib/thumb/v6-m/nofp\libcr_c.a(strlen.o)
 .debug_abbrev  0x0000309a      0x183 C:/nxp/MCUXpressoIDE_25.6.136/ide/plugins/com.nxp.mcuxpresso.tools.win32_25.6.0.202501151204/tools/bin/../lib/gcc/arm-none-eabi/14.2.1/../../../../arm-none-eabi/lib/thumb/v6-m/nofp\libcr_c.a(_deferredlazyseek.o)
 .debug_abbrev  0x0000321d      0x119 C:/nxp/MCUXpressoIDE_25.6.136/ide/plugins/com.nxp.mcuxpresso.tools.win32_25.6.0.202501151204/tools/bin/../lib/gcc/arm-none-eabi/14.2.1/../../../../arm-none-eabi/lib/thumb/v6-m/nofp\libcr_c.a(_fdopen.o)
 .debug_abbrev  0x00003336       0xf1 C:/nxp/MCUXpressoIDE_25.6.136/ide/plugins/com.nxp.mcuxpresso.tools.win32_25.6.0.202501151204/tools/bin/../lib/gcc/arm-none-eabi/14.2.1/../../../../arm-none-eabi/lib/thumb/v6-m/nofp\libcr_c.a(_fflush.o)
 .debug_abbrev  0x00003427      0x126 C:/nxp/MCUXpressoIDE_25.6.136/ide/plugins/com.nxp.mcuxpresso.tools.win32_25.6.0.202501151204/tools/bin/../lib/gcc/arm-none-eabi/14.2.1/../../../../arm-none-eabi/lib/thumb/v6-m/nofp\libcr_c.a(_writebuf.o)
 .debug_abbrev  0x0000354d      0x27b C:/nxp/MCUXpressoIDE_25.6.136/ide/plugins/com.nxp.mcuxpresso.tools.win32_25.6.0.202501151204/tools/bin/../lib/gcc/arm-none-eabi/14.2.1/../../../../arm-none-eabi/lib/thumb/v6-m/nofp\libcr_c.a(alloc.o)
 .debug_abbrev  0x000037c8      0x158 C:/nxp/MCUXpressoIDE_25.6.136/ide/plugins/com.nxp.mcuxpresso.tools.win32_25.6.0.202501151204/tools/bin/../lib/gcc/arm-none-eabi/14.2.1/../../../../arm-none-eabi/lib/thumb/v6-m/nofp\libcr_c.a(fclose.o)
 .debug_abbrev  0x00003920      0x122 C:/nxp/MCUXpressoIDE_25.6.136/ide/plugins/com.nxp.mcuxpresso.tools.win32_25.6.0.202501151204/tools/bin/../lib/gcc/arm-none-eabi/14.2.1/../../../../arm-none-eabi/lib/thumb/v6-m/nofp\libcr_c.a(fflush.o)
 .debug_abbrev  0x00003a42      0x11b C:/nxp/MCUXpressoIDE_25.6.136/ide/plugins/com.nxp.mcuxpresso.tools.win32_25.6.0.202501151204/tools/bin/../lib/gcc/arm-none-eabi/14.2.1/../../../../arm-none-eabi/lib/thumb/v6-m/nofp\libcr_c.a(fseek.o)
 .debug_abbrev  0x00003b5d       0xc2 C:/nxp/MCUXpressoIDE_25.6.136/ide/plugins/com.nxp.mcuxpresso.tools.win32_25.6.0.202501151204/tools/bin/../lib/gcc/arm-none-eabi/14.2.1/../../../../arm-none-eabi/lib/thumb/v6-m/nofp\libcr_c.a(ftell.o)
 .debug_abbrev  0x00003c1f       0xed C:/nxp/MCUXpressoIDE_25.6.136/ide/plugins/com.nxp.mcuxpresso.tools.win32_25.6.0.202501151204/tools/bin/../lib/gcc/arm-none-eabi/14.2.1/../../../../arm-none-eabi/lib/thumb/v6-m/nofp\libcr_c.a(remove.o)
 .debug_abbrev  0x00003d0c       0xaf C:/nxp/MCUXpressoIDE_25.6.136/ide/plugins/com.nxp.mcuxpresso.tools.win32_25.6.0.202501151204/tools/bin/../lib/gcc/arm-none-eabi/14.2.1/../../../../arm-none-eabi/lib/thumb/v6-m/nofp\libcr_c.a(__init_alloc.o)
 .debug_abbrev  0x00003dbb       0xd3 C:/nxp/MCUXpressoIDE_25.6.136/ide/plugins/com.nxp.mcuxpresso.tools.win32_25.6.0.202501151204/tools/bin/../lib/gcc/arm-none-eabi/14.2.1/../../../../arm-none-eabi/lib/thumb/v6-m/nofp\libcr_c.a(_cr_sbrk.o)
 .debug_abbrev  0x00003e8e      0x12c C:/nxp/MCUXpressoIDE_25.6.136/ide/plugins/com.nxp.mcuxpresso.tools.win32_25.6.0.202501151204/tools/bin/../lib/gcc/arm-none-eabi/14.2.1/../../../../arm-none-eabi/lib/thumb/v6-m/nofp\libcr_c.a(_do_fflush.o)
 .debug_abbrev  0x00003fba       0x44 C:/nxp/MCUXpressoIDE_25.6.136/ide/plugins/com.nxp.mcuxpresso.tools.win32_25.6.0.202501151204/tools/bin/../lib/gcc/arm-none-eabi/14.2.1/../../../../arm-none-eabi/lib/thumb/v6-m/nofp\libcr_c.a(errno.o)
 .debug_abbrev  0x00003ffe       0x6b C:/nxp/MCUXpressoIDE_25.6.136/ide/plugins/com.nxp.mcuxpresso.tools.win32_25.6.0.202501151204/tools/bin/../lib/gcc/arm-none-eabi/14.2.1/../../../../arm-none-eabi/lib/thumb/v6-m/nofp\libcr_c.a(_cr_check_heap.o)
 .debug_abbrev  0x00004069       0xb5 C:/nxp/MCUXpressoIDE_25.6.136/ide/plugins/com.nxp.mcuxpresso.tools.win32_25.6.0.202501151204/tools/bin/../lib/gcc/arm-none-eabi/14.2.1/../../../../arm-none-eabi/lib/thumb/v6-m/nofp\libcr_nohost_nf.a(__ciob.o)
 .debug_abbrev  0x0000411e       0x2e C:/nxp/MCUXpressoIDE_25.6.136/ide/plugins/com.nxp.mcuxpresso.tools.win32_25.6.0.202501151204/tools/bin/../lib/gcc/arm-none-eabi/14.2.1/../../../../arm-none-eabi/lib/thumb/v6-m/nofp\libcr_nohost_nf.a(__sys_appexit.o)
 .debug_abbrev  0x0000414c       0x5c C:/nxp/MCUXpressoIDE_25.6.136/ide/plugins/com.nxp.mcuxpresso.tools.win32_25.6.0.202501151204/tools/bin/../lib/gcc/arm-none-eabi/14.2.1/../../../../arm-none-eabi/lib/thumb/v6-m/nofp\libcr_nohost_nf.a(__sys_close.o)
 .debug_abbrev  0x000041a8       0x5c C:/nxp/MCUXpressoIDE_25.6.136/ide/plugins/com.nxp.mcuxpresso.tools.win32_25.6.0.202501151204/tools/bin/../lib/gcc/arm-none-eabi/14.2.1/../../../../arm-none-eabi/lib/thumb/v6-m/nofp\libcr_nohost_nf.a(__sys_flen.o)
 .debug_abbrev  0x00004204       0x5c C:/nxp/MCUXpressoIDE_25.6.136/ide/plugins/com.nxp.mcuxpresso.tools.win32_25.6.0.202501151204/tools/bin/../lib/gcc/arm-none-eabi/14.2.1/../../../../arm-none-eabi/lib/thumb/v6-m/nofp\libcr_nohost_nf.a(__sys_istty.o)
 .debug_abbrev  0x00004260       0x7d C:/nxp/MCUXpressoIDE_25.6.136/ide/plugins/com.nxp.mcuxpresso.tools.win32_25.6.0.202501151204/tools/bin/../lib/gcc/arm-none-eabi/14.2.1/../../../../arm-none-eabi/lib/thumb/v6-m/nofp\libcr_nohost_nf.a(__sys_remove.o)
 .debug_abbrev  0x000042dd       0x6d C:/nxp/MCUXpressoIDE_25.6.136/ide/plugins/com.nxp.mcuxpresso.tools.win32_25.6.0.202501151204/tools/bin/../lib/gcc/arm-none-eabi/14.2.1/../../../../arm-none-eabi/lib/thumb/v6-m/nofp\libcr_nohost_nf.a(__sys_seek.o)
 .debug_abbrev  0x0000434a       0x76 C:/nxp/MCUXpressoIDE_25.6.136/ide/plugins/com.nxp.mcuxpresso.tools.win32_25.6.0.202501151204/tools/bin/../lib/gcc/arm-none-eabi/14.2.1/../../../../arm-none-eabi/lib/thumb/v6-m/nofp\libcr_nohost_nf.a(__sys_tmpnam.o)
 .debug_abbrev  0x000043c0       0x76 C:/nxp/MCUXpressoIDE_25.6.136/ide/plugins/com.nxp.mcuxpresso.tools.win32_25.6.0.202501151204/tools/bin/../lib/gcc/arm-none-eabi/14.2.1/../../../../arm-none-eabi/lib/thumb/v6-m/nofp\libcr_nohost_nf.a(__sys_write.o)

.debug_aranges  0x00000000     0x10f0
 .debug_aranges
                0x00000000       0x90 ./utilities/fsl_debug_console.o
 .debug_aranges
                0x00000090      0x160 ./startup/startup_mkl25z4.o
 .debug_aranges
                0x000001f0      0x200 ./source/MKL25Z4_Display_My_test.o
 .debug_aranges
                0x000003f0       0x18 ./source/mtb.o
 .debug_aranges
                0x00000408       0x20 ./source/semihost_hardfault.o
 .debug_aranges
                0x00000428       0xb8 ./source/st7735_simple.o
 .debug_aranges
                0x000004e0       0x88 ./drivers/fsl_adc16.o
 .debug_aranges
                0x00000568      0x1d8 ./drivers/fsl_clock.o
 .debug_aranges
                0x00000740       0x38 ./drivers/fsl_common.o
 .debug_aranges
                0x00000778       0x40 ./drivers/fsl_gpio.o
 .debug_aranges
                0x000007b8      0x118 ./drivers/fsl_lpsci.o
 .debug_aranges
                0x000008d0      0x130 ./drivers/fsl_spi.o
 .debug_aranges
                0x00000a00      0x130 ./drivers/fsl_uart.o
 .debug_aranges
                0x00000b30       0x28 ./board/board.o
 .debug_aranges
                0x00000b58       0x58 ./board/clock_config.o
 .debug_aranges
                0x00000bb0       0x20 ./board/peripherals.o
 .debug_aranges
                0x00000bd0       0x38 ./board/pin_mux.o
 .debug_aranges
                0x00000c08       0x28 ./CMSIS/system_MKL25Z4.o
 .debug_aranges
                0x00000c30       0x20 C:/nxp/MCUXpressoIDE_25.6.136/ide/plugins/com.nxp.mcuxpresso.tools.win32_25.6.0.202501151204/tools/bin/../lib/gcc/arm-none-eabi/14.2.1/../../../../arm-none-eabi/lib/thumb/v6-m/nofp\libcr_nohost_nf.a(_cr__main.o)
 .debug_aranges
                0x00000c50       0x20 C:/nxp/MCUXpressoIDE_25.6.136/ide/plugins/com.nxp.mcuxpresso.tools.win32_25.6.0.202501151204/tools/bin/../lib/gcc/arm-none-eabi/14.2.1/../../../../arm-none-eabi/lib/thumb/v6-m/nofp\libcr_c.a(memset.o)
 .debug_aranges
                0x00000c70       0x28 C:/nxp/MCUXpressoIDE_25.6.136/ide/plugins/com.nxp.mcuxpresso.tools.win32_25.6.0.202501151204/tools/bin/../lib/gcc/arm-none-eabi/14.2.1/../../../../arm-none-eabi/lib/thumb/v6-m/nofp\libcr_c.a(initio.o)
 .debug_aranges
                0x00000c98       0x70 C:/nxp/MCUXpressoIDE_25.6.136/ide/plugins/com.nxp.mcuxpresso.tools.win32_25.6.0.202501151204/tools/bin/../lib/gcc/arm-none-eabi/14.2.1/../../../../arm-none-eabi/lib/thumb/v6-m/nofp\libcr_c.a(printf.o)
 .debug_aranges
                0x00000d08       0x20 C:/nxp/MCUXpressoIDE_25.6.136/ide/plugins/com.nxp.mcuxpresso.tools.win32_25.6.0.202501151204/tools/bin/../lib/gcc/arm-none-eabi/14.2.1/../../../../arm-none-eabi/lib/thumb/v6-m/nofp\libcr_c.a(setvbuf.o)
 .debug_aranges
                0x00000d28       0x88 C:/nxp/MCUXpressoIDE_25.6.136/ide/plugins/com.nxp.mcuxpresso.tools.win32_25.6.0.202501151204/tools/bin/../lib/gcc/arm-none-eabi/14.2.1/../../../../arm-none-eabi/lib/thumb/v6-m/nofp\libcr_c.a(stdlib.o)
 .debug_aranges
                0x00000db0       0x20 C:/nxp/MCUXpressoIDE_25.6.136/ide/plugins/com.nxp.mcuxpresso.tools.win32_25.6.0.202501151204/tools/bin/../lib/gcc/arm-none-eabi/14.2.1/../../../../arm-none-eabi/lib/thumb/v6-m/nofp\libcr_c.a(strlen.o)
 .debug_aranges
                0x00000dd0       0x28 C:/nxp/MCUXpressoIDE_25.6.136/ide/plugins/com.nxp.mcuxpresso.tools.win32_25.6.0.202501151204/tools/bin/../lib/gcc/arm-none-eabi/14.2.1/../../../../arm-none-eabi/lib/thumb/v6-m/nofp\libcr_c.a(_deferredlazyseek.o)
 .debug_aranges
                0x00000df8       0x20 C:/nxp/MCUXpressoIDE_25.6.136/ide/plugins/com.nxp.mcuxpresso.tools.win32_25.6.0.202501151204/tools/bin/../lib/gcc/arm-none-eabi/14.2.1/../../../../arm-none-eabi/lib/thumb/v6-m/nofp\libcr_c.a(_fdopen.o)
 .debug_aranges
                0x00000e18       0x20 C:/nxp/MCUXpressoIDE_25.6.136/ide/plugins/com.nxp.mcuxpresso.tools.win32_25.6.0.202501151204/tools/bin/../lib/gcc/arm-none-eabi/14.2.1/../../../../arm-none-eabi/lib/thumb/v6-m/nofp\libcr_c.a(_fflush.o)
 .debug_aranges
                0x00000e38       0x20 C:/nxp/MCUXpressoIDE_25.6.136/ide/plugins/com.nxp.mcuxpresso.tools.win32_25.6.0.202501151204/tools/bin/../lib/gcc/arm-none-eabi/14.2.1/../../../../arm-none-eabi/lib/thumb/v6-m/nofp\libcr_c.a(_writebuf.o)
 .debug_aranges
                0x00000e58       0x40 C:/nxp/MCUXpressoIDE_25.6.136/ide/plugins/com.nxp.mcuxpresso.tools.win32_25.6.0.202501151204/tools/bin/../lib/gcc/arm-none-eabi/14.2.1/../../../../arm-none-eabi/lib/thumb/v6-m/nofp\libcr_c.a(alloc.o)
 .debug_aranges
                0x00000e98       0x20 C:/nxp/MCUXpressoIDE_25.6.136/ide/plugins/com.nxp.mcuxpresso.tools.win32_25.6.0.202501151204/tools/bin/../lib/gcc/arm-none-eabi/14.2.1/../../../../arm-none-eabi/lib/thumb/v6-m/nofp\libcr_c.a(fclose.o)
 .debug_aranges
                0x00000eb8       0x20 C:/nxp/MCUXpressoIDE_25.6.136/ide/plugins/com.nxp.mcuxpresso.tools.win32_25.6.0.202501151204/tools/bin/../lib/gcc/arm-none-eabi/14.2.1/../../../../arm-none-eabi/lib/thumb/v6-m/nofp\libcr_c.a(fflush.o)
 .debug_aranges
                0x00000ed8       0x20 C:/nxp/MCUXpressoIDE_25.6.136/ide/plugins/com.nxp.mcuxpresso.tools.win32_25.6.0.202501151204/tools/bin/../lib/gcc/arm-none-eabi/14.2.1/../../../../arm-none-eabi/lib/thumb/v6-m/nofp\libcr_c.a(fseek.o)
 .debug_aranges
                0x00000ef8       0x20 C:/nxp/MCUXpressoIDE_25.6.136/ide/plugins/com.nxp.mcuxpresso.tools.win32_25.6.0.202501151204/tools/bin/../lib/gcc/arm-none-eabi/14.2.1/../../../../arm-none-eabi/lib/thumb/v6-m/nofp\libcr_c.a(ftell.o)
 .debug_aranges
                0x00000f18       0x28 C:/nxp/MCUXpressoIDE_25.6.136/ide/plugins/com.nxp.mcuxpresso.tools.win32_25.6.0.202501151204/tools/bin/../lib/gcc/arm-none-eabi/14.2.1/../../../../arm-none-eabi/lib/thumb/v6-m/nofp\libcr_c.a(remove.o)
 .debug_aranges
                0x00000f40       0x20 C:/nxp/MCUXpressoIDE_25.6.136/ide/plugins/com.nxp.mcuxpresso.tools.win32_25.6.0.202501151204/tools/bin/../lib/gcc/arm-none-eabi/14.2.1/../../../../arm-none-eabi/lib/thumb/v6-m/nofp\libcr_c.a(__init_alloc.o)
 .debug_aranges
                0x00000f60       0x20 C:/nxp/MCUXpressoIDE_25.6.136/ide/plugins/com.nxp.mcuxpresso.tools.win32_25.6.0.202501151204/tools/bin/../lib/gcc/arm-none-eabi/14.2.1/../../../../arm-none-eabi/lib/thumb/v6-m/nofp\libcr_c.a(_cr_sbrk.o)
 .debug_aranges
                0x00000f80       0x20 C:/nxp/MCUXpressoIDE_25.6.136/ide/plugins/com.nxp.mcuxpresso.tools.win32_25.6.0.202501151204/tools/bin/../lib/gcc/arm-none-eabi/14.2.1/../../../../arm-none-eabi/lib/thumb/v6-m/nofp\libcr_c.a(_do_fflush.o)
 .debug_aranges
                0x00000fa0       0x18 C:/nxp/MCUXpressoIDE_25.6.136/ide/plugins/com.nxp.mcuxpresso.tools.win32_25.6.0.202501151204/tools/bin/../lib/gcc/arm-none-eabi/14.2.1/../../../../arm-none-eabi/lib/thumb/v6-m/nofp\libcr_c.a(errno.o)
 .debug_aranges
                0x00000fb8       0x20 C:/nxp/MCUXpressoIDE_25.6.136/ide/plugins/com.nxp.mcuxpresso.tools.win32_25.6.0.202501151204/tools/bin/../lib/gcc/arm-none-eabi/14.2.1/../../../../arm-none-eabi/lib/thumb/v6-m/nofp\libcr_c.a(_cr_check_heap.o)
 .debug_aranges
                0x00000fd8       0x18 C:/nxp/MCUXpressoIDE_25.6.136/ide/plugins/com.nxp.mcuxpresso.tools.win32_25.6.0.202501151204/tools/bin/../lib/gcc/arm-none-eabi/14.2.1/../../../../arm-none-eabi/lib/thumb/v6-m/nofp\libcr_nohost_nf.a(__ciob.o)
 .debug_aranges
                0x00000ff0       0x20 C:/nxp/MCUXpressoIDE_25.6.136/ide/plugins/com.nxp.mcuxpresso.tools.win32_25.6.0.202501151204/tools/bin/../lib/gcc/arm-none-eabi/14.2.1/../../../../arm-none-eabi/lib/thumb/v6-m/nofp\libcr_nohost_nf.a(__sys_appexit.o)
 .debug_aranges
                0x00001010       0x20 C:/nxp/MCUXpressoIDE_25.6.136/ide/plugins/com.nxp.mcuxpresso.tools.win32_25.6.0.202501151204/tools/bin/../lib/gcc/arm-none-eabi/14.2.1/../../../../arm-none-eabi/lib/thumb/v6-m/nofp\libcr_nohost_nf.a(__sys_close.o)
 .debug_aranges
                0x00001030       0x20 C:/nxp/MCUXpressoIDE_25.6.136/ide/plugins/com.nxp.mcuxpresso.tools.win32_25.6.0.202501151204/tools/bin/../lib/gcc/arm-none-eabi/14.2.1/../../../../arm-none-eabi/lib/thumb/v6-m/nofp\libcr_nohost_nf.a(__sys_flen.o)
 .debug_aranges
                0x00001050       0x20 C:/nxp/MCUXpressoIDE_25.6.136/ide/plugins/com.nxp.mcuxpresso.tools.win32_25.6.0.202501151204/tools/bin/../lib/gcc/arm-none-eabi/14.2.1/../../../../arm-none-eabi/lib/thumb/v6-m/nofp\libcr_nohost_nf.a(__sys_istty.o)
 .debug_aranges
                0x00001070       0x20 C:/nxp/MCUXpressoIDE_25.6.136/ide/plugins/com.nxp.mcuxpresso.tools.win32_25.6.0.202501151204/tools/bin/../lib/gcc/arm-none-eabi/14.2.1/../../../../arm-none-eabi/lib/thumb/v6-m/nofp\libcr_nohost_nf.a(__sys_remove.o)
 .debug_aranges
                0x00001090       0x20 C:/nxp/MCUXpressoIDE_25.6.136/ide/plugins/com.nxp.mcuxpresso.tools.win32_25.6.0.202501151204/tools/bin/../lib/gcc/arm-none-eabi/14.2.1/../../../../arm-none-eabi/lib/thumb/v6-m/nofp\libcr_nohost_nf.a(__sys_seek.o)
 .debug_aranges
                0x000010b0       0x20 C:/nxp/MCUXpressoIDE_25.6.136/ide/plugins/com.nxp.mcuxpresso.tools.win32_25.6.0.202501151204/tools/bin/../lib/gcc/arm-none-eabi/14.2.1/../../../../arm-none-eabi/lib/thumb/v6-m/nofp\libcr_nohost_nf.a(__sys_tmpnam.o)
 .debug_aranges
                0x000010d0       0x20 C:/nxp/MCUXpressoIDE_25.6.136/ide/plugins/com.nxp.mcuxpresso.tools.win32_25.6.0.202501151204/tools/bin/../lib/gcc/arm-none-eabi/14.2.1/../../../../arm-none-eabi/lib/thumb/v6-m/nofp\libcr_nohost_nf.a(__sys_write.o)

.debug_ranges   0x00000000     0x10b0
 .debug_ranges  0x00000000       0x80 ./utilities/fsl_debug_console.o
 .debug_ranges  0x00000080      0x150 ./startup/startup_mkl25z4.o
 .debug_ranges  0x000001d0      0x238 ./source/MKL25Z4_Display_My_test.o
 .debug_ranges  0x00000408       0x10 ./source/semihost_hardfault.o
 .debug_ranges  0x00000418       0xa8 ./source/st7735_simple.o
 .debug_ranges  0x000004c0       0x78 ./drivers/fsl_adc16.o
 .debug_ranges  0x00000538      0x1c8 ./drivers/fsl_clock.o
 .debug_ranges  0x00000700       0x28 ./drivers/fsl_common.o
 .debug_ranges  0x00000728       0x30 ./drivers/fsl_gpio.o
 .debug_ranges  0x00000758      0x108 ./drivers/fsl_lpsci.o
 .debug_ranges  0x00000860      0x120 ./drivers/fsl_spi.o
 .debug_ranges  0x00000980      0x120 ./drivers/fsl_uart.o
 .debug_ranges  0x00000aa0       0x18 ./board/board.o
 .debug_ranges  0x00000ab8       0x48 ./board/clock_config.o
 .debug_ranges  0x00000b00       0x10 ./board/peripherals.o
 .debug_ranges  0x00000b10       0x28 ./board/pin_mux.o
 .debug_ranges  0x00000b38       0x18 ./CMSIS/system_MKL25Z4.o
 .debug_ranges  0x00000b50       0x10 C:/nxp/MCUXpressoIDE_25.6.136/ide/plugins/com.nxp.mcuxpresso.tools.win32_25.6.0.202501151204/tools/bin/../lib/gcc/arm-none-eabi/14.2.1/../../../../arm-none-eabi/lib/thumb/v6-m/nofp\libcr_nohost_nf.a(_cr__main.o)
 .debug_ranges  0x00000b60       0x10 C:/nxp/MCUXpressoIDE_25.6.136/ide/plugins/com.nxp.mcuxpresso.tools.win32_25.6.0.202501151204/tools/bin/../lib/gcc/arm-none-eabi/14.2.1/../../../../arm-none-eabi/lib/thumb/v6-m/nofp\libcr_c.a(memset.o)
 .debug_ranges  0x00000b70       0x38 C:/nxp/MCUXpressoIDE_25.6.136/ide/plugins/com.nxp.mcuxpresso.tools.win32_25.6.0.202501151204/tools/bin/../lib/gcc/arm-none-eabi/14.2.1/../../../../arm-none-eabi/lib/thumb/v6-m/nofp\libcr_c.a(initio.o)
 .debug_ranges  0x00000ba8      0x248 C:/nxp/MCUXpressoIDE_25.6.136/ide/plugins/com.nxp.mcuxpresso.tools.win32_25.6.0.202501151204/tools/bin/../lib/gcc/arm-none-eabi/14.2.1/../../../../arm-none-eabi/lib/thumb/v6-m/nofp\libcr_c.a(printf.o)
 .debug_ranges  0x00000df0       0x10 C:/nxp/MCUXpressoIDE_25.6.136/ide/plugins/com.nxp.mcuxpresso.tools.win32_25.6.0.202501151204/tools/bin/../lib/gcc/arm-none-eabi/14.2.1/../../../../arm-none-eabi/lib/thumb/v6-m/nofp\libcr_c.a(setvbuf.o)
 .debug_ranges  0x00000e00       0x78 C:/nxp/MCUXpressoIDE_25.6.136/ide/plugins/com.nxp.mcuxpresso.tools.win32_25.6.0.202501151204/tools/bin/../lib/gcc/arm-none-eabi/14.2.1/../../../../arm-none-eabi/lib/thumb/v6-m/nofp\libcr_c.a(stdlib.o)
 .debug_ranges  0x00000e78       0x28 C:/nxp/MCUXpressoIDE_25.6.136/ide/plugins/com.nxp.mcuxpresso.tools.win32_25.6.0.202501151204/tools/bin/../lib/gcc/arm-none-eabi/14.2.1/../../../../arm-none-eabi/lib/thumb/v6-m/nofp\libcr_c.a(strlen.o)
 .debug_ranges  0x00000ea0       0x48 C:/nxp/MCUXpressoIDE_25.6.136/ide/plugins/com.nxp.mcuxpresso.tools.win32_25.6.0.202501151204/tools/bin/../lib/gcc/arm-none-eabi/14.2.1/../../../../arm-none-eabi/lib/thumb/v6-m/nofp\libcr_c.a(_deferredlazyseek.o)
 .debug_ranges  0x00000ee8       0x10 C:/nxp/MCUXpressoIDE_25.6.136/ide/plugins/com.nxp.mcuxpresso.tools.win32_25.6.0.202501151204/tools/bin/../lib/gcc/arm-none-eabi/14.2.1/../../../../arm-none-eabi/lib/thumb/v6-m/nofp\libcr_c.a(_fdopen.o)
 .debug_ranges  0x00000ef8       0x10 C:/nxp/MCUXpressoIDE_25.6.136/ide/plugins/com.nxp.mcuxpresso.tools.win32_25.6.0.202501151204/tools/bin/../lib/gcc/arm-none-eabi/14.2.1/../../../../arm-none-eabi/lib/thumb/v6-m/nofp\libcr_c.a(_fflush.o)
 .debug_ranges  0x00000f08       0x10 C:/nxp/MCUXpressoIDE_25.6.136/ide/plugins/com.nxp.mcuxpresso.tools.win32_25.6.0.202501151204/tools/bin/../lib/gcc/arm-none-eabi/14.2.1/../../../../arm-none-eabi/lib/thumb/v6-m/nofp\libcr_c.a(_writebuf.o)
 .debug_ranges  0x00000f18       0x50 C:/nxp/MCUXpressoIDE_25.6.136/ide/plugins/com.nxp.mcuxpresso.tools.win32_25.6.0.202501151204/tools/bin/../lib/gcc/arm-none-eabi/14.2.1/../../../../arm-none-eabi/lib/thumb/v6-m/nofp\libcr_c.a(alloc.o)
 .debug_ranges  0x00000f68       0x10 C:/nxp/MCUXpressoIDE_25.6.136/ide/plugins/com.nxp.mcuxpresso.tools.win32_25.6.0.202501151204/tools/bin/../lib/gcc/arm-none-eabi/14.2.1/../../../../arm-none-eabi/lib/thumb/v6-m/nofp\libcr_c.a(fclose.o)
 .debug_ranges  0x00000f78       0x28 C:/nxp/MCUXpressoIDE_25.6.136/ide/plugins/com.nxp.mcuxpresso.tools.win32_25.6.0.202501151204/tools/bin/../lib/gcc/arm-none-eabi/14.2.1/../../../../arm-none-eabi/lib/thumb/v6-m/nofp\libcr_c.a(fflush.o)
 .debug_ranges  0x00000fa0       0x10 C:/nxp/MCUXpressoIDE_25.6.136/ide/plugins/com.nxp.mcuxpresso.tools.win32_25.6.0.202501151204/tools/bin/../lib/gcc/arm-none-eabi/14.2.1/../../../../arm-none-eabi/lib/thumb/v6-m/nofp\libcr_c.a(fseek.o)
 .debug_ranges  0x00000fb0       0x10 C:/nxp/MCUXpressoIDE_25.6.136/ide/plugins/com.nxp.mcuxpresso.tools.win32_25.6.0.202501151204/tools/bin/../lib/gcc/arm-none-eabi/14.2.1/../../../../arm-none-eabi/lib/thumb/v6-m/nofp\libcr_c.a(ftell.o)
 .debug_ranges  0x00000fc0       0x18 C:/nxp/MCUXpressoIDE_25.6.136/ide/plugins/com.nxp.mcuxpresso.tools.win32_25.6.0.202501151204/tools/bin/../lib/gcc/arm-none-eabi/14.2.1/../../../../arm-none-eabi/lib/thumb/v6-m/nofp\libcr_c.a(remove.o)
 .debug_ranges  0x00000fd8       0x10 C:/nxp/MCUXpressoIDE_25.6.136/ide/plugins/com.nxp.mcuxpresso.tools.win32_25.6.0.202501151204/tools/bin/../lib/gcc/arm-none-eabi/14.2.1/../../../../arm-none-eabi/lib/thumb/v6-m/nofp\libcr_c.a(__init_alloc.o)
 .debug_ranges  0x00000fe8       0x10 C:/nxp/MCUXpressoIDE_25.6.136/ide/plugins/com.nxp.mcuxpresso.tools.win32_25.6.0.202501151204/tools/bin/../lib/gcc/arm-none-eabi/14.2.1/../../../../arm-none-eabi/lib/thumb/v6-m/nofp\libcr_c.a(_cr_sbrk.o)
 .debug_ranges  0x00000ff8       0x28 C:/nxp/MCUXpressoIDE_25.6.136/ide/plugins/com.nxp.mcuxpresso.tools.win32_25.6.0.202501151204/tools/bin/../lib/gcc/arm-none-eabi/14.2.1/../../../../arm-none-eabi/lib/thumb/v6-m/nofp\libcr_c.a(_do_fflush.o)