C:\Users\Tanase\Desktop\Proiect MP MCUProjects\MKL25Z4_Main_Project\CMSIS/core_cm0plus.h:745:22:NVIC_EnableIRQ	16	static
C:\Users\Tanase\Desktop\Proiect MP MCUProjects\MKL25Z4_Main_Project\CMSIS/core_cm0plus.h:804:22:NVIC_SetPriority	24	static
C:\Users\Tanase\Desktop\Proiect MP MCUProjects\MKL25Z4_Main_Project\drivers/fsl_clock.h:584:20:CLOCK_EnableClock	24	static
C:\Users\Tanase\Desktop\Proiect MP MCUProjects\MKL25Z4_Main_Project\drivers/fsl_common.h:212:20:EnableIRQ	16	static
C:\Users\Tanase\Desktop\Proiect MP MCUProjects\MKL25Z4_Main_Project\drivers/fsl_adc16.h:500:24:ADC16_GetChannelConversionValue	16	static
C:\Users\Tanase\Desktop\Proiect MP MCUProjects\MKL25Z4_Main_Project\drivers/fsl_port.h:321:20:PORT_SetPinMux	24	static
C:\Users\Tanase\Desktop\Proiect MP MCUProjects\MKL25Z4_Main_Project\drivers/fsl_port.h:389:20:PORT_SetPinInterruptConfig	24	static
C:\Users\Tanase\Desktop\Proiect MP MCUProjects\MKL25Z4_Main_Project\drivers/fsl_port.h:407:24:PORT_GetPinsInterruptFlags	16	static
C:\Users\Tanase\Desktop\Proiect MP MCUProjects\MKL25Z4_Main_Project\drivers/fsl_port.h:418:20:PORT_ClearPinsInterruptFlags	16	static
../source/drivers/joystick.c:21:6:PORTD_IRQHandler	16	static
../source/drivers/joystick.c:29:6:Joystick_Init	24	static
../source/drivers/joystick.c:56:17:ReadADC	24	static
../source/drivers/joystick.c:63:6:Joystick_Process	24	static
../source/drivers/joystick.c:74:13:Joystick_GetMenuAction	8	static
../source/drivers/joystick.c:88:9:Joystick_GetY_Percent	8	static
