C:\Users\Tanase\Desktop\Proiect MP MCUProjects\TestProjects\MKL25Z4_Display_My_test\CMSIS/core_cm0plus.h:745:22:NVIC_EnableIRQ	16	static
C:\Users\Tanase\Desktop\Proiect MP MCUProjects\TestProjects\MKL25Z4_Display_My_test\CMSIS/core_cm0plus.h:804:22:NVIC_SetPriority	24	static
C:\Users\Tanase\Desktop\Proiect MP MCUProjects\TestProjects\MKL25Z4_Display_My_test\CMSIS/core_cm0plus.h:885:26:SysTick_Config	16	static
C:\Users\Tanase\Desktop\Proiect MP MCUProjects\TestProjects\MKL25Z4_Display_My_test\drivers/fsl_clock.h:584:20:CLOCK_EnableClock	24	static
C:\Users\Tanase\Desktop\Proiect MP MCUProjects\TestProjects\MKL25Z4_Display_My_test\drivers/fsl_clock.h:614:20:CLOCK_SetTpmClock	16	static
C:\Users\Tanase\Desktop\Proiect MP MCUProjects\TestProjects\MKL25Z4_Display_My_test\drivers/fsl_common.h:212:20:EnableIRQ	16	static
C:\Users\Tanase\Desktop\Proiect MP MCUProjects\TestProjects\MKL25Z4_Display_My_test\drivers/fsl_adc16.h:500:24:ADC16_GetChannelConversionValue	16	static
C:\Users\Tanase\Desktop\Proiect MP MCUProjects\TestProjects\MKL25Z4_Display_My_test\drivers/fsl_port.h:321:20:PORT_SetPinMux	24	static
C:\Users\Tanase\Desktop\Proiect MP MCUProjects\TestProjects\MKL25Z4_Display_My_test\drivers/fsl_port.h:389:20:PORT_SetPinInterruptConfig	24	static
C:\Users\Tanase\Desktop\Proiect MP MCUProjects\TestProjects\MKL25Z4_Display_My_test\drivers/fsl_port.h:407:24:PORT_GetPinsInterruptFlags	16	static
C:\Users\Tanase\Desktop\Proiect MP MCUProjects\TestProjects\MKL25Z4_Display_My_test\drivers/fsl_port.h:418:20:PORT_ClearPinsInterruptFlags	16	static
../source/MKL25Z4_Display_My_test.c:228:6:SysTick_Handler	8	static
../source/MKL25Z4_Display_My_test.c:232:6:Timer_Init	8	static
../source/MKL25Z4_Display_My_test.c:237:10:Timer_GetMs	8	static
../source/MKL25Z4_Display_My_test.c:241:6:delay_ms	24	static
../source/MKL25Z4_Display_My_test.c:248:6:Timer_Elapsed	16	static
../source/MKL25Z4_Display_My_test.c:256:13:GetInputName	16	static
../source/MKL25Z4_Display_My_test.c:267:6:IsCPUInput	16	static
../source/MKL25Z4_Display_My_test.c:271:6:IsInputAvailable	16	static
../source/MKL25Z4_Display_My_test.c:283:6:UI_PrintStats	32	static
../source/MKL25Z4_Display_My_test.c:307:6:PORTD_IRQHandler	16	static
../source/MKL25Z4_Display_My_test.c:315:17:Joystick_ReadADC	24	static
../source/MKL25Z4_Display_My_test.c:326:6:Joystick_Init	24	static
../source/MKL25Z4_Display_My_test.c:352:6:Joystick_Process	24	static
../source/MKL25Z4_Display_My_test.c:368:13:Joystick_GetMenuAction	8	static
../source/MKL25Z4_Display_My_test.c:387:9:Joystick_GetY_Percent	8	static
../source/MKL25Z4_Display_My_test.c:395:6:TPM0_IRQHandler	8	static
../source/MKL25Z4_Display_My_test.c:412:6:PORTA_IRQHandler	16	static
../source/MKL25Z4_Display_My_test.c:431:6:IR_DecodeNEC	32	static
../source/MKL25Z4_Display_My_test.c:471:6:IR_Init	16	static
../source/MKL25Z4_Display_My_test.c:488:6:TPM0_Init	8	static
../source/MKL25Z4_Display_My_test.c:502:13:IR_GetMenuAction	16	static
../source/MKL25Z4_Display_My_test.c:538:6:IR_ProcessGameInput	16	static
../source/MKL25Z4_Display_My_test.c:584:8:IR_GetCurrentDirection	8	static
../source/MKL25Z4_Display_My_test.c:588:6:IR_ResetGameState	8	static
../source/MKL25Z4_Display_My_test.c:596:6:IR_CheckPauseOnly	16	static
../source/MKL25Z4_Display_My_test.c:616:6:IR_IsPausePressed	16	static
../source/MKL25Z4_Display_My_test.c:647:9:AI_PredictBallY	32	static
../source/MKL25Z4_Display_My_test.c:674:6:AI_UpdatePaddle	56	static
../source/MKL25Z4_Display_My_test.c:740:6:Game_Init	8	static
../source/MKL25Z4_Display_My_test.c:781:6:Game_DrawField	24	static
../source/MKL25Z4_Display_My_test.c:796:6:Game_DrawScore	32	static
../source/MKL25Z4_Display_My_test.c:813:6:Game_DrawPaddle	32	static
../source/MKL25Z4_Display_My_test.c:836:6:Game_RedrawCenterLine	24	static
../source/MKL25Z4_Display_My_test.c:842:6:Game_DrawBall	32	static
../source/MKL25Z4_Display_My_test.c:866:6:Game_ResetBall	32	static
../source/MKL25Z4_Display_My_test.c:884:6:Game_Update	40	static
../source/MKL25Z4_Display_My_test.c:1016:6:Game_Start	24	static
../source/MKL25Z4_Display_My_test.c:1063:6:DrawTitle	24	static
../source/MKL25Z4_Display_My_test.c:1069:6:DrawMenuItem	40	static
../source/MKL25Z4_Display_My_test.c:1084:6:DrawInputMenuItem	56	static
../source/MKL25Z4_Display_My_test.c:1113:6:DrawBackOption	40	static
../source/MKL25Z4_Display_My_test.c:1126:6:DrawMainScreen	56	static
../source/MKL25Z4_Display_My_test.c:1148:6:DrawStartScreen	8	static
../source/MKL25Z4_Display_My_test.c:1157:6:DrawSelectInputScreen	40	static
../source/MKL25Z4_Display_My_test.c:1176:6:DrawSelectP1Screen	8	static
../source/MKL25Z4_Display_My_test.c:1187:6:DrawSelectP2Screen	8	static
../source/MKL25Z4_Display_My_test.c:1198:6:DrawDifficultyScreen	16	static
../source/MKL25Z4_Display_My_test.c:1224:6:DrawGameOverScreen	72	static
../source/MKL25Z4_Display_My_test.c:1254:6:DrawPausedScreen	16	static
../source/MKL25Z4_Display_My_test.c:1290:6:DrawBMOFace	24	static
../source/MKL25Z4_Display_My_test.c:1330:6:PlayIntroAnimation	216	static
../source/MKL25Z4_Display_My_test.c:1602:6:DrawCurrentScreen	8	static
../source/MKL25Z4_Display_My_test.c:1652:6:Menu_MoveUp	8	static
../source/MKL25Z4_Display_My_test.c:1658:6:Menu_MoveDown	8	static
../source/MKL25Z4_Display_My_test.c:1664:6:ChangeScreen	16	static
../source/MKL25Z4_Display_My_test.c:1670:6:Menu_Select	40	static
../source/MKL25Z4_Display_My_test.c:1768:6:ProcessMenuInput	24	static
../source/MKL25Z4_Display_My_test.c:1781:6:ProcessGameInput	24	static
../source/MKL25Z4_Display_My_test.c:1853:5:main	32	static
