C:\Users\Tanase\Desktop\Proiect MP MCUProjects\TestProjects\MKL25Z4_Display_My_test\CMSIS/core_cm0plus.h:745:22:NVIC_EnableIRQ	16	static
C:\Users\Tanase\Desktop\Proiect MP MCUProjects\TestProjects\MKL25Z4_Display_My_test\CMSIS/core_cm0plus.h:804:22:NVIC_SetPriority	24	static
C:\Users\Tanase\Desktop\Proiect MP MCUProjects\TestProjects\MKL25Z4_Display_My_test\CMSIS/core_cm0plus.h:885:26:SysTick_Config	16	static
C:\Users\Tanase\Desktop\Proiect MP MCUProjects\TestProjects\MKL25Z4_Display_My_test\drivers/fsl_clock.h:584:20:CLOCK_EnableClock	24	static
C:\Users\Tanase\Desktop\Proiect MP MCUProjects\TestProjects\MKL25Z4_Display_My_test\drivers/fsl_clock.h:614:20:CLOCK_SetTpmClock	16	static
C:\Users\Tanase\Desktop\Proiect MP MCUProjects\TestProjects\MKL25Z4_Display_My_test\drivers/fsl_common.h:212:20:EnableIRQ	16	static
C:\Users\Tanase\Desktop\Proiect MP MCUProjects\TestProjects\MKL25Z4_Display_My_test\drivers/fsl_uart.h:555:23:UART_ReadByte	16	static
C:\Users\Tanase\Desktop\Proiect MP MCUProjects\TestProjects\MKL25Z4_Display_My_test\drivers/fsl_adc16.h:500:24:ADC16_GetChannelConversionValue	16	static
C:\Users\Tanase\Desktop\Proiect MP MCUProjects\TestProjects\MKL25Z4_Display_My_test\drivers/fsl_port.h:321:20:PORT_SetPinMux	24	static
C:\Users\Tanase\Desktop\Proiect MP MCUProjects\TestProjects\MKL25Z4_Display_My_test\drivers/fsl_port.h:389:20:PORT_SetPinInterruptConfig	24	static
C:\Users\Tanase\Desktop\Proiect MP MCUProjects\TestProjects\MKL25Z4_Display_My_test\drivers/fsl_port.h:407:24:PORT_GetPinsInterruptFlags	16	static
C:\Users\Tanase\Desktop\Proiect MP MCUProjects\TestProjects\MKL25Z4_Display_My_test\drivers/fsl_port.h:418:20:PORT_ClearPinsInterruptFlags	16	static
../source/MKL25Z4_Display_My_test.c:231:6:SysTick_Handler	8	static
../source/MKL25Z4_Display_My_test.c:235:6:Timer_Init	8	static
../source/MKL25Z4_Display_My_test.c:240:10:Timer_GetMs	8	static
../source/MKL25Z4_Display_My_test.c:244:6:delay_ms	24	static
../source/MKL25Z4_Display_My_test.c:251:6:Timer_Elapsed	16	static
../source/MKL25Z4_Display_My_test.c:259:13:GetInputName	16	static
../source/MKL25Z4_Display_My_test.c:271:6:IsCPUInput	16	static
../source/MKL25Z4_Display_My_test.c:275:6:IsInputAvailable	16	static
../source/MKL25Z4_Display_My_test.c:287:6:UI_PrintStats	32	static
../source/MKL25Z4_Display_My_test.c:311:6:PORTD_IRQHandler	16	static
../source/MKL25Z4_Display_My_test.c:319:17:Joystick_ReadADC	24	static
../source/MKL25Z4_Display_My_test.c:330:6:Joystick_Init	24	static
../source/MKL25Z4_Display_My_test.c:356:6:Joystick_Process	24	static
../source/MKL25Z4_Display_My_test.c:372:13:Joystick_GetMenuAction	8	static
../source/MKL25Z4_Display_My_test.c:391:9:Joystick_GetY_Percent	8	static
../source/MKL25Z4_Display_My_test.c:399:6:TPM0_IRQHandler	8	static
../source/MKL25Z4_Display_My_test.c:416:6:PORTA_IRQHandler	16	static
../source/MKL25Z4_Display_My_test.c:435:6:IR_DecodeNEC	32	static
../source/MKL25Z4_Display_My_test.c:475:6:IR_Init	16	static
../source/MKL25Z4_Display_My_test.c:492:6:TPM0_Init	8	static
../source/MKL25Z4_Display_My_test.c:506:13:IR_GetMenuAction	16	static
../source/MKL25Z4_Display_My_test.c:542:6:IR_ProcessGameInput	16	static
../source/MKL25Z4_Display_My_test.c:588:8:IR_GetCurrentDirection	8	static
../source/MKL25Z4_Display_My_test.c:592:6:IR_ResetGameState	8	static
../source/MKL25Z4_Display_My_test.c:600:6:IR_CheckPauseOnly	16	static
../source/MKL25Z4_Display_My_test.c:620:6:IR_IsPausePressed	16	static
../source/MKL25Z4_Display_My_test.c:662:6:Gyro_Init	16	static
../source/MKL25Z4_Display_My_test.c:685:5:Gyro_Check_UART_Data	24	static
../source/MKL25Z4_Display_My_test.c:714:9:Map_Angle_To_Paddle	24	static
../source/MKL25Z4_Display_My_test.c:728:13:Gyro_GetCompassDir	16	static
../source/MKL25Z4_Display_My_test.c:741:6:Gyro_Process_Data	88	static
../source/MKL25Z4_Display_My_test.c:783:9:Gyro_GetPaddleY	8	static
../source/MKL25Z4_Display_My_test.c:787:6:Gyro_IsActive	8	static
../source/MKL25Z4_Display_My_test.c:796:9:AI_PredictBallY	32	static
../source/MKL25Z4_Display_My_test.c:823:6:AI_UpdatePaddle	56	static
../source/MKL25Z4_Display_My_test.c:889:6:Game_Init	8	static
../source/MKL25Z4_Display_My_test.c:937:6:Game_DrawField	24	static
../source/MKL25Z4_Display_My_test.c:952:6:Game_DrawScore	32	static
../source/MKL25Z4_Display_My_test.c:969:6:Game_DrawPaddle	40	static
../source/MKL25Z4_Display_My_test.c:1000:6:Game_RedrawCenterLine	24	static
../source/MKL25Z4_Display_My_test.c:1006:6:Game_DrawBall	32	static
../source/MKL25Z4_Display_My_test.c:1030:6:Game_ResetBall	32	static
../source/MKL25Z4_Display_My_test.c:1048:6:Game_Update	48	static
../source/MKL25Z4_Display_My_test.c:1209:6:Game_Start	24	static
../source/MKL25Z4_Display_My_test.c:1256:6:DrawTitle	24	static
../source/MKL25Z4_Display_My_test.c:1262:6:DrawMenuItem	40	static
../source/MKL25Z4_Display_My_test.c:1277:6:DrawInputMenuItem	56	static
../source/MKL25Z4_Display_My_test.c:1306:6:DrawBackOption	40	static
../source/MKL25Z4_Display_My_test.c:1319:6:DrawMainScreen	56	static
../source/MKL25Z4_Display_My_test.c:1341:6:DrawStartScreen	8	static
../source/MKL25Z4_Display_My_test.c:1350:6:DrawSelectInputScreen	40	static
../source/MKL25Z4_Display_My_test.c:1369:6:DrawSelectP1Screen	8	static
../source/MKL25Z4_Display_My_test.c:1379:6:DrawSelectP2Screen	8	static
../source/MKL25Z4_Display_My_test.c:1389:6:DrawDifficultyScreen	16	static
../source/MKL25Z4_Display_My_test.c:1415:6:DrawGameOverScreen	72	static
../source/MKL25Z4_Display_My_test.c:1445:6:DrawPausedScreen	16	static
../source/MKL25Z4_Display_My_test.c:1481:6:DrawBMOFace	24	static
../source/MKL25Z4_Display_My_test.c:1521:6:PlayIntroAnimation	216	static
../source/MKL25Z4_Display_My_test.c:1793:6:DrawCurrentScreen	8	static
../source/MKL25Z4_Display_My_test.c:1843:6:Menu_MoveUp	8	static
../source/MKL25Z4_Display_My_test.c:1849:6:Menu_MoveDown	8	static
../source/MKL25Z4_Display_My_test.c:1855:6:ChangeScreen	16	static
../source/MKL25Z4_Display_My_test.c:1861:6:Menu_Select	40	static
../source/MKL25Z4_Display_My_test.c:1959:6:ProcessMenuInput	24	static
../source/MKL25Z4_Display_My_test.c:1972:6:ProcessGameInput	24	static
../source/MKL25Z4_Display_My_test.c:2044:5:main	32	static
