C:\Users\Calin\an4\sem1\Micro\FRDM_Pong\TestProjects\MKL25Z4_Display_My_test\CMSIS/core_cm0plus.h:745:22:NVIC_EnableIRQ	16	static
C:\Users\Calin\an4\sem1\Micro\FRDM_Pong\TestProjects\MKL25Z4_Display_My_test\CMSIS/core_cm0plus.h:804:22:NVIC_SetPriority	24	static
C:\Users\Calin\an4\sem1\Micro\FRDM_Pong\TestProjects\MKL25Z4_Display_My_test\CMSIS/core_cm0plus.h:885:26:SysTick_Config	16	static
C:\Users\Calin\an4\sem1\Micro\FRDM_Pong\TestProjects\MKL25Z4_Display_My_test\drivers/fsl_clock.h:584:20:CLOCK_EnableClock	24	static
C:\Users\Calin\an4\sem1\Micro\FRDM_Pong\TestProjects\MKL25Z4_Display_My_test\drivers/fsl_common.h:212:20:EnableIRQ	16	static
C:\Users\Calin\an4\sem1\Micro\FRDM_Pong\TestProjects\MKL25Z4_Display_My_test\drivers/fsl_adc16.h:500:24:ADC16_GetChannelConversionValue	16	static
C:\Users\Calin\an4\sem1\Micro\FRDM_Pong\TestProjects\MKL25Z4_Display_My_test\drivers/fsl_port.h:321:20:PORT_SetPinMux	24	static
C:\Users\Calin\an4\sem1\Micro\FRDM_Pong\TestProjects\MKL25Z4_Display_My_test\drivers/fsl_port.h:389:20:PORT_SetPinInterruptConfig	24	static
C:\Users\Calin\an4\sem1\Micro\FRDM_Pong\TestProjects\MKL25Z4_Display_My_test\drivers/fsl_port.h:407:24:PORT_GetPinsInterruptFlags	16	static
C:\Users\Calin\an4\sem1\Micro\FRDM_Pong\TestProjects\MKL25Z4_Display_My_test\drivers/fsl_port.h:418:20:PORT_ClearPinsInterruptFlags	16	static
../source/MKL25Z4_Display_My_test.c:181:6:SysTick_Handler	8	static
../source/MKL25Z4_Display_My_test.c:186:6:Timer_Init	8	static
../source/MKL25Z4_Display_My_test.c:194:10:Timer_GetMs	8	static
../source/MKL25Z4_Display_My_test.c:199:6:delay_ms	24	static
../source/MKL25Z4_Display_My_test.c:208:6:Timer_Elapsed	16	static
../source/MKL25Z4_Display_My_test.c:221:6:PORTD_IRQHandler	16	static
../source/MKL25Z4_Display_My_test.c:230:17:Joystick_ReadADC	24	static
../source/MKL25Z4_Display_My_test.c:242:6:Joystick_Init	24	static
../source/MKL25Z4_Display_My_test.c:274:6:Joystick_Process	24	static
../source/MKL25Z4_Display_My_test.c:294:13:Joystick_GetMenuAction	8	static
../source/MKL25Z4_Display_My_test.c:316:9:Joystick_GetY_Percent	8	static
../source/MKL25Z4_Display_My_test.c:321:13:GetInputName	16	static
../source/MKL25Z4_Display_My_test.c:334:6:IsCPUInput	16	static
../source/MKL25Z4_Display_My_test.c:339:6:IsInputAvailable	16	static
../source/MKL25Z4_Display_My_test.c:370:9:AI_PredictBallY	32	static
../source/MKL25Z4_Display_My_test.c:401:6:AI_UpdatePaddle	56	static
../source/MKL25Z4_Display_My_test.c:497:6:Game_Init	8	static
../source/MKL25Z4_Display_My_test.c:539:6:Game_DrawField	24	static
../source/MKL25Z4_Display_My_test.c:553:6:Game_DrawScore	24	static
../source/MKL25Z4_Display_My_test.c:573:6:Game_DrawPaddle	32	static
../source/MKL25Z4_Display_My_test.c:596:6:Game_RedrawCenterLine	24	static
../source/MKL25Z4_Display_My_test.c:604:6:Game_DrawBall	24	static
../source/MKL25Z4_Display_My_test.c:628:6:Game_ResetBall	32	static
../source/MKL25Z4_Display_My_test.c:650:6:Game_Update	32	static
../source/MKL25Z4_Display_My_test.c:803:6:Game_Start	24	static
../source/MKL25Z4_Display_My_test.c:859:6:DrawTitle	24	static
../source/MKL25Z4_Display_My_test.c:866:6:DrawMenuItem	40	static
../source/MKL25Z4_Display_My_test.c:892:6:DrawInputMenuItem	56	static
../source/MKL25Z4_Display_My_test.c:939:6:DrawBackOption	40	static
../source/MKL25Z4_Display_My_test.c:957:6:DrawMainScreen	48	static
../source/MKL25Z4_Display_My_test.c:977:6:DrawStartScreen	8	static
../source/MKL25Z4_Display_My_test.c:987:6:DrawSelectInputScreen	40	static
../source/MKL25Z4_Display_My_test.c:1014:6:DrawSelectP1Screen	8	static
../source/MKL25Z4_Display_My_test.c:1027:6:DrawSelectP2Screen	8	static
../source/MKL25Z4_Display_My_test.c:1040:6:DrawDifficultyScreen	16	static
../source/MKL25Z4_Display_My_test.c:1069:6:DrawGameOverScreen	72	static
../source/MKL25Z4_Display_My_test.c:1106:6:DrawPausedScreen	16	static
../source/MKL25Z4_Display_My_test.c:1150:6:DrawBMOFace	24	static
../source/MKL25Z4_Display_My_test.c:1203:6:PlayIntroAnimation	224	static
../source/MKL25Z4_Display_My_test.c:1535:6:DrawCurrentScreen	8	static
../source/MKL25Z4_Display_My_test.c:1589:6:Menu_MoveUp	8	static
../source/MKL25Z4_Display_My_test.c:1599:6:Menu_MoveDown	8	static
../source/MKL25Z4_Display_My_test.c:1608:6:ChangeScreen	16	static
../source/MKL25Z4_Display_My_test.c:1615:6:Menu_Select	48	static
../source/MKL25Z4_Display_My_test.c:1786:6:ReadKeyboard	8	static
../source/MKL25Z4_Display_My_test.c:1795:6:ProcessMenuKeyboardInput	16	static
../source/MKL25Z4_Display_My_test.c:1857:6:ProcessGameKeyboardInput	16	static
../source/MKL25Z4_Display_My_test.c:1921:6:ProcessKeyboardInput	24	static
../source/MKL25Z4_Display_My_test.c:1935:6:ProcessJoystickMenuInput	24	static
../source/MKL25Z4_Display_My_test.c:1954:6:ProcessJoystickGameInput	24	static
../source/MKL25Z4_Display_My_test.c:2013:5:main	32	static
