C:\Users\Tanase\Desktop\Proiect MP MCUProjects\TestProjects\MKL25Z4_Display_My_test\CMSIS/core_cm0plus.h:745:22:NVIC_EnableIRQ	16	static
C:\Users\Tanase\Desktop\Proiect MP MCUProjects\TestProjects\MKL25Z4_Display_My_test\CMSIS/core_cm0plus.h:804:22:NVIC_SetPriority	24	static
C:\Users\Tanase\Desktop\Proiect MP MCUProjects\TestProjects\MKL25Z4_Display_My_test\CMSIS/core_cm0plus.h:885:26:SysTick_Config	16	static
C:\Users\Tanase\Desktop\Proiect MP MCUProjects\TestProjects\MKL25Z4_Display_My_test\drivers/fsl_clock.h:584:20:CLOCK_EnableClock	24	static
C:\Users\Tanase\Desktop\Proiect MP MCUProjects\TestProjects\MKL25Z4_Display_My_test\drivers/fsl_clock.h:614:20:CLOCK_SetTpmClock	16	static
C:\Users\Tanase\Desktop\Proiect MP MCUProjects\TestProjects\MKL25Z4_Display_My_test\drivers/fsl_common.h:212:20:EnableIRQ	16	static
C:\Users\Tanase\Desktop\Proiect MP MCUProjects\TestProjects\MKL25Z4_Display_My_test\drivers/fsl_uart.h:555:23:UART_ReadByte	16	static
C:\Users\Tanase\Desktop\Proiect MP MCUProjects\TestProjects\MKL25Z4_Display_My_test\drivers/fsl_adc16.h:500:24:ADC16_GetChannelConversionValue	16	static
C:\Users\Tanase\Desktop\Proiect MP MCUProjects\TestProjects\MKL25Z4_Display_My_test\drivers/fsl_port.h:321:20:PORT_SetPinMux	24	static
C:\Users\Tanase\Desktop\Proiect MP MCUProjects\TestProjects\MKL25Z4_Display_My_test\drivers/fsl_port.h:389:20:PORT_SetPinInterruptConfig	24	static
C:\Users\Tanase\Desktop\Proiect MP MCUProjects\TestProjects\MKL25Z4_Display_My_test\drivers/fsl_port.h:407:24:PORT_GetPinsInterruptFlags	16	static
C:\Users\Tanase\Desktop\Proiect MP MCUProjects\TestProjects\MKL25Z4_Display_My_test\drivers/fsl_port.h:418:20:PORT_ClearPinsInterruptFlags	16	static
../source/MKL25Z4_Display_My_test.c:234:6:SysTick_Handler	8	static
../source/MKL25Z4_Display_My_test.c:238:6:Timer_Init	8	static
../source/MKL25Z4_Display_My_test.c:243:10:Timer_GetMs	8	static
../source/MKL25Z4_Display_My_test.c:247:6:delay_ms	24	static
../source/MKL25Z4_Display_My_test.c:254:6:Timer_Elapsed	16	static
../source/MKL25Z4_Display_My_test.c:262:13:GetInputName	16	static
../source/MKL25Z4_Display_My_test.c:274:6:IsCPUInput	16	static
../source/MKL25Z4_Display_My_test.c:278:6:IsInputAvailable	16	static
../source/MKL25Z4_Display_My_test.c:290:6:UI_PrintStats	32	static
../source/MKL25Z4_Display_My_test.c:314:6:PORTD_IRQHandler	16	static
../source/MKL25Z4_Display_My_test.c:322:17:Joystick_ReadADC	24	static
../source/MKL25Z4_Display_My_test.c:333:6:Joystick_Init	24	static
../source/MKL25Z4_Display_My_test.c:359:6:Joystick_Process	24	static
../source/MKL25Z4_Display_My_test.c:375:13:Joystick_GetMenuAction	8	static
../source/MKL25Z4_Display_My_test.c:394:9:Joystick_GetY_Percent	8	static
../source/MKL25Z4_Display_My_test.c:402:6:TPM0_IRQHandler	8	static
../source/MKL25Z4_Display_My_test.c:419:6:PORTA_IRQHandler	16	static
../source/MKL25Z4_Display_My_test.c:438:6:IR_DecodeNEC	32	static
../source/MKL25Z4_Display_My_test.c:478:6:IR_Init	16	static
../source/MKL25Z4_Display_My_test.c:495:6:TPM0_Init	8	static
../source/MKL25Z4_Display_My_test.c:509:13:IR_GetMenuAction	16	static
../source/MKL25Z4_Display_My_test.c:545:6:IR_ProcessGameInput	16	static
../source/MKL25Z4_Display_My_test.c:591:8:IR_GetCurrentDirection	8	static
../source/MKL25Z4_Display_My_test.c:595:6:IR_ResetGameState	8	static
../source/MKL25Z4_Display_My_test.c:603:6:IR_CheckPauseOnly	16	static
../source/MKL25Z4_Display_My_test.c:623:6:IR_IsPausePressed	16	static
../source/MKL25Z4_Display_My_test.c:661:6:Gyro_Init	16	static
../source/MKL25Z4_Display_My_test.c:683:9:Map_Angle_To_Paddle	24	static
../source/MKL25Z4_Display_My_test.c:698:5:Gyro_Check_UART_Data	24	static
../source/MKL25Z4_Display_My_test.c:725:6:Gyro_Process_Data	88	static
../source/MKL25Z4_Display_My_test.c:782:6:Gyro_Process	8	static
../source/MKL25Z4_Display_My_test.c:788:9:Gyro_GetPaddleY	8	static
../source/MKL25Z4_Display_My_test.c:792:6:Gyro_IsActive	8	static
../source/MKL25Z4_Display_My_test.c:800:9:AI_PredictBallY	32	static
../source/MKL25Z4_Display_My_test.c:827:6:AI_UpdatePaddle	56	static
../source/MKL25Z4_Display_My_test.c:893:6:Game_Init	8	static
../source/MKL25Z4_Display_My_test.c:941:6:Game_DrawField	24	static
../source/MKL25Z4_Display_My_test.c:956:6:Game_DrawScore	32	static
../source/MKL25Z4_Display_My_test.c:973:6:Game_DrawPaddle	40	static
../source/MKL25Z4_Display_My_test.c:1004:6:Game_RedrawCenterLine	24	static
../source/MKL25Z4_Display_My_test.c:1010:6:Game_DrawBall	32	static
../source/MKL25Z4_Display_My_test.c:1034:6:Game_ResetBall	32	static
../source/MKL25Z4_Display_My_test.c:1052:6:Game_Update	40	static
../source/MKL25Z4_Display_My_test.c:1188:6:Game_Start	24	static
../source/MKL25Z4_Display_My_test.c:1235:6:DrawTitle	24	static
../source/MKL25Z4_Display_My_test.c:1241:6:DrawMenuItem	40	static
../source/MKL25Z4_Display_My_test.c:1256:6:DrawInputMenuItem	56	static
../source/MKL25Z4_Display_My_test.c:1285:6:DrawBackOption	40	static
../source/MKL25Z4_Display_My_test.c:1298:6:DrawMainScreen	56	static
../source/MKL25Z4_Display_My_test.c:1320:6:DrawStartScreen	8	static
../source/MKL25Z4_Display_My_test.c:1329:6:DrawSelectInputScreen	40	static
../source/MKL25Z4_Display_My_test.c:1348:6:DrawSelectP1Screen	8	static
../source/MKL25Z4_Display_My_test.c:1358:6:DrawSelectP2Screen	8	static
../source/MKL25Z4_Display_My_test.c:1368:6:DrawDifficultyScreen	16	static
../source/MKL25Z4_Display_My_test.c:1394:6:DrawGameOverScreen	72	static
../source/MKL25Z4_Display_My_test.c:1424:6:DrawPausedScreen	16	static
../source/MKL25Z4_Display_My_test.c:1460:6:DrawBMOFace	24	static
../source/MKL25Z4_Display_My_test.c:1500:6:PlayIntroAnimation	216	static
../source/MKL25Z4_Display_My_test.c:1772:6:DrawCurrentScreen	8	static
../source/MKL25Z4_Display_My_test.c:1822:6:Menu_MoveUp	8	static
../source/MKL25Z4_Display_My_test.c:1828:6:Menu_MoveDown	8	static
../source/MKL25Z4_Display_My_test.c:1834:6:ChangeScreen	16	static
../source/MKL25Z4_Display_My_test.c:1840:6:Menu_Select	40	static
../source/MKL25Z4_Display_My_test.c:1938:6:ProcessMenuInput	24	static
../source/MKL25Z4_Display_My_test.c:1951:6:ProcessGameInput	24	static
../source/MKL25Z4_Display_My_test.c:2023:5:main	32	static
