C:\Users\Calin\an4\sem1\Micro\FRDM_Pong\TestProjects\MKL25Z4_Display_My_test\CMSIS/core_cm0plus.h:745:22:NVIC_EnableIRQ	16	static
C:\Users\Calin\an4\sem1\Micro\FRDM_Pong\TestProjects\MKL25Z4_Display_My_test\CMSIS/core_cm0plus.h:804:22:NVIC_SetPriority	24	static
C:\Users\Calin\an4\sem1\Micro\FRDM_Pong\TestProjects\MKL25Z4_Display_My_test\CMSIS/core_cm0plus.h:885:26:SysTick_Config	16	static
C:\Users\Calin\an4\sem1\Micro\FRDM_Pong\TestProjects\MKL25Z4_Display_My_test\drivers/fsl_clock.h:584:20:CLOCK_EnableClock	24	static
C:\Users\Calin\an4\sem1\Micro\FRDM_Pong\TestProjects\MKL25Z4_Display_My_test\drivers/fsl_clock.h:614:20:CLOCK_SetTpmClock	16	static
C:\Users\Calin\an4\sem1\Micro\FRDM_Pong\TestProjects\MKL25Z4_Display_My_test\drivers/fsl_common.h:212:20:EnableIRQ	16	static
C:\Users\Calin\an4\sem1\Micro\FRDM_Pong\TestProjects\MKL25Z4_Display_My_test\drivers/fsl_gpio.h:175:20:GPIO_SetPinsOutput	16	static
C:\Users\Calin\an4\sem1\Micro\FRDM_Pong\TestProjects\MKL25Z4_Display_My_test\drivers/fsl_gpio.h:186:20:GPIO_ClearPinsOutput	16	static
C:\Users\Calin\an4\sem1\Micro\FRDM_Pong\TestProjects\MKL25Z4_Display_My_test\drivers/fsl_gpio.h:197:20:GPIO_TogglePinsOutput	16	static
C:\Users\Calin\an4\sem1\Micro\FRDM_Pong\TestProjects\MKL25Z4_Display_My_test\drivers/fsl_uart.h:555:23:UART_ReadByte	16	static
C:\Users\Calin\an4\sem1\Micro\FRDM_Pong\TestProjects\MKL25Z4_Display_My_test\drivers/fsl_adc16.h:500:24:ADC16_GetChannelConversionValue	16	static
C:\Users\Calin\an4\sem1\Micro\FRDM_Pong\TestProjects\MKL25Z4_Display_My_test\drivers/fsl_port.h:321:20:PORT_SetPinMux	24	static
C:\Users\Calin\an4\sem1\Micro\FRDM_Pong\TestProjects\MKL25Z4_Display_My_test\drivers/fsl_port.h:389:20:PORT_SetPinInterruptConfig	24	static
C:\Users\Calin\an4\sem1\Micro\FRDM_Pong\TestProjects\MKL25Z4_Display_My_test\drivers/fsl_port.h:407:24:PORT_GetPinsInterruptFlags	16	static
C:\Users\Calin\an4\sem1\Micro\FRDM_Pong\TestProjects\MKL25Z4_Display_My_test\drivers/fsl_port.h:418:20:PORT_ClearPinsInterruptFlags	16	static
../source/MKL25Z4_Display_My_test.c:283:6:SysTick_Handler	8	static
../source/MKL25Z4_Display_My_test.c:287:6:Timer_Init	8	static
../source/MKL25Z4_Display_My_test.c:292:10:Timer_GetMs	8	static
../source/MKL25Z4_Display_My_test.c:296:6:delay_ms	24	static
../source/MKL25Z4_Display_My_test.c:303:6:Timer_Elapsed	16	static
../source/MKL25Z4_Display_My_test.c:311:6:LED_Arcade_Init	16	static
../source/MKL25Z4_Display_My_test.c:337:6:LED_GoalFlash	24	static
../source/MKL25Z4_Display_My_test.c:355:6:LED_BothFlash	32	static
../source/MKL25Z4_Display_My_test.c:365:6:LED_AlternatingFlash	24	static
../source/MKL25Z4_Display_My_test.c:376:6:LED_VictoryPulse	24	static
../source/MKL25Z4_Display_My_test.c:397:6:Buzzer_Init	8	static
../source/MKL25Z4_Display_My_test.c:423:6:Buzzer_Tone	24	static
../source/MKL25Z4_Display_My_test.c:452:6:Buzzer_Off	8	static
../source/MKL25Z4_Display_My_test.c:456:6:Buzzer_SetEnabled	16	static
../source/MKL25Z4_Display_My_test.c:505:6:Buzzer_PlayMelodyBlocking	16	static
../source/MKL25Z4_Display_My_test.c:517:6:Buzzer_PlayNextNote	8	static
../source/MKL25Z4_Display_My_test.c:529:6:Buzzer_StartMelody	8	static
../source/MKL25Z4_Display_My_test.c:534:6:Buzzer_StopMelody	8	static
../source/MKL25Z4_Display_My_test.c:540:6:Buzzer_GoalSound	8	static
../source/MKL25Z4_Display_My_test.c:552:6:Buzzer_StartSound	8	static
../source/MKL25Z4_Display_My_test.c:562:6:Buzzer_GameOverSound	8	static
../source/MKL25Z4_Display_My_test.c:575:13:GetInputName	16	static
../source/MKL25Z4_Display_My_test.c:587:6:IsCPUInput	16	static
../source/MKL25Z4_Display_My_test.c:591:6:IsInputAvailable	16	static
../source/MKL25Z4_Display_My_test.c:603:6:UI_PrintStats	32	static
../source/MKL25Z4_Display_My_test.c:627:6:PORTD_IRQHandler	16	static
../source/MKL25Z4_Display_My_test.c:635:17:Joystick_ReadADC	24	static
../source/MKL25Z4_Display_My_test.c:646:6:Joystick_Init	24	static
../source/MKL25Z4_Display_My_test.c:672:6:Joystick_Process	24	static
../source/MKL25Z4_Display_My_test.c:688:13:Joystick_GetMenuAction	8	static
../source/MKL25Z4_Display_My_test.c:707:9:Joystick_GetY_Percent	8	static
../source/MKL25Z4_Display_My_test.c:715:6:TPM0_IRQHandler	8	static
../source/MKL25Z4_Display_My_test.c:732:6:PORTA_IRQHandler	16	static
../source/MKL25Z4_Display_My_test.c:751:6:IR_DecodeNEC	32	static
../source/MKL25Z4_Display_My_test.c:791:6:IR_Init	16	static
../source/MKL25Z4_Display_My_test.c:808:6:TPM0_Init	8	static
../source/MKL25Z4_Display_My_test.c:822:13:IR_GetMenuAction	16	static
../source/MKL25Z4_Display_My_test.c:858:6:IR_ProcessGameInput	16	static
../source/MKL25Z4_Display_My_test.c:904:8:IR_GetCurrentDirection	8	static
../source/MKL25Z4_Display_My_test.c:908:6:IR_ResetGameState	8	static
../source/MKL25Z4_Display_My_test.c:916:6:IR_CheckPauseOnly	16	static
../source/MKL25Z4_Display_My_test.c:936:6:IR_IsPausePressed	16	static
../source/MKL25Z4_Display_My_test.c:978:6:Gyro_Init	16	static
../source/MKL25Z4_Display_My_test.c:1001:5:Gyro_Check_UART_Data	24	static
../source/MKL25Z4_Display_My_test.c:1030:9:Map_Angle_To_Paddle	24	static
../source/MKL25Z4_Display_My_test.c:1044:13:Gyro_GetCompassDir	16	static
../source/MKL25Z4_Display_My_test.c:1057:6:Gyro_Process_Data	88	static
../source/MKL25Z4_Display_My_test.c:1099:9:Gyro_GetPaddleY	8	static
../source/MKL25Z4_Display_My_test.c:1103:6:Gyro_IsActive	8	static
../source/MKL25Z4_Display_My_test.c:1112:9:AI_PredictBallY	32	static
../source/MKL25Z4_Display_My_test.c:1139:6:AI_UpdatePaddle	56	static
../source/MKL25Z4_Display_My_test.c:1205:6:Game_Init	8	static
../source/MKL25Z4_Display_My_test.c:1253:6:Game_DrawField	24	static
../source/MKL25Z4_Display_My_test.c:1268:6:Game_DrawScore	32	static
../source/MKL25Z4_Display_My_test.c:1285:6:Game_DrawPaddle	40	static
../source/MKL25Z4_Display_My_test.c:1316:6:Game_RedrawCenterLine	24	static
../source/MKL25Z4_Display_My_test.c:1322:6:Game_DrawBall	32	static
../source/MKL25Z4_Display_My_test.c:1346:6:Game_ResetBall	32	static
../source/MKL25Z4_Display_My_test.c:1364:6:Game_Update	48	static
../source/MKL25Z4_Display_My_test.c:1529:6:Game_Start	24	static
../source/MKL25Z4_Display_My_test.c:1593:6:DrawTitle	24	static
../source/MKL25Z4_Display_My_test.c:1599:6:DrawMenuItem	40	static
../source/MKL25Z4_Display_My_test.c:1614:6:DrawInputMenuItem	56	static
../source/MKL25Z4_Display_My_test.c:1643:6:DrawBackOption	40	static
../source/MKL25Z4_Display_My_test.c:1656:6:DrawMainScreen	56	static
../source/MKL25Z4_Display_My_test.c:1681:6:DrawStartScreen	8	static
../source/MKL25Z4_Display_My_test.c:1690:6:DrawSelectInputScreen	40	static
../source/MKL25Z4_Display_My_test.c:1712:6:DrawSelectP1Screen	8	static
../source/MKL25Z4_Display_My_test.c:1726:6:DrawSelectP2Screen	8	static
../source/MKL25Z4_Display_My_test.c:1740:6:DrawDifficultyScreen	16	static
../source/MKL25Z4_Display_My_test.c:1766:6:DrawGameOverScreen	72	static
../source/MKL25Z4_Display_My_test.c:1801:6:DrawPausedScreen	16	static
../source/MKL25Z4_Display_My_test.c:1837:6:DrawBMOFace	24	static
../source/MKL25Z4_Display_My_test.c:1877:6:PlayIntroAnimation	224	static
../source/MKL25Z4_Display_My_test.c:2192:6:DrawCurrentScreen	8	static
../source/MKL25Z4_Display_My_test.c:2242:6:Menu_MoveUp	8	static
../source/MKL25Z4_Display_My_test.c:2248:6:Menu_MoveDown	8	static
../source/MKL25Z4_Display_My_test.c:2254:6:ChangeScreen	16	static
../source/MKL25Z4_Display_My_test.c:2260:6:Menu_Select	40	static
../source/MKL25Z4_Display_My_test.c:2358:6:ProcessMenuInput	24	static
../source/MKL25Z4_Display_My_test.c:2371:6:ProcessGameInput	24	static
../source/MKL25Z4_Display_My_test.c:2443:5:main	48	static
