C:\Users\Tanase\Desktop\Proiect MP MCUProjects\TestProjects\MKL25Z4_Display_My_test\CMSIS/core_cm0plus.h:745:22:NVIC_EnableIRQ	16	static
C:\Users\Tanase\Desktop\Proiect MP MCUProjects\TestProjects\MKL25Z4_Display_My_test\CMSIS/core_cm0plus.h:791:22:NVIC_ClearPendingIRQ	16	static
C:\Users\Tanase\Desktop\Proiect MP MCUProjects\TestProjects\MKL25Z4_Display_My_test\CMSIS/core_cm0plus.h:804:22:NVIC_SetPriority	24	static
C:\Users\Tanase\Desktop\Proiect MP MCUProjects\TestProjects\MKL25Z4_Display_My_test\CMSIS/core_cm0plus.h:885:26:SysTick_Config	16	static
C:\Users\Tanase\Desktop\Proiect MP MCUProjects\TestProjects\MKL25Z4_Display_My_test\drivers/fsl_clock.h:584:20:CLOCK_EnableClock	24	static
C:\Users\Tanase\Desktop\Proiect MP MCUProjects\TestProjects\MKL25Z4_Display_My_test\drivers/fsl_clock.h:614:20:CLOCK_SetTpmClock	16	static
C:\Users\Tanase\Desktop\Proiect MP MCUProjects\TestProjects\MKL25Z4_Display_My_test\drivers/fsl_common.h:212:20:EnableIRQ	16	static
C:\Users\Tanase\Desktop\Proiect MP MCUProjects\TestProjects\MKL25Z4_Display_My_test\drivers/fsl_gpio.h:175:20:GPIO_SetPinsOutput	16	static
C:\Users\Tanase\Desktop\Proiect MP MCUProjects\TestProjects\MKL25Z4_Display_My_test\drivers/fsl_gpio.h:186:20:GPIO_ClearPinsOutput	16	static
C:\Users\Tanase\Desktop\Proiect MP MCUProjects\TestProjects\MKL25Z4_Display_My_test\drivers/fsl_gpio.h:197:20:GPIO_TogglePinsOutput	16	static
C:\Users\Tanase\Desktop\Proiect MP MCUProjects\TestProjects\MKL25Z4_Display_My_test\drivers/fsl_uart.h:555:23:UART_ReadByte	16	static
C:\Users\Tanase\Desktop\Proiect MP MCUProjects\TestProjects\MKL25Z4_Display_My_test\drivers/fsl_adc16.h:500:24:ADC16_GetChannelConversionValue	16	static
C:\Users\Tanase\Desktop\Proiect MP MCUProjects\TestProjects\MKL25Z4_Display_My_test\drivers/fsl_port.h:321:20:PORT_SetPinMux	24	static
C:\Users\Tanase\Desktop\Proiect MP MCUProjects\TestProjects\MKL25Z4_Display_My_test\drivers/fsl_port.h:389:20:PORT_SetPinInterruptConfig	24	static
C:\Users\Tanase\Desktop\Proiect MP MCUProjects\TestProjects\MKL25Z4_Display_My_test\drivers/fsl_port.h:407:24:PORT_GetPinsInterruptFlags	16	static
C:\Users\Tanase\Desktop\Proiect MP MCUProjects\TestProjects\MKL25Z4_Display_My_test\drivers/fsl_port.h:418:20:PORT_ClearPinsInterruptFlags	16	static
../source/MKL25Z4_Display_My_test.c:293:6:SysTick_Handler	8	static
../source/MKL25Z4_Display_My_test.c:297:6:Timer_Init	8	static
../source/MKL25Z4_Display_My_test.c:302:10:Timer_GetMs	8	static
../source/MKL25Z4_Display_My_test.c:306:6:delay_ms	24	static
../source/MKL25Z4_Display_My_test.c:313:6:Timer_Elapsed	16	static
../source/MKL25Z4_Display_My_test.c:321:6:PIT_Init	24	static
../source/MKL25Z4_Display_My_test.c:356:6:PIT_IRQHandler	8	static
../source/MKL25Z4_Display_My_test.c:375:6:LED_Arcade_Init	16	static
../source/MKL25Z4_Display_My_test.c:401:6:LED_GoalFlash	24	static
../source/MKL25Z4_Display_My_test.c:419:6:LED_BothFlash	32	static
../source/MKL25Z4_Display_My_test.c:429:6:LED_AlternatingFlash	24	static
../source/MKL25Z4_Display_My_test.c:440:6:LED_VictoryPulse	24	static
../source/MKL25Z4_Display_My_test.c:461:6:Buzzer_Init	8	static
../source/MKL25Z4_Display_My_test.c:487:6:Buzzer_Tone	24	static
../source/MKL25Z4_Display_My_test.c:516:6:Buzzer_Off	8	static
../source/MKL25Z4_Display_My_test.c:520:6:Buzzer_SetEnabled	16	static
../source/MKL25Z4_Display_My_test.c:529:6:Buzzer_GoalSound	8	static
../source/MKL25Z4_Display_My_test.c:541:6:Buzzer_StartSound	8	static
../source/MKL25Z4_Display_My_test.c:551:6:Buzzer_GameOverSound	8	static
../source/MKL25Z4_Display_My_test.c:564:13:GetInputName	16	static
../source/MKL25Z4_Display_My_test.c:576:6:IsCPUInput	16	static
../source/MKL25Z4_Display_My_test.c:580:6:IsInputAvailable	16	static
../source/MKL25Z4_Display_My_test.c:592:6:UI_PrintStats	32	static
../source/MKL25Z4_Display_My_test.c:616:6:PORTD_IRQHandler	16	static
../source/MKL25Z4_Display_My_test.c:624:17:Joystick_ReadADC	24	static
../source/MKL25Z4_Display_My_test.c:635:6:Joystick_Init	24	static
../source/MKL25Z4_Display_My_test.c:661:6:Joystick_Process	24	static
../source/MKL25Z4_Display_My_test.c:677:13:Joystick_GetMenuAction	8	static
../source/MKL25Z4_Display_My_test.c:696:9:Joystick_GetY_Percent	8	static
../source/MKL25Z4_Display_My_test.c:704:6:TPM0_IRQHandler	8	static
../source/MKL25Z4_Display_My_test.c:721:6:PORTA_IRQHandler	16	static
../source/MKL25Z4_Display_My_test.c:740:6:IR_DecodeNEC	32	static
../source/MKL25Z4_Display_My_test.c:780:6:IR_Init	16	static
../source/MKL25Z4_Display_My_test.c:797:6:TPM0_Init	8	static
../source/MKL25Z4_Display_My_test.c:811:13:IR_GetMenuAction	16	static
../source/MKL25Z4_Display_My_test.c:847:6:IR_ProcessGameInput	16	static
../source/MKL25Z4_Display_My_test.c:893:8:IR_GetCurrentDirection	8	static
../source/MKL25Z4_Display_My_test.c:897:6:IR_ResetGameState	8	static
../source/MKL25Z4_Display_My_test.c:905:6:IR_CheckPauseOnly	16	static
../source/MKL25Z4_Display_My_test.c:925:6:IR_IsPausePressed	16	static
../source/MKL25Z4_Display_My_test.c:967:6:Gyro_Init	16	static
../source/MKL25Z4_Display_My_test.c:990:5:Gyro_Check_UART_Data	24	static
../source/MKL25Z4_Display_My_test.c:1019:9:Map_Angle_To_Paddle	24	static
../source/MKL25Z4_Display_My_test.c:1033:13:Gyro_GetCompassDir	16	static
../source/MKL25Z4_Display_My_test.c:1046:6:Gyro_Process_Data	88	static
../source/MKL25Z4_Display_My_test.c:1088:9:Gyro_GetPaddleY	8	static
../source/MKL25Z4_Display_My_test.c:1092:6:Gyro_IsActive	8	static
../source/MKL25Z4_Display_My_test.c:1101:9:AI_PredictBallY	32	static
../source/MKL25Z4_Display_My_test.c:1128:6:AI_UpdatePaddle	56	static
../source/MKL25Z4_Display_My_test.c:1194:6:Game_Init	8	static
../source/MKL25Z4_Display_My_test.c:1242:6:Game_DrawField	24	static
../source/MKL25Z4_Display_My_test.c:1257:6:Game_DrawScore	32	static
../source/MKL25Z4_Display_My_test.c:1274:6:Game_DrawPaddle	40	static
../source/MKL25Z4_Display_My_test.c:1305:6:Game_RedrawCenterLine	24	static
../source/MKL25Z4_Display_My_test.c:1311:6:Game_DrawBall	32	static
../source/MKL25Z4_Display_My_test.c:1335:6:Game_ResetBall	32	static
../source/MKL25Z4_Display_My_test.c:1353:6:Game_Update	48	static
../source/MKL25Z4_Display_My_test.c:1518:6:Game_Start	24	static
../source/MKL25Z4_Display_My_test.c:1582:6:DrawTitle	24	static
../source/MKL25Z4_Display_My_test.c:1588:6:DrawMenuItem	40	static
../source/MKL25Z4_Display_My_test.c:1603:6:DrawInputMenuItem	56	static
../source/MKL25Z4_Display_My_test.c:1632:6:DrawBackOption	40	static
../source/MKL25Z4_Display_My_test.c:1645:6:DrawMainScreen	56	static
../source/MKL25Z4_Display_My_test.c:1669:6:DrawStartScreen	8	static
../source/MKL25Z4_Display_My_test.c:1678:6:DrawSelectInputScreen	40	static
../source/MKL25Z4_Display_My_test.c:1700:6:DrawSelectP1Screen	8	static
../source/MKL25Z4_Display_My_test.c:1714:6:DrawSelectP2Screen	8	static
../source/MKL25Z4_Display_My_test.c:1728:6:DrawDifficultyScreen	16	static
../source/MKL25Z4_Display_My_test.c:1754:6:DrawGameOverScreen	72	static
../source/MKL25Z4_Display_My_test.c:1789:6:DrawPausedScreen	16	static
../source/MKL25Z4_Display_My_test.c:1825:6:DrawBMOFace	24	static
../source/MKL25Z4_Display_My_test.c:1865:6:PlayIntroAnimation	216	static
../source/MKL25Z4_Display_My_test.c:2168:6:DrawCurrentScreen	8	static
../source/MKL25Z4_Display_My_test.c:2218:6:Menu_MoveUp	8	static
../source/MKL25Z4_Display_My_test.c:2224:6:Menu_MoveDown	8	static
../source/MKL25Z4_Display_My_test.c:2230:6:ChangeScreen	16	static
../source/MKL25Z4_Display_My_test.c:2236:6:Menu_Select	40	static
../source/MKL25Z4_Display_My_test.c:2334:6:ProcessMenuInput	24	static
../source/MKL25Z4_Display_My_test.c:2347:6:ProcessGameInput	24	static
../source/MKL25Z4_Display_My_test.c:2435:5:main	8	static
