../source/MKL25Z4_Display_My_test.c:79:6:delay_ms	24	static
../source/MKL25Z4_Display_My_test.c:84:13:GetInputName	16	static
../source/MKL25Z4_Display_My_test.c:94:6:IsInputAvailable	16	static
../source/MKL25Z4_Display_My_test.c:108:6:DrawTitle	24	static
../source/MKL25Z4_Display_My_test.c:115:6:DrawMenuItem	40	static
../source/MKL25Z4_Display_My_test.c:141:6:DrawInputMenuItem	56	static
../source/MKL25Z4_Display_My_test.c:183:6:DrawBackOption	40	static
../source/MKL25Z4_Display_My_test.c:201:6:DrawMainScreen	48	static
../source/MKL25Z4_Display_My_test.c:221:6:DrawStartScreen	8	static
../source/MKL25Z4_Display_My_test.c:231:6:DrawSelectInputScreen	40	static
../source/MKL25Z4_Display_My_test.c:258:6:DrawSelectP1Screen	8	static
../source/MKL25Z4_Display_My_test.c:269:6:DrawSelectP2Screen	8	static
../source/MKL25Z4_Display_My_test.c:280:6:DrawCurrentScreen	8	static
../source/MKL25Z4_Display_My_test.c:311:6:Menu_MoveUp	8	static
../source/MKL25Z4_Display_My_test.c:321:6:Menu_MoveDown	8	static
../source/MKL25Z4_Display_My_test.c:330:6:ChangeScreen	16	static
../source/MKL25Z4_Display_My_test.c:337:6:Menu_Select	16	static
../source/MKL25Z4_Display_My_test.c:417:6:ReadKeyboard	8	static
../source/MKL25Z4_Display_My_test.c:426:6:ProcessKeyboardInput	24	static
../source/MKL25Z4_Display_My_test.c:523:5:main	8	static
