../source/MKL25Z4_Display_My_test.c:79:6:delay_ms	24	static
../source/MKL25Z4_Display_My_test.c:84:13:GetInputName	16	static
../source/MKL25Z4_Display_My_test.c:94:6:IsInputAvailable	16	static
../source/MKL25Z4_Display_My_test.c:108:6:DrawTitle	24	static
../source/MKL25Z4_Display_My_test.c:115:6:DrawMenuItem	40	static
../source/MKL25Z4_Display_My_test.c:141:6:DrawInputMenuItem	56	static
../source/MKL25Z4_Display_My_test.c:183:6:DrawBackOption	40	static
../source/MKL25Z4_Display_My_test.c:201:6:DrawMainScreen	48	static
../source/MKL25Z4_Display_My_test.c:219:6:DrawStartScreen	8	static
../source/MKL25Z4_Display_My_test.c:229:6:DrawSelectInputScreen	40	static
../source/MKL25Z4_Display_My_test.c:256:6:DrawSelectP1Screen	8	static
../source/MKL25Z4_Display_My_test.c:267:6:DrawSelectP2Screen	8	static
../source/MKL25Z4_Display_My_test.c:278:6:DrawCurrentScreen	8	static
../source/MKL25Z4_Display_My_test.c:309:6:Menu_MoveUp	8	static
../source/MKL25Z4_Display_My_test.c:319:6:Menu_MoveDown	8	static
../source/MKL25Z4_Display_My_test.c:328:6:ChangeScreen	16	static
../source/MKL25Z4_Display_My_test.c:335:6:Menu_Select	16	static
../source/MKL25Z4_Display_My_test.c:415:6:ReadKeyboard	8	static
../source/MKL25Z4_Display_My_test.c:424:6:ProcessKeyboardInput	24	static
../source/MKL25Z4_Display_My_test.c:521:5:main	8	static
